Archive member included to satisfy reference by file (symbol)

.\CortexM0\ARM_GCC_541\Debug\Bluetooth_Dev.a(CyLib.o)
                              .\CortexM0\ARM_GCC_541\Debug\cyfitter_cfg.o (CySysClkWriteImoFreq)
.\CortexM0\ARM_GCC_541\Debug\Bluetooth_Dev.a(CyLFClk.o)
                              .\CortexM0\ARM_GCC_541\Debug\cyfitter_cfg.o (CySysWdtIsr)
.\CortexM0\ARM_GCC_541\Debug\Bluetooth_Dev.a(UART.o)
                              .\CortexM0\ARM_GCC_541\Debug\main.o (UART_Start)
.\CortexM0\ARM_GCC_541\Debug\Bluetooth_Dev.a(UART_SPI_UART.o)
                              .\CortexM0\ARM_GCC_541\Debug\iprintf.o (UART_SpiUartWriteTxData)
.\CortexM0\ARM_GCC_541\Debug\Bluetooth_Dev.a(UART_UART.o)
                              .\CortexM0\ARM_GCC_541\Debug\Bluetooth_Dev.a(UART.o) (UART_UartInit)
.\CortexM0\ARM_GCC_541\Debug\Bluetooth_Dev.a(SS.o)
                              .\CortexM0\ARM_GCC_541\Debug\main.o (SS_Write)
.\CortexM0\ARM_GCC_541\Debug\Bluetooth_Dev.a(SPI.o)
                              .\CortexM0\ARM_GCC_541\Debug\main.o (SPI_WriteTxData)
.\CortexM0\ARM_GCC_541\Debug\Bluetooth_Dev.a(INT_PIN.o)
                              .\CortexM0\ARM_GCC_541\Debug\Usb.o (INT_PIN_Read)
.\CortexM0\ARM_GCC_541\Debug\Bluetooth_Dev.a(Millis_Timer.o)
                              .\CortexM0\ARM_GCC_541\Debug\main.o (Millis_Timer_Start)
.\CortexM0\ARM_GCC_541\Debug\Bluetooth_Dev.a(CyBootAsmGnu.o)
                              .\CortexM0\ARM_GCC_541\Debug\Bluetooth_Dev.a(CyLib.o) (CyDelayCycles)
c:/program files (x86)/cypress/psoc creator/4.1/psoc creator/import/gnu/arm/5.4.1/bin/../lib/gcc/arm-none-eabi/5.4.1/../../../../arm-none-eabi/lib/armv6-m\libstdc++_nano.a(si_class_type_info.o)
                              .\CortexM0\ARM_GCC_541\Debug\Usb.o (vtable for __cxxabiv1::__si_class_type_info)
c:/program files (x86)/cypress/psoc creator/4.1/psoc creator/import/gnu/arm/5.4.1/bin/../lib/gcc/arm-none-eabi/5.4.1/../../../../arm-none-eabi/lib/armv6-m\libstdc++_nano.a(vmi_class_type_info.o)
                              .\CortexM0\ARM_GCC_541\Debug\main.o (vtable for __cxxabiv1::__vmi_class_type_info)
c:/program files (x86)/cypress/psoc creator/4.1/psoc creator/import/gnu/arm/5.4.1/bin/../lib/gcc/arm-none-eabi/5.4.1/../../../../arm-none-eabi/lib/armv6-m\libstdc++_nano.a(tinfo.o)
                              c:/program files (x86)/cypress/psoc creator/4.1/psoc creator/import/gnu/arm/5.4.1/bin/../lib/gcc/arm-none-eabi/5.4.1/../../../../arm-none-eabi/lib/armv6-m\libstdc++_nano.a(si_class_type_info.o) (std::type_info::__is_function_p() const)
c:/program files (x86)/cypress/psoc creator/4.1/psoc creator/import/gnu/arm/5.4.1/bin/../lib/gcc/arm-none-eabi/5.4.1/../../../../arm-none-eabi/lib/armv6-m\libstdc++_nano.a(class_type_info.o)
                              c:/program files (x86)/cypress/psoc creator/4.1/psoc creator/import/gnu/arm/5.4.1/bin/../lib/gcc/arm-none-eabi/5.4.1/../../../../arm-none-eabi/lib/armv6-m\libstdc++_nano.a(si_class_type_info.o) (__cxxabiv1::__class_type_info::__do_upcast(__cxxabiv1::__class_type_info const*, void**) const)
c:/program files (x86)/cypress/psoc creator/4.1/psoc creator/import/gnu/arm/5.4.1/bin/../lib/gcc/arm-none-eabi/5.4.1/../../../../arm-none-eabi/lib/armv6-m\libstdc++_nano.a(pure.o)
                              .\CortexM0\ARM_GCC_541\Debug\main.o (__cxa_pure_virtual)
c:/program files (x86)/cypress/psoc creator/4.1/psoc creator/import/gnu/arm/5.4.1/bin/../lib/gcc/arm-none-eabi/5.4.1/../../../../arm-none-eabi/lib/armv6-m\libstdc++_nano.a(del_op.o)
                              c:/program files (x86)/cypress/psoc creator/4.1/psoc creator/import/gnu/arm/5.4.1/bin/../lib/gcc/arm-none-eabi/5.4.1/../../../../arm-none-eabi/lib/armv6-m\libstdc++_nano.a(si_class_type_info.o) (operator delete(void*))
c:/program files (x86)/cypress/psoc creator/4.1/psoc creator/import/gnu/arm/5.4.1/bin/../lib/gcc/arm-none-eabi/5.4.1/../../../../arm-none-eabi/lib/armv6-m\libstdc++_nano.a(eh_terminate.o)
                              c:/program files (x86)/cypress/psoc creator/4.1/psoc creator/import/gnu/arm/5.4.1/bin/../lib/gcc/arm-none-eabi/5.4.1/../../../../arm-none-eabi/lib/armv6-m\libstdc++_nano.a(pure.o) (std::terminate())
c:/program files (x86)/cypress/psoc creator/4.1/psoc creator/import/gnu/arm/5.4.1/bin/../lib/gcc/arm-none-eabi/5.4.1/../../../../arm-none-eabi/lib/armv6-m\libstdc++_nano.a(eh_term_handler.o)
                              c:/program files (x86)/cypress/psoc creator/4.1/psoc creator/import/gnu/arm/5.4.1/bin/../lib/gcc/arm-none-eabi/5.4.1/../../../../arm-none-eabi/lib/armv6-m\libstdc++_nano.a(eh_terminate.o) (__cxxabiv1::__terminate_handler)
c:/program files (x86)/cypress/psoc creator/4.1/psoc creator/import/gnu/arm/5.4.1/bin/../lib/gcc/arm-none-eabi/5.4.1/../../../../arm-none-eabi/lib/armv6-m\libstdc++_nano.a(eh_unex_handler.o)
[...]
Memory Configuration

Name             Origin             Length             Attributes
rom              0x00000000         0x00008000         xr
ram              0x20000000         0x00001000         xrw
*default*        0x00000000         0xffffffff

Linker script and memory map

LOAD c:/program files (x86)/cypress/psoc creator/4.1/psoc creator/import/gnu/arm/5.4.1/bin/../lib/gcc/arm-none-eabi/5.4.1/armv6-m/crti.o
LOAD c:/program files (x86)/cypress/psoc creator/4.1/psoc creator/import/gnu/arm/5.4.1/bin/../lib/gcc/arm-none-eabi/5.4.1/armv6-m/crtbegin.o
LOAD c:/program files (x86)/cypress/psoc creator/4.1/psoc creator/import/gnu/arm/5.4.1/bin/../lib/gcc/arm-none-eabi/5.4.1/../../../../arm-none-eabi/lib/armv6-m/crt0.o
START GROUP
LOAD .\CortexM0\ARM_GCC_541\Debug\main.o
LOAD .\CortexM0\ARM_GCC_541\Debug\usbhub.o
LOAD .\CortexM0\ARM_GCC_541\Debug\Arduino.o
LOAD .\CortexM0\ARM_GCC_541\Debug\Usb.o
LOAD .\CortexM0\ARM_GCC_541\Debug\usbhid.o
LOAD .\CortexM0\ARM_GCC_541\Debug\PS4Parser.o
LOAD .\CortexM0\ARM_GCC_541\Debug\parsetools.o
LOAD .\CortexM0\ARM_GCC_541\Debug\message.o
LOAD .\CortexM0\ARM_GCC_541\Debug\hidboot.o
LOAD .\CortexM0\ARM_GCC_541\Debug\BTHID.o
LOAD .\CortexM0\ARM_GCC_541\Debug\BTD.o
LOAD .\CortexM0\ARM_GCC_541\Debug\iprintf.o
LOAD .\CortexM0\ARM_GCC_541\Debug\cyfitter_cfg.o
LOAD .\CortexM0\ARM_GCC_541\Debug\cymetadata.o
LOAD .\CortexM0\ARM_GCC_541\Debug\Cm0Start.o
LOAD .\CortexM0\ARM_GCC_541\Debug\Bluetooth_Dev.a
LOAD C:\Program Files (x86)\Cypress\PSoC Creator\4.1\PSoC Creator\psoc\content\cycomponentlibrary\CyComponentLibrary.cylib\CortexM0\ARM_GCC_541\Debug\CyComponentLibrary.a
LOAD c:/program files (x86)/cypress/psoc creator/4.1/psoc creator/import/gnu/arm/5.4.1/bin/../lib/gcc/arm-none-eabi/5.4.1/../../../../arm-none-eabi/lib/armv6-m\libstdc++_nano.a
END GROUP
START GROUP
LOAD c:/program files (x86)/cypress/psoc creator/4.1/psoc creator/import/gnu/arm/5.4.1/bin/../lib/gcc/arm-none-eabi/5.4.1/armv6-m\libgcc.a
LOAD c:/program files (x86)/cypress/psoc creator/4.1/psoc creator/import/gnu/arm/5.4.1/bin/../lib/gcc/arm-none-eabi/5.4.1/../../../../arm-none-eabi/lib/armv6-m\libg_nano.a
LOAD c:/program files (x86)/cypress/psoc creator/4.1/psoc creator/import/gnu/arm/5.4.1/bin/../lib/gcc/arm-none-eabi/5.4.1/../../../../arm-none-eabi/lib/armv6-m\libc_nano.a
END GROUP
START GROUP
LOAD c:/program files (x86)/cypress/psoc creator/4.1/psoc creator/import/gnu/arm/5.4.1/bin/../lib/gcc/arm-none-eabi/5.4.1/armv6-m\libgcc.a
LOAD c:/program files (x86)/cypress/psoc creator/4.1/psoc creator/import/gnu/arm/5.4.1/bin/../lib/gcc/arm-none-eabi/5.4.1/../../../../arm-none-eabi/lib/armv6-m\libc_nano.a
END GROUP
LOAD c:/program files (x86)/cypress/psoc creator/4.1/psoc creator/import/gnu/arm/5.4.1/bin/../lib/gcc/arm-none-eabi/5.4.1/armv6-m/crtend.o
LOAD c:/program files (x86)/cypress/psoc creator/4.1/psoc creator/import/gnu/arm/5.4.1/bin/../lib/gcc/arm-none-eabi/5.4.1/armv6-m/crtn.o
START GROUP
LOAD c:/program files (x86)/cypress/psoc creator/4.1/psoc creator/import/gnu/arm/5.4.1/bin/../lib/gcc/arm-none-eabi/5.4.1/armv6-m\libgcc.a
LOAD c:/program files (x86)/cypress/psoc creator/4.1/psoc creator/import/gnu/arm/5.4.1/bin/../lib/gcc/arm-none-eabi/5.4.1/../../../../arm-none-eabi/lib/armv6-m\libc.a
LOAD c:/program files (x86)/cypress/psoc creator/4.1/psoc creator/import/gnu/arm/5.4.1/bin/../lib/gcc/arm-none-eabi/5.4.1/../../../../arm-none-eabi/lib/armv6-m\libnosys.a
END GROUP
                0x00000000                CY_APPL_ORIGIN = 0x0
                0x00000080                CY_FLASH_ROW_SIZE = 0x80
                0x00000001                CY_APPL_NUM = 0x1
                0x00000001                CY_APPL_MAX = 0x1
                0x00000040                CY_METADATA_SIZE = 0x40
                0x00000000                CY_APPL_LOADABLE = 0x0
                0x00000000                CY_CHECKSUM_EXCLUDE_SIZE = ALIGN (0x0, CY_FLASH_ROW_SIZE)
                0x00000000                CY_APP_FOR_STACK_AND_COPIER = 0x0
                [!provide]                PROVIDE (__cy_heap_start, _end)
                0x00000001                PROVIDE (__cy_region_num, ((__cy_regions_end - __cy_regions) / 0x10))
                0x20001000                PROVIDE (__cy_stack, (ORIGIN (ram) + LENGTH (ram)))
                [!provide]                PROVIDE (__cy_heap_end, (__cy_stack - 0x400))

.cybootloader   0x00000000        0x0
 *(.cybootloader)
                0x00000000                appl1_start = CY_APPL_ORIGIN?CY_APPL_ORIGIN:ALIGN (CY_FLASH_ROW_SIZE)
                0x00003f80                appl2_start = (appl1_start + ALIGN ((((LENGTH (rom) - appl1_start) - (0x2 * CY_FLASH_ROW_SIZE)) / 0x2), CY_FLASH_ROW_SIZE))
                0x00000000                appl_start = (CY_APPL_NUM == 0x1)?appl1_start:appl2_start
                0x00000001                cy_project_type_bootloader = (appl_start == 0x0)?0x1:0x0
                0x00000000                cy_project_type_app_for_stack_and_copier = (CY_APP_FOR_STACK_AND_COPIER == 0x1)?0x1:0x0

.text           0x00000000     0x645c
 CREATE_OBJECT_SYMBOLS
                0x00000000                PROVIDE (__cy_interrupt_vector, RomVectors)
 *(.romvectors)
 .romvectors    0x00000000       0x10 .\CortexM0\ARM_GCC_541\Debug\Cm0Start.o
                0x00000000                RomVectors
                0x00000001                ASSERT ((. != __cy_interrupt_vector), No interrupt vector)
                0x00000001                ASSERT (CY_APPL_ORIGIN?(SIZEOF (.cybootloader) <= CY_APPL_ORIGIN):0x1, Wrong image location)
                0x00000010                PROVIDE (__cy_reset, Reset)
 *(.text.Reset)
 .text.Reset    0x00000010        0x8 .\CortexM0\ARM_GCC_541\Debug\Cm0Start.o
                0x00000010                Reset
                0x00000001                ASSERT ((. != __cy_reset), No reset code)
 *(.psocinit)
 .psocinit      0x00000018      0x204 .\CortexM0\ARM_GCC_541\Debug\cyfitter_cfg.o
                0x00000018                cyfitter_cfg
                0x0000021c                . = MAX (., 0x100)
 *(.text .text.* .gnu.linkonce.t.*)
 .text          0x0000021c       0x60 c:/program files (x86)/cypress/psoc creator/4.1/psoc creator/import/gnu/arm/5.4.1/bin/../lib/gcc/arm-none-eabi/5.4.1/armv6-m/crtbegin.o
 .text._ZN5BTHID6onInitEv
                0x0000027c       0x18 .\CortexM0\ARM_GCC_541\Debug\main.o
                0x0000027c                BTHID::onInit()
 .text._ZN5PS4BT10ResetBTHIDEv
                0x00000294        0xc .\CortexM0\ARM_GCC_541\Debug\main.o
                0x00000294                PS4BT::ResetBTHID()
 .text._ZN5PS4BT16sendOutputReportEP9PS4Output
                0x000002a0       0x6c .\CortexM0\ARM_GCC_541\Debug\main.o
                0x000002a0                PS4BT::sendOutputReport(PS4Output*)
                0x000002fc                non-virtual thunk to PS4BT::sendOutputReport(PS4Output*)
 .text._ZN5PS4BT11OnInitBTHIDEv
                0x0000030c       0x4c .\CortexM0\ARM_GCC_541\Debug\main.o
                0x0000030c                PS4BT::OnInitBTHID()
 .text._ZN5PS4BT14ParseBTHIDDataEhPh
                0x00000358        0xc .\CortexM0\ARM_GCC_541\Debug\main.o
                0x00000358                PS4BT::ParseBTHIDData(unsigned char, unsigned char*)
 .text._ZN8MAX3421eI4TPinI5PortbLh2EES0_IS1_Lh1EEE5regWrEhh.isra.2
                0x00000364       0x30 .\CortexM0\ARM_GCC_541\Debug\main.o
 .text._ZN8MAX3421eI4TPinI5PortbLh2EES0_IS1_Lh1EEE5regRdEh.isra.3
                0x00000394       0x4c .\CortexM0\ARM_GCC_541\Debug\main.o
 .text._ZN8MAX3421eI4TPinI5PortbLh2EES0_IS1_Lh1EEE8busprobeEv
                0x000003e0       0x70 .\CortexM0\ARM_GCC_541\Debug\main.o
                0x000003e0                MAX3421e<TPin<Portb, (unsigned char)2>, TPin<Portb, (unsigned char)1> >::busprobe()
 .text._ZN8MAX3421eI4TPinI5PortbLh2EES0_IS1_Lh1EEE4InitEv
                0x00000450       0x94 .\CortexM0\ARM_GCC_541\Debug\main.o
                0x00000450                MAX3421e<TPin<Portb, (unsigned char)2>, TPin<Portb, (unsigned char)1> >::Init()
 .text.startup.main
                0x000004e4      0x58c .\CortexM0\ARM_GCC_541\Debug\main.o
                0x000004e4                main
 .text.startup._GLOBAL__sub_I_PORTB
                0x00000a70       0x60 .\CortexM0\ARM_GCC_541\Debug\main.o
 .text._ZN15USBDeviceConfig15ConfigureDeviceEhhb
                0x00000ad0        0x4 .\CortexM0\ARM_GCC_541\Debug\usbhub.o
                0x00000ad0                USBDeviceConfig::ConfigureDevice(unsigned char, unsigned char, bool)
 .text._ZN15USBDeviceConfig10GetAddressEv
                0x00000ad4        0x4 .\CortexM0\ARM_GCC_541\Debug\usbhub.o
                0x00000ad4                USBDeviceConfig::GetAddress()
 .text._ZN15USBDeviceConfig12ResetHubPortEh
                0x00000ad8        0x4 .\CortexM0\ARM_GCC_541\Debug\usbhub.o
                0x00000ad8                USBDeviceConfig::ResetHubPort(unsigned char)
 .text._ZN15USBDeviceConfig8VIDPIDOKEtt
                0x00000adc        0x4 .\CortexM0\ARM_GCC_541\Debug\usbhub.o
                0x00000adc                USBDeviceConfig::VIDPIDOK(unsigned short, unsigned short)
 .text._ZN15USBDeviceConfig10DEVCLASSOKEh
                0x00000ae0        0x4 .\CortexM0\ARM_GCC_541\Debug\usbhub.o
                0x00000ae0                USBDeviceConfig::DEVCLASSOK(unsigned char)
 .text._ZN15USBDeviceConfig13DEVSUBCLASSOKEh
                0x00000ae4        0x4 .\CortexM0\ARM_GCC_541\Debug\usbhub.o
                0x00000ae4                USBDeviceConfig::DEVSUBCLASSOK(unsigned char)
 .text.delay    0x00000ae8        0x8 .\CortexM0\ARM_GCC_541\Debug\Arduino.o
                0x00000ae8                delay
 .text.millis   0x00000af0       0x28 .\CortexM0\ARM_GCC_541\Debug\Arduino.o
                0x00000af0                millis
 .text._ZN15AddressPoolImplILh16EE12AllocAddressEhbh
                0x00000b18       0x8c .\CortexM0\ARM_GCC_541\Debug\Usb.o
                0x00000b18                AddressPoolImpl<(unsigned char)16>::AllocAddress(unsigned char, bool, unsigned char)
 .text._ZN8MAX3421eI4TPinI5PortbLh2EES0_IS1_Lh1EEE5regWrEhh.isra.0
                0x00000ba4       0x30 .\CortexM0\ARM_GCC_541\Debug\Usb.o
 .text._ZN8MAX3421eI4TPinI5PortbLh2EES0_IS1_Lh1EEE5regRdEh.isra.1
                0x00000bd4       0x4c .\CortexM0\ARM_GCC_541\Debug\Usb.o
 .text._ZN8MAX3421eI4TPinI5PortbLh2EES0_IS1_Lh1EEE7bytesWrEhhPh.isra.2
                0x00000c20       0x50 .\CortexM0\ARM_GCC_541\Debug\Usb.o
 .text._ZN15AddressPoolImplILh16EE15GetUsbDevicePtrEh
                0x00000c70       0x30 .\CortexM0\ARM_GCC_541\Debug\Usb.o
                0x00000c70                AddressPoolImpl<(unsigned char)16>::GetUsbDevicePtr(unsigned char)
 .text._ZN15AddressPoolImplILh16EE18FreeAddressByIndexEh.part.8.constprop.11
                0x00000ca0      0x2c4 .\CortexM0\ARM_GCC_541\Debug\Usb.o
 .text._ZN15AddressPoolImplILh16EE11FreeAddressEh
                0x00000f64       0xfc .\CortexM0\ARM_GCC_541\Debug\Usb.o
                0x00000f64                AddressPoolImpl<(unsigned char)16>::FreeAddress(unsigned char)
 .text._ZN3USBC2Ev
                0x00001060       0xa0 .\CortexM0\ARM_GCC_541\Debug\Usb.o
                0x00001060                USB::USB()
                0x00001060                USB::USB()
 .text._ZN3USB14getEpInfoEntryEhh
                0x00001100       0x78 .\CortexM0\ARM_GCC_541\Debug\Usb.o
                0x00001100                USB::getEpInfoEntry(unsigned char, unsigned char)
 .text._ZN3USB14setEpInfoEntryEhhP6EpInfo
                0x00001178       0x54 .\CortexM0\ARM_GCC_541\Debug\Usb.o
                0x00001178                USB::setEpInfoEntry(unsigned char, unsigned char, EpInfo*)
 .text._ZN3USB10SetAddressEhhPP6EpInfoPt
                0x000011cc       0xb0 .\CortexM0\ARM_GCC_541\Debug\Usb.o
                0x000011cc                USB::SetAddress(unsigned char, unsigned char, EpInfo**, unsigned short*)
 .text._ZN3USB11OutTransferEP6EpInfottPh
                0x0000127c      0x1a8 .\CortexM0\ARM_GCC_541\Debug\Usb.o
                0x0000127c                USB::OutTransfer(EpInfo*, unsigned short, unsigned short, unsigned char*)
 .text._ZN3USB11outTransferEhhtPh
                0x00001424       0x34 .\CortexM0\ARM_GCC_541\Debug\Usb.o
                0x00001424                USB::outTransfer(unsigned char, unsigned char, unsigned short, unsigned char*)
 .text._ZN3USB11dispatchPktEhht
                0x00001458       0xa4 .\CortexM0\ARM_GCC_541\Debug\Usb.o
                0x00001458                USB::dispatchPkt(unsigned char, unsigned char, unsigned short)
 .text._ZN3USB10InTransferEP6EpInfotPtPhh
                0x000014fc      0x188 .\CortexM0\ARM_GCC_541\Debug\Usb.o
                0x000014fc                USB::InTransfer(EpInfo*, unsigned short, unsigned short*, unsigned char*, unsigned char)
 .text._ZN3USB10inTransferEhhPtPhh
                0x00001684       0x44 .\CortexM0\ARM_GCC_541\Debug\Usb.o
                0x00001684                USB::inTransfer(unsigned char, unsigned char, unsigned short*, unsigned char*, unsigned char)
 .text._ZN3USB7ctrlReqEhhhhhhtttPhP13USBReadParser
                0x000016c8      0x174 .\CortexM0\ARM_GCC_541\Debug\Usb.o
                0x000016c8                USB::ctrlReq(unsigned char, unsigned char, unsigned char, unsigned char, unsigned char, unsigned char, unsigned short, unsigned short, unsigned short, unsigned char*, USBReadParser*)
 .text._ZN3USB13AttemptConfigEhhhb
                0x0000183c      0x10c .\CortexM0\ARM_GCC_541\Debug\Usb.o
                0x0000183c                USB::AttemptConfig(unsigned char, unsigned char, unsigned char, bool)
 .text._ZN3USB11getDevDescrEhhtPh
                0x00001948       0x28 .\CortexM0\ARM_GCC_541\Debug\Usb.o
                0x00001948                USB::getDevDescr(unsigned char, unsigned char, unsigned short, unsigned char*)
 .text._ZN3USB12getConfDescrEhhhP13USBReadParser
                0x00001970       0x70 .\CortexM0\ARM_GCC_541\Debug\Usb.o
                0x00001970                USB::getConfDescr(unsigned char, unsigned char, unsigned char, USBReadParser*)
 .text._ZN3USB7setAddrEhhh
                0x000019e0       0x30 .\CortexM0\ARM_GCC_541\Debug\Usb.o
                0x000019e0                USB::setAddr(unsigned char, unsigned char, unsigned char)
 .text._ZN3USB17DefaultAddressingEhhb
                0x00001a10      0x1b8 .\CortexM0\ARM_GCC_541\Debug\Usb.o
                0x00001a10                USB::DefaultAddressing(unsigned char, unsigned char, bool)
 .text._ZN3USB11ConfiguringEhhb
                0x00001bc8      0x1dc .\CortexM0\ARM_GCC_541\Debug\Usb.o
                0x00001bc8                USB::Configuring(unsigned char, unsigned char, bool)
 .text._ZN3USB7setConfEhhh
                0x00001da4       0x24 .\CortexM0\ARM_GCC_541\Debug\Usb.o
                0x00001da4                USB::setConf(unsigned char, unsigned char, unsigned char)
 .text._ZN3USB4TaskEv
                0x00001dc8      0x19c .\CortexM0\ARM_GCC_541\Debug\Usb.o
                0x00001dc8                USB::Task()
 .text._ZN9PS4Parser14getButtonClickE10ButtonEnum
                0x00001f64       0x30 .\CortexM0\ARM_GCC_541\Debug\PS4Parser.o
                0x00001f64                PS4Parser::getButtonClick(ButtonEnum)
 .text._ZN9PS4Parser15getAnalogButtonE10ButtonEnum
                0x00001f94       0x18 .\CortexM0\ARM_GCC_541\Debug\PS4Parser.o
                0x00001f94                PS4Parser::getAnalogButton(ButtonEnum)
 .text._ZN9PS4Parser12getAnalogHatE13AnalogHatEnum
                0x00001fac        0x8 .\CortexM0\ARM_GCC_541\Debug\PS4Parser.o
                0x00001fac                PS4Parser::getAnalogHat(AnalogHatEnum)
 .text._ZN9PS4Parser5ParseEhPh
                0x00001fb4       0xdc .\CortexM0\ARM_GCC_541\Debug\PS4Parser.o
                0x00001fb4                PS4Parser::Parse(unsigned char, unsigned char*)
 .text._ZN9PS4Parser5ResetEv
                0x00002090       0x8c .\CortexM0\ARM_GCC_541\Debug\PS4Parser.o
                0x00002090                PS4Parser::Reset()
 .text._ZN20MultiByteValueParser5ParseEPPhPt.part.0
                0x0000211c       0x48 .\CortexM0\ARM_GCC_541\Debug\parsetools.o
 .text._ZN20MultiByteValueParser5ParseEPPhPt
                0x00002164       0x14 .\CortexM0\ARM_GCC_541\Debug\parsetools.o
                0x00002164                MultiByteValueParser::Parse(unsigned char**, unsigned short*)
 .text._ZN5BTHID14ParseBTHIDDataEhPh
                0x00002178        0x4 .\CortexM0\ARM_GCC_541\Debug\BTHID.o
                0x00002178                BTHID::ParseBTHIDData(unsigned char, unsigned char*)
 .text._ZN5BTHID11OnInitBTHIDEv
                0x0000217c        0x4 .\CortexM0\ARM_GCC_541\Debug\BTHID.o
                0x0000217c                BTHID::OnInitBTHID()
 .text._ZN5BTHID10ResetBTHIDEv
                0x00002180        0x4 .\CortexM0\ARM_GCC_541\Debug\BTHID.o
                0x00002180                BTHID::ResetBTHID()
 .text._ZN5BTHID10disconnectEv
                0x00002184       0x30 .\CortexM0\ARM_GCC_541\Debug\BTHID.o
                0x00002184                BTHID::disconnect()
 .text._ZN5BTHID3RunEv
                0x000021b4       0xa8 .\CortexM0\ARM_GCC_541\Debug\BTHID.o
                0x000021b4                BTHID::Run()
 .text._ZN5BTHID5ResetEv
                0x0000225c       0x24 .\CortexM0\ARM_GCC_541\Debug\BTHID.o
                0x0000225c                BTHID::Reset()
 .text._ZN5BTHIDC2EP3BTDbPKc
                0x00002280       0x6c .\CortexM0\ARM_GCC_541\Debug\BTHID.o
                0x00002280                BTHID::BTHID(BTD*, bool, char const*)
                0x00002280                BTHID::BTHID(BTD*, bool, char const*)
 .text._ZN5BTHID11setProtocolEv
                0x000022ec       0x38 .\CortexM0\ARM_GCC_541\Debug\BTHID.o
                0x000022ec                BTHID::setProtocol()
 .text._ZN5BTHID10L2CAP_taskEv
                0x00002324      0x184 .\CortexM0\ARM_GCC_541\Debug\BTHID.o
                0x00002324                BTHID::L2CAP_task()
 .text._ZN5BTHID7ACLDataEPh
                0x000024a8      0x2c8 .\CortexM0\ARM_GCC_541\Debug\BTHID.o
                0x000024a8                BTHID::ACLData(unsigned char*)
 .text._ZN3BTD10GetAddressEv
                0x00002770        0x8 .\CortexM0\ARM_GCC_541\Debug\BTD.o
                0x00002770                BTD::GetAddress()
 .text._ZN3BTD7isReadyEv
                0x00002778        0x8 .\CortexM0\ARM_GCC_541\Debug\BTD.o
                0x00002778                BTD::isReady()
 .text._ZN3BTD10DEVCLASSOKEh
                0x00002780        0xc .\CortexM0\ARM_GCC_541\Debug\BTD.o
                0x00002780                BTD::DEVCLASSOK(unsigned char)
 .text._ZN3BTD8VIDPIDOKEtt
                0x0000278c       0x68 .\CortexM0\ARM_GCC_541\Debug\BTD.o
                0x0000278c                BTD::VIDPIDOK(unsigned short, unsigned short)
 .text._ZN16ConfigDescParserILh255ELh1ELh1ELh7EE5ParseEtPKhRKt
                0x000027f4      0x248 .\CortexM0\ARM_GCC_541\Debug\BTD.o
                0x000027f4                ConfigDescParser<(unsigned char)255, (unsigned char)1, (unsigned char)1, (unsigned char)7>::Parse(unsigned short, unsigned char const*, unsigned short const&)
 .text._ZN3BTD14EndpointXtractEhhhhPK23USB_ENDPOINT_DESCRIPTOR
                0x00002a3c       0x7c .\CortexM0\ARM_GCC_541\Debug\BTD.o
                0x00002a3c                BTD::EndpointXtract(unsigned char, unsigned char, unsigned char, unsigned char, USB_ENDPOINT_DESCRIPTOR const*)
 .text._ZThn4_N3BTD14EndpointXtractEhhhhPK23USB_ENDPOINT_DESCRIPTOR
                0x00002ab8       0x10 .\CortexM0\ARM_GCC_541\Debug\BTD.o
                0x00002ab8                non-virtual thunk to BTD::EndpointXtract(unsigned char, unsigned char, unsigned char, unsigned char, USB_ENDPOINT_DESCRIPTOR const*)
 .text._ZN16ConfigDescParserILh224ELh1ELh1ELh7EE5ParseEtPKhRKt
                0x00002ac8      0x248 .\CortexM0\ARM_GCC_541\Debug\BTD.o
                0x00002ac8                ConfigDescParser<(unsigned char)224, (unsigned char)1, (unsigned char)1, (unsigned char)7>::Parse(unsigned short, unsigned char const*, unsigned short const&)
 .text._ZN3BTD10InitializeEv
                0x00002d10       0xd0 .\CortexM0\ARM_GCC_541\Debug\BTD.o
                0x00002d10                BTD::Initialize()
 .text._ZN3BTDC2EP3USB
                0x00002de0       0x70 .\CortexM0\ARM_GCC_541\Debug\BTD.o
                0x00002de0                BTD::BTD(USB*)
                0x00002de0                BTD::BTD(USB*)
 .text._ZN3BTD15ConfigureDeviceEhhb
                0x00002e50      0x110 .\CortexM0\ARM_GCC_541\Debug\BTD.o
                0x00002e50                BTD::ConfigureDevice(unsigned char, unsigned char, bool)
 .text._ZN3BTD7ReleaseEv
                0x00002f60       0x18 .\CortexM0\ARM_GCC_541\Debug\BTD.o
                0x00002f60                BTD::Release()
 .text._ZN3BTD14ACL_event_taskEv
                0x00002f78       0x74 .\CortexM0\ARM_GCC_541\Debug\BTD.o
                0x00002f78                BTD::ACL_event_task()
 .text._ZN3BTD11HCI_CommandEPht
                0x00002fec       0x38 .\CortexM0\ARM_GCC_541\Debug\BTD.o
                0x00002fec                BTD::HCI_Command(unsigned char*, unsigned short)
 .text._ZN3BTD21hci_write_scan_enableEv
                0x00003024       0x40 .\CortexM0\ARM_GCC_541\Debug\BTD.o
                0x00003024                BTD::hci_write_scan_enable()
 .text._ZN3BTD21hci_accept_connectionEv
                0x00003064       0x58 .\CortexM0\ARM_GCC_541\Debug\BTD.o
                0x00003064                BTD::hci_accept_connection()
 .text._ZN3BTD15hci_remote_nameEv
                0x000030bc       0x68 .\CortexM0\ARM_GCC_541\Debug\BTD.o
                0x000030bc                BTD::hci_remote_name()
 .text._ZN3BTD18hci_set_local_nameEPKc
                0x00003124       0x58 .\CortexM0\ARM_GCC_541\Debug\BTD.o
                0x00003124                BTD::hci_set_local_name(char const*)
 .text._ZN3BTD11hci_inquiryEv
                0x0000317c       0x48 .\CortexM0\ARM_GCC_541\Debug\BTD.o
                0x0000317c                BTD::hci_inquiry()
 .text._ZN3BTD11hci_connectEPh
                0x000031c4       0x78 .\CortexM0\ARM_GCC_541\Debug\BTD.o
                0x000031c4                BTD::hci_connect(unsigned char*)
 .text._ZN3BTD8HCI_taskEv
                0x0000323c      0x40c .\CortexM0\ARM_GCC_541\Debug\BTD.o
                0x0000323c                BTD::HCI_task()
 .text._ZN3BTD26hci_pin_code_request_replyEv
                0x00003648       0xec .\CortexM0\ARM_GCC_541\Debug\BTD.o
                0x00003648                BTD::hci_pin_code_request_reply()
 .text._ZN3BTD35hci_pin_code_negative_request_replyEv
                0x00003734       0x48 .\CortexM0\ARM_GCC_541\Debug\BTD.o
                0x00003734                BTD::hci_pin_code_negative_request_reply()
 .text._ZN3BTD35hci_link_key_request_negative_replyEv
                0x0000377c       0x48 .\CortexM0\ARM_GCC_541\Debug\BTD.o
                0x0000377c                BTD::hci_link_key_request_negative_reply()
 .text._ZN3BTD14hci_disconnectEt
                0x000037c4       0x3c .\CortexM0\ARM_GCC_541\Debug\BTD.o
                0x000037c4                BTD::hci_disconnect(unsigned short)
 .text._ZN3BTD14HCI_event_taskEv
                0x00003800      0x328 .\CortexM0\ARM_GCC_541\Debug\BTD.o
                0x00003800                BTD::HCI_event_task()
 .text._ZN3BTD4PollEv
                0x00003b28       0x3c .\CortexM0\ARM_GCC_541\Debug\BTD.o
                0x00003b28                BTD::Poll()
 .text._ZN3BTD13L2CAP_CommandEtPhhhh
                0x00003b64       0x78 .\CortexM0\ARM_GCC_541\Debug\BTD.o
                0x00003b64                BTD::L2CAP_Command(unsigned short, unsigned char*, unsigned char, unsigned char, unsigned char)
 .text._ZN3BTD24l2cap_connection_requestEthPht
                0x00003bdc       0x58 .\CortexM0\ARM_GCC_541\Debug\BTD.o
                0x00003bdc                BTD::l2cap_connection_request(unsigned short, unsigned char, unsigned char*, unsigned short)
 .text._ZN3BTD25l2cap_connection_responseEthPhS0_h
                0x00003c34       0x70 .\CortexM0\ARM_GCC_541\Debug\BTD.o
                0x00003c34                BTD::l2cap_connection_response(unsigned short, unsigned char, unsigned char*, unsigned char*, unsigned char)
 .text._ZN3BTD20l2cap_config_requestEthPh
                0x00003ca4       0x6c .\CortexM0\ARM_GCC_541\Debug\BTD.o
                0x00003ca4                BTD::l2cap_config_request(unsigned short, unsigned char, unsigned char*)
 .text._ZN3BTD21l2cap_config_responseEthPh
                0x00003d10       0x78 .\CortexM0\ARM_GCC_541\Debug\BTD.o
                0x00003d10                BTD::l2cap_config_response(unsigned short, unsigned char, unsigned char*)
 .text._ZN3BTD27l2cap_disconnection_requestEthPhS0_
                0x00003d88       0x58 .\CortexM0\ARM_GCC_541\Debug\BTD.o
                0x00003d88                BTD::l2cap_disconnection_request(unsigned short, unsigned char, unsigned char*, unsigned char*)
 .text._ZN3BTD28l2cap_disconnection_responseEthPhS0_
                0x00003de0       0x58 .\CortexM0\ARM_GCC_541\Debug\BTD.o
                0x00003de0                BTD::l2cap_disconnection_response(unsigned short, unsigned char, unsigned char*, unsigned char*)
 .text._ZN3BTD9setBdaddrEPh
                0x00003e38       0x50 .\CortexM0\ARM_GCC_541\Debug\BTD.o
                0x00003e38                BTD::setBdaddr(unsigned char*)
 .text._ZN3BTD13setMoveBdaddrEPh
                0x00003e88       0x58 .\CortexM0\ARM_GCC_541\Debug\BTD.o
                0x00003e88                BTD::setMoveBdaddr(unsigned char*)
 .text._ZN3BTD4InitEhhb
                0x00003ee0      0x244 .\CortexM0\ARM_GCC_541\Debug\BTD.o
                0x00003ee0                BTD::Init(unsigned char, unsigned char, bool)
 .text.iprintf  0x00004124      0x188 .\CortexM0\ARM_GCC_541\Debug\iprintf.o
                0x00004124                iprintf
 .text.IntDefaultHandler
                0x000042ac       0x10 .\CortexM0\ARM_GCC_541\Debug\Cm0Start.o
                0x000042ac                IntDefaultHandler
 .text._exit    0x000042bc        0xc .\CortexM0\ARM_GCC_541\Debug\Cm0Start.o
                0x000042bc                _exit
 .text.Start_c  0x000042c8       0x4c .\CortexM0\ARM_GCC_541\Debug\Cm0Start.o
                0x000042c8                Start_c
 .text.startup.initialize_psoc
                0x00004314       0x48 .\CortexM0\ARM_GCC_541\Debug\Cm0Start.o
                0x00004314                initialize_psoc
 .text.CySysClkWriteImoFreq
                0x0000435c      0x18c .\CortexM0\ARM_GCC_541\Debug\Bluetooth_Dev.a(CyLib.o)
                0x0000435c                CySysClkWriteImoFreq
 .text.CyIntSetVector
                0x000044e8       0x18 .\CortexM0\ARM_GCC_541\Debug\Bluetooth_Dev.a(CyLib.o)
                0x000044e8                CyIntSetVector
 .text.CyIntEnable
                0x00004500       0x14 .\CortexM0\ARM_GCC_541\Debug\Bluetooth_Dev.a(CyLib.o)
                0x00004500                CyIntEnable
 .text.CyHalt   0x00004514        0x4 .\CortexM0\ARM_GCC_541\Debug\Bluetooth_Dev.a(CyLib.o)
                0x00004514                CyHalt
 .text.CyDelay  0x00004518       0x48 .\CortexM0\ARM_GCC_541\Debug\Bluetooth_Dev.a(CyLib.o)
                0x00004518                CyDelay
 .text.CyDelayUs
                0x00004560       0x14 .\CortexM0\ARM_GCC_541\Debug\Bluetooth_Dev.a(CyLib.o)
                0x00004560                CyDelayUs
 .text.CySysWdtLock
                0x00004574       0x1c .\CortexM0\ARM_GCC_541\Debug\Bluetooth_Dev.a(CyLFClk.o)
                0x00004574                CySysWdtLock
 .text.CySysWdtUnlock
                0x00004590       0x30 .\CortexM0\ARM_GCC_541\Debug\Bluetooth_Dev.a(CyLFClk.o)
                0x00004590                CySysWdtUnlock
 .text.CySysWdtClearInterrupt
                0x000045c0       0x5c .\CortexM0\ARM_GCC_541\Debug\Bluetooth_Dev.a(CyLFClk.o)
                0x000045c0                CySysWdtClearInterrupt
 .text.CySysWdtIsr
                0x0000461c       0xa8 .\CortexM0\ARM_GCC_541\Debug\Bluetooth_Dev.a(CyLFClk.o)
                0x0000461c                CySysWdtIsr
 .text.UART_Start
                0x000046c4       0x2c .\CortexM0\ARM_GCC_541\Debug\Bluetooth_Dev.a(UART.o)
                0x000046c4                UART_Start
 .text.UART_SpiUartWriteTxData
                0x000046f0       0x1c .\CortexM0\ARM_GCC_541\Debug\Bluetooth_Dev.a(UART_SPI_UART.o)
                0x000046f0                UART_SpiUartWriteTxData
 .text.UART_UartInit
                0x0000470c       0x98 .\CortexM0\ARM_GCC_541\Debug\Bluetooth_Dev.a(UART_UART.o)
                0x0000470c                UART_UartInit
 .text.UART_UartPostEnable
                0x000047a4       0x2c .\CortexM0\ARM_GCC_541\Debug\Bluetooth_Dev.a(UART_UART.o)
                0x000047a4                UART_UartPostEnable
 .text.UART_UartPutString
                0x000047d0       0x1c .\CortexM0\ARM_GCC_541\Debug\Bluetooth_Dev.a(UART_UART.o)
                0x000047d0                UART_UartPutString
 .text.SS_Write
                0x000047ec       0x1c .\CortexM0\ARM_GCC_541\Debug\Bluetooth_Dev.a(SS.o)
                0x000047ec                SS_Write
 .text.SPI_Enable
                0x00004808       0x38 .\CortexM0\ARM_GCC_541\Debug\Bluetooth_Dev.a(SPI.o)
                0x00004808                SPI_Enable
 .text.SPI_WriteTxData
                0x00004840       0x18 .\CortexM0\ARM_GCC_541\Debug\Bluetooth_Dev.a(SPI.o)
                0x00004840                SPI_WriteTxData
 .text.SPI_ReadRxData
                0x00004858        0xc .\CortexM0\ARM_GCC_541\Debug\Bluetooth_Dev.a(SPI.o)
                0x00004858                SPI_ReadRxData
 .text.SPI_GetRxBufferSize
                0x00004864       0x10 .\CortexM0\ARM_GCC_541\Debug\Bluetooth_Dev.a(SPI.o)
                0x00004864                SPI_GetRxBufferSize
 .text.SPI_GetTxBufferSize
                0x00004874       0x1c .\CortexM0\ARM_GCC_541\Debug\Bluetooth_Dev.a(SPI.o)
                0x00004874                SPI_GetTxBufferSize
 .text.SPI_ClearRxBuffer
                0x00004890       0x20 .\CortexM0\ARM_GCC_541\Debug\Bluetooth_Dev.a(SPI.o)
                0x00004890                SPI_ClearRxBuffer
 .text.SPI_ClearFIFO
                0x000048b0       0x40 .\CortexM0\ARM_GCC_541\Debug\Bluetooth_Dev.a(SPI.o)
                0x000048b0                SPI_ClearFIFO
 .text.SPI_Start
                0x000048f0       0x48 .\CortexM0\ARM_GCC_541\Debug\Bluetooth_Dev.a(SPI.o)
                0x000048f0                SPI_Start
 .text.INT_PIN_Read
                0x00004938       0x10 .\CortexM0\ARM_GCC_541\Debug\Bluetooth_Dev.a(INT_PIN.o)
                0x00004938                INT_PIN_Read
 .text.Millis_Timer_Enable
                0x00004948       0x30 .\CortexM0\ARM_GCC_541\Debug\Bluetooth_Dev.a(Millis_Timer.o)
                0x00004948                Millis_Timer_Enable
 .text.Millis_Timer_Start
                0x00004978       0x4c .\CortexM0\ARM_GCC_541\Debug\Bluetooth_Dev.a(Millis_Timer.o)
                0x00004978                Millis_Timer_Start
 .text.Millis_Timer_ReadCounter
                0x000049c4       0x10 .\CortexM0\ARM_GCC_541\Debug\Bluetooth_Dev.a(Millis_Timer.o)
                0x000049c4                Millis_Timer_ReadCounter
 *fill*         0x000049d4        0x4 
 .text          0x000049d8       0x24 .\CortexM0\ARM_GCC_541\Debug\Bluetooth_Dev.a(CyBootAsmGnu.o)
                0x000049d8                CyDelayCycles
                0x000049ec                CyEnterCriticalSection
                0x000049f4                CyExitCriticalSection
 .text._ZN10__cxxabiv120__si_class_type_infoD2Ev
                0x000049fc       0x18 c:/program files (x86)/cypress/psoc creator/4.1/psoc creator/import/gnu/arm/5.4.1/bin/../lib/gcc/arm-none-eabi/5.4.1/../../../../arm-none-eabi/lib/armv6-m\libstdc++_nano.a(si_class_type_info.o)
                0x000049fc                __cxxabiv1::__si_class_type_info::~__si_class_type_info()
                0x000049fc                __cxxabiv1::__si_class_type_info::~__si_class_type_info()
 .text._ZN10__cxxabiv120__si_class_type_infoD0Ev
                0x00004a14       0x12 c:/program files (x86)/cypress/psoc creator/4.1/psoc creator/import/gnu/arm/5.4.1/bin/../lib/gcc/arm-none-eabi/5.4.1/../../../../arm-none-eabi/lib/armv6-m\libstdc++_nano.a(si_class_type_info.o)
                0x00004a14                __cxxabiv1::__si_class_type_info::~__si_class_type_info()
 .text._ZNK10__cxxabiv120__si_class_type_info12__do_dyncastEiNS_17__class_type_info10__sub_kindEPKS1_PKvS4_S6_RNS1_16__dyncast_resultE
                0x00004a26       0x84 c:/program files (x86)/cypress/psoc creator/4.1/psoc creator/import/gnu/arm/5.4.1/bin/../lib/gcc/arm-none-eabi/5.4.1/../../../../arm-none-eabi/lib/armv6-m\libstdc++_nano.a(si_class_type_info.o)
                0x00004a26                __cxxabiv1::__si_class_type_info::__do_dyncast(int, __cxxabiv1::__class_type_info::__sub_kind, __cxxabiv1::__class_type_info const*, void const*, __cxxabiv1::__class_type_info const*, void const*, __cxxabiv1::__class_type_info::__dyncast_result&) const
 .text._ZNK10__cxxabiv120__si_class_type_info20__do_find_public_srcEiPKvPKNS_17__class_type_infoES2_
                0x00004aaa       0x32 c:/program files (x86)/cypress/psoc creator/4.1/psoc creator/import/gnu/arm/5.4.1/bin/../lib/gcc/arm-none-eabi/5.4.1/../../../../arm-none-eabi/lib/armv6-m\libstdc++_nano.a(si_class_type_info.o)
                0x00004aaa                __cxxabiv1::__si_class_type_info::__do_find_public_src(int, void const*, __cxxabiv1::__class_type_info const*, void const*) const
 .text._ZNK10__cxxabiv120__si_class_type_info11__do_upcastEPKNS_17__class_type_infoEPKvRNS1_15__upcast_resultE
                0x00004adc       0x22 c:/program files (x86)/cypress/psoc creator/4.1/psoc creator/import/gnu/arm/5.4.1/bin/../lib/gcc/arm-none-eabi/5.4.1/../../../../arm-none-eabi/lib/armv6-m\libstdc++_nano.a(si_class_type_info.o)
                0x00004adc                __cxxabiv1::__si_class_type_info::__do_upcast(__cxxabiv1::__class_type_info const*, void const*, __cxxabiv1::__class_type_info::__upcast_result&) const
 *fill*         0x00004afe        0x2 
 .text._ZN10__cxxabiv121__vmi_class_type_infoD2Ev
                0x00004b00       0x18 c:/program files (x86)/cypress/psoc creator/4.1/psoc creator/import/gnu/arm/5.4.1/bin/../lib/gcc/arm-none-eabi/5.4.1/../../../../arm-none-eabi/lib/armv6-m\libstdc++_nano.a(vmi_class_type_info.o)
                0x00004b00                __cxxabiv1::__vmi_class_type_info::~__vmi_class_type_info()
                0x00004b00                __cxxabiv1::__vmi_class_type_info::~__vmi_class_type_info()
 .text._ZN10__cxxabiv121__vmi_class_type_infoD0Ev
                0x00004b18       0x12 c:/program files (x86)/cypress/psoc creator/4.1/psoc creator/import/gnu/arm/5.4.1/bin/../lib/gcc/arm-none-eabi/5.4.1/../../../../arm-none-eabi/lib/armv6-m\libstdc++_nano.a(vmi_class_type_info.o)
                0x00004b18                __cxxabiv1::__vmi_class_type_info::~__vmi_class_type_info()
 .text._ZNK10__cxxabiv121__vmi_class_type_info20__do_find_public_srcEiPKvPKNS_17__class_type_infoES2_
                0x00004b2a       0x80 c:/program files (x86)/cypress/psoc creator/4.1/psoc creator/import/gnu/arm/5.4.1/bin/../lib/gcc/arm-none-eabi/5.4.1/../../../../arm-none-eabi/lib/armv6-m\libstdc++_nano.a(vmi_class_type_info.o)
                0x00004b2a                __cxxabiv1::__vmi_class_type_info::__do_find_public_src(int, void const*, __cxxabiv1::__class_type_info const*, void const*) const
 .text._ZNK10__cxxabiv117__class_type_info17__find_public_srcEiPKvPKS0_S2_
                0x00004baa       0x28 c:/program files (x86)/cypress/psoc creator/4.1/psoc creator/import/gnu/arm/5.4.1/bin/../lib/gcc/arm-none-eabi/5.4.1/../../../../arm-none-eabi/lib/armv6-m\libstdc++_nano.a(vmi_class_type_info.o)
                0x00004baa                __cxxabiv1::__class_type_info::__find_public_src(int, void const*, __cxxabiv1::__class_type_info const*, void const*) const
 .text._ZNK10__cxxabiv121__vmi_class_type_info12__do_dyncastEiNS_17__class_type_info10__sub_kindEPKS1_PKvS4_S6_RNS1_16__dyncast_resultE
                0x00004bd2      0x29e c:/program files (x86)/cypress/psoc creator/4.1/psoc creator/import/gnu/arm/5.4.1/bin/../lib/gcc/arm-none-eabi/5.4.1/../../../../arm-none-eabi/lib/armv6-m\libstdc++_nano.a(vmi_class_type_info.o)
                0x00004bd2                __cxxabiv1::__vmi_class_type_info::__do_dyncast(int, __cxxabiv1::__class_type_info::__sub_kind, __cxxabiv1::__class_type_info const*, void const*, __cxxabiv1::__class_type_info const*, void const*, __cxxabiv1::__class_type_info::__dyncast_result&) const
 .text._ZNK10__cxxabiv121__vmi_class_type_info11__do_upcastEPKNS_17__class_type_infoEPKvRNS1_15__upcast_resultE
                0x00004e70      0x136 c:/program files (x86)/cypress/psoc creator/4.1/psoc creator/import/gnu/arm/5.4.1/bin/../lib/gcc/arm-none-eabi/5.4.1/../../../../arm-none-eabi/lib/armv6-m\libstdc++_nano.a(vmi_class_type_info.o)
                0x00004e70                __cxxabiv1::__vmi_class_type_info::__do_upcast(__cxxabiv1::__class_type_info const*, void const*, __cxxabiv1::__class_type_info::__upcast_result&) const
 .text._ZNSt9type_infoD2Ev
                0x00004fa6        0x2 c:/program files (x86)/cypress/psoc creator/4.1/psoc creator/import/gnu/arm/5.4.1/bin/../lib/gcc/arm-none-eabi/5.4.1/../../../../arm-none-eabi/lib/armv6-m\libstdc++_nano.a(tinfo.o)
                0x00004fa6                std::type_info::~type_info()
                0x00004fa6                std::type_info::~type_info()
 .text._ZNKSt9type_info15__is_function_pEv
                0x00004fa8        0x4 c:/program files (x86)/cypress/psoc creator/4.1/psoc creator/import/gnu/arm/5.4.1/bin/../lib/gcc/arm-none-eabi/5.4.1/../../../../arm-none-eabi/lib/armv6-m\libstdc++_nano.a(tinfo.o)
                0x00004fa8                std::type_info::__is_pointer_p() const
                0x00004fa8                std::type_info::__is_function_p() const
 .text._ZNKSt9type_infoeqERKS_
                0x00004fac       0x2c c:/program files (x86)/cypress/psoc creator/4.1/psoc creator/import/gnu/arm/5.4.1/bin/../lib/gcc/arm-none-eabi/5.4.1/../../../../arm-none-eabi/lib/armv6-m\libstdc++_nano.a(tinfo.o)
                0x00004fac                std::type_info::operator==(std::type_info const&) const
 .text._ZNK10__cxxabiv117__class_type_info11__do_upcastEPKS0_PPv
                0x00004fd8       0x34 c:/program files (x86)/cypress/psoc creator/4.1/psoc creator/import/gnu/arm/5.4.1/bin/../lib/gcc/arm-none-eabi/5.4.1/../../../../arm-none-eabi/lib/armv6-m\libstdc++_nano.a(class_type_info.o)
                0x00004fd8                __cxxabiv1::__class_type_info::__do_upcast(__cxxabiv1::__class_type_info const*, void**) const
 .text._ZNK10__cxxabiv117__class_type_info20__do_find_public_srcEiPKvPKS0_S2_
                0x0000500c        0xc c:/program files (x86)/cypress/psoc creator/4.1/psoc creator/import/gnu/arm/5.4.1/bin/../lib/gcc/arm-none-eabi/5.4.1/../../../../arm-none-eabi/lib/armv6-m\libstdc++_nano.a(class_type_info.o)
                0x0000500c                __cxxabiv1::__class_type_info::__do_find_public_src(int, void const*, __cxxabiv1::__class_type_info const*, void const*) const
 .text._ZN10__cxxabiv117__class_type_infoD2Ev
                0x00005018       0x18 c:/program files (x86)/cypress/psoc creator/4.1/psoc creator/import/gnu/arm/5.4.1/bin/../lib/gcc/arm-none-eabi/5.4.1/../../../../arm-none-eabi/lib/armv6-m\libstdc++_nano.a(class_type_info.o)
                0x00005018                __cxxabiv1::__class_type_info::~__class_type_info()
                0x00005018                __cxxabiv1::__class_type_info::~__class_type_info()
 .text._ZN10__cxxabiv117__class_type_infoD0Ev
                0x00005030       0x12 c:/program files (x86)/cypress/psoc creator/4.1/psoc creator/import/gnu/arm/5.4.1/bin/../lib/gcc/arm-none-eabi/5.4.1/../../../../arm-none-eabi/lib/armv6-m\libstdc++_nano.a(class_type_info.o)
                0x00005030                __cxxabiv1::__class_type_info::~__class_type_info()
 .text._ZNK10__cxxabiv117__class_type_info11__do_upcastEPKS0_PKvRNS0_15__upcast_resultE
                0x00005042       0x1a c:/program files (x86)/cypress/psoc creator/4.1/psoc creator/import/gnu/arm/5.4.1/bin/../lib/gcc/arm-none-eabi/5.4.1/../../../../arm-none-eabi/lib/armv6-m\libstdc++_nano.a(class_type_info.o)
                0x00005042                __cxxabiv1::__class_type_info::__do_upcast(__cxxabiv1::__class_type_info const*, void const*, __cxxabiv1::__class_type_info::__upcast_result&) const
 .text._ZNK10__cxxabiv117__class_type_info12__do_dyncastEiNS0_10__sub_kindEPKS0_PKvS3_S5_RNS0_16__dyncast_resultE
                0x0000505c       0x3a c:/program files (x86)/cypress/psoc creator/4.1/psoc creator/import/gnu/arm/5.4.1/bin/../lib/gcc/arm-none-eabi/5.4.1/../../../../arm-none-eabi/lib/armv6-m\libstdc++_nano.a(class_type_info.o)
                0x0000505c                __cxxabiv1::__class_type_info::__do_dyncast(int, __cxxabiv1::__class_type_info::__sub_kind, __cxxabiv1::__class_type_info const*, void const*, __cxxabiv1::__class_type_info const*, void const*, __cxxabiv1::__class_type_info::__dyncast_result&) const
 .text._ZNK10__cxxabiv117__class_type_info10__do_catchEPKSt9type_infoPPvj
                0x00005096       0x24 c:/program files (x86)/cypress/psoc creator/4.1/psoc creator/import/gnu/arm/5.4.1/bin/../lib/gcc/arm-none-eabi/5.4.1/../../../../arm-none-eabi/lib/armv6-m\libstdc++_nano.a(class_type_info.o)
                0x00005096                __cxxabiv1::__class_type_info::__do_catch(std::type_info const*, void**, unsigned int) const
 .text.__cxa_pure_virtual
                0x000050ba        0x6 c:/program files (x86)/cypress/psoc creator/4.1/psoc creator/import/gnu/arm/5.4.1/bin/../lib/gcc/arm-none-eabi/5.4.1/../../../../arm-none-eabi/lib/armv6-m\libstdc++_nano.a(pure.o)
                0x000050ba                __cxa_pure_virtual
 .text._ZdlPv   0x000050c0        0x8 c:/program files (x86)/cypress/psoc creator/4.1/psoc creator/import/gnu/arm/5.4.1/bin/../lib/gcc/arm-none-eabi/5.4.1/../../../../arm-none-eabi/lib/armv6-m\libstdc++_nano.a(del_op.o)
                0x000050c0                operator delete(void*)
 .text._ZN10__cxxabiv111__terminateEPFvvE
                0x000050c8        0x8 c:/program files (x86)/cypress/psoc creator/4.1/psoc creator/import/gnu/arm/5.4.1/bin/../lib/gcc/arm-none-eabi/5.4.1/../../../../arm-none-eabi/lib/armv6-m\libstdc++_nano.a(eh_terminate.o)
                0x000050c8                __cxxabiv1::__terminate(void (*)())
 .text._ZSt9terminatev
                0x000050d0       0x10 c:/program files (x86)/cypress/psoc creator/4.1/psoc creator/import/gnu/arm/5.4.1/bin/../lib/gcc/arm-none-eabi/5.4.1/../../../../arm-none-eabi/lib/armv6-m\libstdc++_nano.a(eh_terminate.o)
                0x000050d0                std::terminate()
 .text          0x000050e0      0x114 c:/program files (x86)/cypress/psoc creator/4.1/psoc creator/import/gnu/arm/5.4.1/bin/../lib/gcc/arm-none-eabi/5.4.1/armv6-m\libgcc.a(_udivsi3.o)
                0x000050e0                __aeabi_uidiv
                0x000050e0                __udivsi3
                0x000051ec                __aeabi_uidivmod
 .text          0x000051f4        0x4 c:/program files (x86)/cypress/psoc creator/4.1/psoc creator/import/gnu/arm/5.4.1/bin/../lib/gcc/arm-none-eabi/5.4.1/armv6-m\libgcc.a(_dvmd_tls.o)
                0x000051f4                __aeabi_idiv0
                0x000051f4                __aeabi_ldiv0
 .text          0x000051f8      0xa3c c:/program files (x86)/cypress/psoc creator/4.1/psoc creator/import/gnu/arm/5.4.1/bin/../lib/gcc/arm-none-eabi/5.4.1/armv6-m\libgcc.a(unwind-arm.o)
                0x000054d0                _Unwind_GetCFA
                0x000054d4                __gnu_Unwind_RaiseException
                0x00005528                __gnu_Unwind_ForcedUnwind
                0x0000553c                __gnu_Unwind_Resume
                0x00005584                __gnu_Unwind_Resume_or_Rethrow
                0x000055a0                _Unwind_Complete
                0x000055a4                _Unwind_DeleteException
                0x000055b4                _Unwind_VRS_Get
                0x00005600                _Unwind_VRS_Set
                0x0000564c                __gnu_Unwind_Backtrace
                0x000059ac                __aeabi_unwind_cpp_pr0
                0x000059b8                __aeabi_unwind_cpp_pr1
                0x000059c4                __aeabi_unwind_cpp_pr2
                0x000059d0                _Unwind_VRS_Pop
 .text          0x00005c34      0x144 c:/program files (x86)/cypress/psoc creator/4.1/psoc creator/import/gnu/arm/5.4.1/bin/../lib/gcc/arm-none-eabi/5.4.1/armv6-m\libgcc.a(libunwind.o)
                0x00005c34                __restore_core_regs
                0x00005c34                restore_core_regs
                0x00005c60                __gnu_Unwind_Restore_VFP
                0x00005c64                __gnu_Unwind_Save_VFP
                0x00005c68                __gnu_Unwind_Restore_VFP_D
                0x00005c6c                __gnu_Unwind_Save_VFP_D
                0x00005c70                __gnu_Unwind_Restore_VFP_D_16_to_31
                0x00005c74                __gnu_Unwind_Save_VFP_D_16_to_31
                0x00005c78                __gnu_Unwind_Restore_WMMXD
                0x00005c7c                __gnu_Unwind_Save_WMMXD
                0x00005c80                __gnu_Unwind_Restore_WMMXC
                0x00005c84                __gnu_Unwind_Save_WMMXC
                0x00005c88                ___Unwind_RaiseException
                0x00005c88                _Unwind_RaiseException
                0x00005cb8                _Unwind_Resume
                0x00005cb8                ___Unwind_Resume
                0x00005ce8                _Unwind_Resume_or_Rethrow
                0x00005ce8                ___Unwind_Resume_or_Rethrow
                0x00005d18                _Unwind_ForcedUnwind
                0x00005d18                ___Unwind_ForcedUnwind
                0x00005d48                ___Unwind_Backtrace
                0x00005d48                _Unwind_Backtrace
 .text          0x00005d78      0x3b0 c:/program files (x86)/cypress/psoc creator/4.1/psoc creator/import/gnu/arm/5.4.1/bin/../lib/gcc/arm-none-eabi/5.4.1/armv6-m\libgcc.a(pr-support.o)
                0x00005dcc                __gnu_unwind_execute
                0x000060d0                __gnu_unwind_frame
                0x000060f8                _Unwind_GetRegionStart
                0x00006104                _Unwind_GetLanguageSpecificData
                0x00006118                _Unwind_GetTextRelBase
                0x00006120                _Unwind_GetDataRelBase
 .text.abort    0x00006128        0xe c:/program files (x86)/cypress/psoc creator/4.1/psoc creator/import/gnu/arm/5.4.1/bin/../lib/gcc/arm-none-eabi/5.4.1/../../../../arm-none-eabi/lib/armv6-m\libg_nano.a(lib_a-abort.o)
                0x00006128                abort
 *fill*         0x00006136        0x2 
 .text.__errno  0x00006138        0xc c:/program files (x86)/cypress/psoc creator/4.1/psoc creator/import/gnu/arm/5.4.1/bin/../lib/gcc/arm-none-eabi/5.4.1/../../../../arm-none-eabi/lib/armv6-m\libg_nano.a(lib_a-errno.o)
                0x00006138                __errno
 .text.__libc_init_array
                0x00006144       0x4c c:/program files (x86)/cypress/psoc creator/4.1/psoc creator/import/gnu/arm/5.4.1/bin/../lib/gcc/arm-none-eabi/5.4.1/../../../../arm-none-eabi/lib/armv6-m\libg_nano.a(lib_a-init.o)
                0x00006144                __libc_init_array
 .text.free     0x00006190       0x14 c:/program files (x86)/cypress/psoc creator/4.1/psoc creator/import/gnu/arm/5.4.1/bin/../lib/gcc/arm-none-eabi/5.4.1/../../../../arm-none-eabi/lib/armv6-m\libg_nano.a(lib_a-malloc.o)
                0x00006190                free
 .text.memcpy   0x000061a4       0x12 c:/program files (x86)/cypress/psoc creator/4.1/psoc creator/import/gnu/arm/5.4.1/bin/../lib/gcc/arm-none-eabi/5.4.1/../../../../arm-none-eabi/lib/armv6-m\libg_nano.a(lib_a-memcpy-stub.o)
                0x000061a4                memcpy
 .text.memset   0x000061b6       0x10 c:/program files (x86)/cypress/psoc creator/4.1/psoc creator/import/gnu/arm/5.4.1/bin/../lib/gcc/arm-none-eabi/5.4.1/../../../../arm-none-eabi/lib/armv6-m\libg_nano.a(lib_a-memset.o)
                0x000061b6                memset
 *fill*         0x000061c6        0x2 
 .text._free_r  0x000061c8       0x98 c:/program files (x86)/cypress/psoc creator/4.1/psoc creator/import/gnu/arm/5.4.1/bin/../lib/gcc/arm-none-eabi/5.4.1/../../../../arm-none-eabi/lib/armv6-m\libg_nano.a(lib_a-nano-freer.o)
                0x000061c8                _free_r
 .text._raise_r
                0x00006260       0x54 c:/program files (x86)/cypress/psoc creator/4.1/psoc creator/import/gnu/arm/5.4.1/bin/../lib/gcc/arm-none-eabi/5.4.1/../../../../arm-none-eabi/lib/armv6-m\libg_nano.a(lib_a-signal.o)
                0x00006260                _raise_r
 .text.raise    0x000062b4       0x14 c:/program files (x86)/cypress/psoc creator/4.1/psoc creator/import/gnu/arm/5.4.1/bin/../lib/gcc/arm-none-eabi/5.4.1/../../../../arm-none-eabi/lib/armv6-m\libg_nano.a(lib_a-signal.o)
                0x000062b4                raise
 .text._kill_r  0x000062c8       0x24 c:/program files (x86)/cypress/psoc creator/4.1/psoc creator/import/gnu/arm/5.4.1/bin/../lib/gcc/arm-none-eabi/5.4.1/../../../../arm-none-eabi/lib/armv6-m\libg_nano.a(lib_a-signalr.o)
                0x000062c8                _kill_r
 .text._getpid_r
                0x000062ec        0x8 c:/program files (x86)/cypress/psoc creator/4.1/psoc creator/import/gnu/arm/5.4.1/bin/../lib/gcc/arm-none-eabi/5.4.1/../../../../arm-none-eabi/lib/armv6-m\libg_nano.a(lib_a-signalr.o)
                0x000062ec                _getpid_r
 .text          0x000062f4       0x14 c:/program files (x86)/cypress/psoc creator/4.1/psoc creator/import/gnu/arm/5.4.1/bin/../lib/gcc/arm-none-eabi/5.4.1/../../../../arm-none-eabi/lib/armv6-m\libg_nano.a(lib_a-strcmp.o)
                0x000062f4                strcmp
 .text          0x00006308        0xe c:/program files (x86)/cypress/psoc creator/4.1/psoc creator/import/gnu/arm/5.4.1/bin/../lib/gcc/arm-none-eabi/5.4.1/../../../../arm-none-eabi/lib/armv6-m\libg_nano.a(lib_a-strlen.o)
                0x00006308                strlen
 .text.strncmp  0x00006316       0x24 c:/program files (x86)/cypress/psoc creator/4.1/psoc creator/import/gnu/arm/5.4.1/bin/../lib/gcc/arm-none-eabi/5.4.1/../../../../arm-none-eabi/lib/armv6-m\libg_nano.a(lib_a-strncmp.o)
                0x00006316                strncmp
 .text.__malloc_lock
                0x0000633a        0x2 c:/program files (x86)/cypress/psoc creator/4.1/psoc creator/import/gnu/arm/5.4.1/bin/../lib/gcc/arm-none-eabi/5.4.1/../../../../arm-none-eabi/lib/armv6-m\libg_nano.a(lib_a-mlock.o)
                0x0000633a                __malloc_lock
 .text.__malloc_unlock
                0x0000633c        0x2 c:/program files (x86)/cypress/psoc creator/4.1/psoc creator/import/gnu/arm/5.4.1/bin/../lib/gcc/arm-none-eabi/5.4.1/../../../../arm-none-eabi/lib/armv6-m\libg_nano.a(lib_a-mlock.o)
                0x0000633c                __malloc_unlock
 *fill*         0x0000633e        0x2 
 .text._getpid  0x00006340       0x10 c:/program files (x86)/cypress/psoc creator/4.1/psoc creator/import/gnu/arm/5.4.1/bin/../lib/gcc/arm-none-eabi/5.4.1/../../../../arm-none-eabi/lib/armv6-m\libnosys.a(getpid.o)
                0x00006340                _getpid
 .text._kill    0x00006350       0x10 c:/program files (x86)/cypress/psoc creator/4.1/psoc creator/import/gnu/arm/5.4.1/bin/../lib/gcc/arm-none-eabi/5.4.1/../../../../arm-none-eabi/lib/armv6-m\libnosys.a(kill.o)
                0x00006350                _kill
 *(.plt)
 *(.gnu.warning)
 *(.glue_7t)
 .glue_7t       0x00006360        0x0 linker stubs
 *(.glue_7)
 .glue_7        0x00006360        0x0 linker stubs
 *(.vfp11_veneer)
 .vfp11_veneer  0x00006360        0x0 linker stubs
 *(.bootloader)
 *(.ARM.extab* .gnu.linkonce.armextab.*)
 .ARM.extab.text._ZN5BTHID6onInitEv
                0x00006360        0x0 .\CortexM0\ARM_GCC_541\Debug\main.o
 .ARM.extab.text._ZN5PS4BT10ResetBTHIDEv
                0x00006360        0x0 .\CortexM0\ARM_GCC_541\Debug\main.o
 .ARM.extab.text._ZN5PS4BT16sendOutputReportEP9PS4Output
                0x00006360        0x0 .\CortexM0\ARM_GCC_541\Debug\main.o
 .ARM.extab.text._ZN5PS4BT11OnInitBTHIDEv
                0x00006360        0x0 .\CortexM0\ARM_GCC_541\Debug\main.o
 .ARM.extab.text._ZN5PS4BT14ParseBTHIDDataEhPh
                0x00006360        0x0 .\CortexM0\ARM_GCC_541\Debug\main.o
 .ARM.extab.text._ZN8MAX3421eI4TPinI5PortbLh2EES0_IS1_Lh1EEE8busprobeEv
                0x00006360        0x0 .\CortexM0\ARM_GCC_541\Debug\main.o
 .ARM.extab.text._ZN8MAX3421eI4TPinI5PortbLh2EES0_IS1_Lh1EEE4InitEv
                0x00006360        0x0 .\CortexM0\ARM_GCC_541\Debug\main.o
 .ARM.extab.text.startup.main
                0x00006360        0xc .\CortexM0\ARM_GCC_541\Debug\main.o
 .ARM.extab.text._ZN15USBDeviceConfig15ConfigureDeviceEhhb
                0x0000636c        0x0 .\CortexM0\ARM_GCC_541\Debug\usbhub.o
 .ARM.extab.text._ZN15USBDeviceConfig10GetAddressEv
                0x0000636c        0x0 .\CortexM0\ARM_GCC_541\Debug\usbhub.o
 .ARM.extab.text._ZN15USBDeviceConfig12ResetHubPortEh
                0x0000636c        0x0 .\CortexM0\ARM_GCC_541\Debug\usbhub.o
 .ARM.extab.text._ZN15USBDeviceConfig8VIDPIDOKEtt
                0x0000636c        0x0 .\CortexM0\ARM_GCC_541\Debug\usbhub.o
 .ARM.extab.text._ZN15USBDeviceConfig10DEVCLASSOKEh
                0x0000636c        0x0 .\CortexM0\ARM_GCC_541\Debug\usbhub.o
 .ARM.extab.text._ZN15USBDeviceConfig13DEVSUBCLASSOKEh
                0x0000636c        0x0 .\CortexM0\ARM_GCC_541\Debug\usbhub.o
 .ARM.extab.text._ZN15AddressPoolImplILh16EE12AllocAddressEhbh
                0x0000636c        0x0 .\CortexM0\ARM_GCC_541\Debug\Usb.o
 .ARM.extab.text._ZN15AddressPoolImplILh16EE15GetUsbDevicePtrEh
                0x0000636c        0x0 .\CortexM0\ARM_GCC_541\Debug\Usb.o
 .ARM.extab.text._ZN15AddressPoolImplILh16EE11FreeAddressEh
                0x0000636c        0x0 .\CortexM0\ARM_GCC_541\Debug\Usb.o
 .ARM.extab.text._ZN3USB11OutTransferEP6EpInfottPh
                0x0000636c        0xc .\CortexM0\ARM_GCC_541\Debug\Usb.o
 .ARM.extab.text._ZN3USB10InTransferEP6EpInfotPtPhh
                0x00006378        0xc .\CortexM0\ARM_GCC_541\Debug\Usb.o
 .ARM.extab.text._ZN3USB10inTransferEhhPtPhh
                0x00006384        0xc .\CortexM0\ARM_GCC_541\Debug\Usb.o
 .ARM.extab.text._ZN3USB7ctrlReqEhhhhhhtttPhP13USBReadParser
                0x00006390        0xc .\CortexM0\ARM_GCC_541\Debug\Usb.o
 .ARM.extab.text._ZN3USB13AttemptConfigEhhhb
                0x0000639c        0xc .\CortexM0\ARM_GCC_541\Debug\Usb.o
 .ARM.extab.text._ZN3USB12getConfDescrEhhhP13USBReadParser
                0x000063a8        0xc .\CortexM0\ARM_GCC_541\Debug\Usb.o
 .ARM.extab.text._ZN3USB17DefaultAddressingEhhb
                0x000063b4        0xc .\CortexM0\ARM_GCC_541\Debug\Usb.o
 .ARM.extab.text._ZN3USB11ConfiguringEhhb
                0x000063c0        0xc .\CortexM0\ARM_GCC_541\Debug\Usb.o
 .ARM.extab.text._ZN3USB4TaskEv
                0x000063cc        0xc .\CortexM0\ARM_GCC_541\Debug\Usb.o
 .ARM.extab.text._ZN5BTHID14ParseBTHIDDataEhPh
                0x000063d8        0x0 .\CortexM0\ARM_GCC_541\Debug\BTHID.o
 .ARM.extab.text._ZN5BTHID11OnInitBTHIDEv
                0x000063d8        0x0 .\CortexM0\ARM_GCC_541\Debug\BTHID.o
 .ARM.extab.text._ZN5BTHID10ResetBTHIDEv
                0x000063d8        0x0 .\CortexM0\ARM_GCC_541\Debug\BTHID.o
 .ARM.extab.text._ZN3BTD10GetAddressEv
                0x000063d8        0x0 .\CortexM0\ARM_GCC_541\Debug\BTD.o
 .ARM.extab.text._ZN3BTD7isReadyEv
                0x000063d8        0x0 .\CortexM0\ARM_GCC_541\Debug\BTD.o
 .ARM.extab.text._ZN3BTD10DEVCLASSOKEh
                0x000063d8        0x0 .\CortexM0\ARM_GCC_541\Debug\BTD.o
 .ARM.extab.text._ZN3BTD8VIDPIDOKEtt
                0x000063d8        0x0 .\CortexM0\ARM_GCC_541\Debug\BTD.o
 .ARM.extab.text._ZN16ConfigDescParserILh255ELh1ELh1ELh7EE5ParseEtPKhRKt
                0x000063d8        0xc .\CortexM0\ARM_GCC_541\Debug\BTD.o
 .ARM.extab.text._ZN16ConfigDescParserILh224ELh1ELh1ELh7EE5ParseEtPKhRKt
                0x000063e4        0xc .\CortexM0\ARM_GCC_541\Debug\BTD.o
 .ARM.extab.text._ZN3BTD10InitializeEv
                0x000063f0        0xc .\CortexM0\ARM_GCC_541\Debug\BTD.o
 .ARM.extab.text._ZN3BTD15ConfigureDeviceEhhb
                0x000063fc        0xc .\CortexM0\ARM_GCC_541\Debug\BTD.o
 .ARM.extab.text._ZN3BTD8HCI_taskEv
                0x00006408        0xc .\CortexM0\ARM_GCC_541\Debug\BTD.o
 .ARM.extab.text._ZN3BTD14HCI_event_taskEv
                0x00006414        0xc .\CortexM0\ARM_GCC_541\Debug\BTD.o
 .ARM.extab.text._ZN3BTD4InitEhhb
                0x00006420        0xc .\CortexM0\ARM_GCC_541\Debug\BTD.o
 .ARM.extab     0x0000642c       0x24 c:/program files (x86)/cypress/psoc creator/4.1/psoc creator/import/gnu/arm/5.4.1/bin/../lib/gcc/arm-none-eabi/5.4.1/armv6-m\libgcc.a(unwind-arm.o)
 .ARM.extab     0x00006450        0xc c:/program files (x86)/cypress/psoc creator/4.1/psoc creator/import/gnu/arm/5.4.1/bin/../lib/gcc/arm-none-eabi/5.4.1/armv6-m\libgcc.a(pr-support.o)
 *(.gcc_except_table)

.v4_bx          0x0000645c        0x0
 .v4_bx         0x0000645c        0x0 linker stubs

.iplt           0x0000645c        0x0
 .iplt          0x0000645c        0x0 c:/program files (x86)/cypress/psoc creator/4.1/psoc creator/import/gnu/arm/5.4.1/bin/../lib/gcc/arm-none-eabi/5.4.1/armv6-m/crtbegin.o

.eh_frame_hdr
 *(.eh_frame_hdr)

.eh_frame       0x0000645c        0x4
 *(.eh_frame)
 .eh_frame      0x0000645c        0x0 c:/program files (x86)/cypress/psoc creator/4.1/psoc creator/import/gnu/arm/5.4.1/bin/../lib/gcc/arm-none-eabi/5.4.1/armv6-m/crtbegin.o
 .eh_frame      0x0000645c        0x4 c:/program files (x86)/cypress/psoc creator/4.1/psoc creator/import/gnu/arm/5.4.1/bin/../lib/gcc/arm-none-eabi/5.4.1/armv6-m/crtend.o
                0x00006460                PROVIDE (__exidx_start, .)

.ARM.exidx      0x00006460      0x2e0
 *(.ARM.exidx* .gnu.linkonce.armexidx.*)
 .ARM.exidx.text._ZN5BTHID6onInitEv
                0x00006460        0x8 .\CortexM0\ARM_GCC_541\Debug\main.o
 .ARM.exidx.text._ZN5PS4BT10ResetBTHIDEv
                0x00006468        0x0 .\CortexM0\ARM_GCC_541\Debug\main.o
                                  0x8 (size before relaxing)
 .ARM.exidx.text._ZN5PS4BT16sendOutputReportEP9PS4Output
                0x00006468       0x10 .\CortexM0\ARM_GCC_541\Debug\main.o
 .ARM.exidx.text._ZN5PS4BT11OnInitBTHIDEv
                0x00006478        0x8 .\CortexM0\ARM_GCC_541\Debug\main.o
 .ARM.exidx.text._ZN5PS4BT14ParseBTHIDDataEhPh
                0x00006480        0x8 .\CortexM0\ARM_GCC_541\Debug\main.o
 .ARM.exidx.text._ZN8MAX3421eI4TPinI5PortbLh2EES0_IS1_Lh1EEE5regWrEhh.isra.2
                0x00006488        0x8 .\CortexM0\ARM_GCC_541\Debug\main.o
 .ARM.exidx.text._ZN8MAX3421eI4TPinI5PortbLh2EES0_IS1_Lh1EEE5regRdEh.isra.3
                0x00006490        0x8 .\CortexM0\ARM_GCC_541\Debug\main.o
 .ARM.exidx.text._ZN8MAX3421eI4TPinI5PortbLh2EES0_IS1_Lh1EEE8busprobeEv
                0x00006498        0x0 .\CortexM0\ARM_GCC_541\Debug\main.o
                                  0x8 (size before relaxing)
 .ARM.exidx.text._ZN8MAX3421eI4TPinI5PortbLh2EES0_IS1_Lh1EEE4InitEv
                0x00006498        0x8 .\CortexM0\ARM_GCC_541\Debug\main.o
 .ARM.exidx.text.startup.main
                0x000064a0        0x8 .\CortexM0\ARM_GCC_541\Debug\main.o
 .ARM.exidx.text.startup._GLOBAL__sub_I_PORTB
                0x000064a8        0x8 .\CortexM0\ARM_GCC_541\Debug\main.o
 .ARM.exidx.text._ZN15USBDeviceConfig15ConfigureDeviceEhhb
                0x000064b0        0x0 .\CortexM0\ARM_GCC_541\Debug\usbhub.o
                                  0x8 (size before relaxing)
 .ARM.exidx.text._ZN15USBDeviceConfig10GetAddressEv
                0x000064b0        0x0 .\CortexM0\ARM_GCC_541\Debug\usbhub.o
                                  0x8 (size before relaxing)
 .ARM.exidx.text._ZN15USBDeviceConfig12ResetHubPortEh
                0x000064b0        0x0 .\CortexM0\ARM_GCC_541\Debug\usbhub.o
                                  0x8 (size before relaxing)
 .ARM.exidx.text._ZN15USBDeviceConfig8VIDPIDOKEtt
                0x000064b0        0x0 .\CortexM0\ARM_GCC_541\Debug\usbhub.o
                                  0x8 (size before relaxing)
 .ARM.exidx.text._ZN15USBDeviceConfig10DEVCLASSOKEh
                0x000064b0        0x0 .\CortexM0\ARM_GCC_541\Debug\usbhub.o
                                  0x8 (size before relaxing)
 .ARM.exidx.text._ZN15USBDeviceConfig13DEVSUBCLASSOKEh
                0x000064b0        0x0 .\CortexM0\ARM_GCC_541\Debug\usbhub.o
                                  0x8 (size before relaxing)
 .ARM.exidx.text.delay
                0x000064b0        0x8 .\CortexM0\ARM_GCC_541\Debug\Arduino.o
 .ARM.exidx.text.millis
                0x000064b8        0x0 .\CortexM0\ARM_GCC_541\Debug\Arduino.o
                                  0x8 (size before relaxing)
 .ARM.exidx.text._ZN15AddressPoolImplILh16EE12AllocAddressEhbh
                0x000064b8        0x8 .\CortexM0\ARM_GCC_541\Debug\Usb.o
 .ARM.exidx.text._ZN8MAX3421eI4TPinI5PortbLh2EES0_IS1_Lh1EEE5regWrEhh.isra.0
                0x000064c0        0x8 .\CortexM0\ARM_GCC_541\Debug\Usb.o
 .ARM.exidx.text._ZN8MAX3421eI4TPinI5PortbLh2EES0_IS1_Lh1EEE5regRdEh.isra.1
                0x000064c8        0x8 .\CortexM0\ARM_GCC_541\Debug\Usb.o
 .ARM.exidx.text._ZN8MAX3421eI4TPinI5PortbLh2EES0_IS1_Lh1EEE7bytesWrEhhPh.isra.2
                0x000064d0        0x8 .\CortexM0\ARM_GCC_541\Debug\Usb.o
 .ARM.exidx.text._ZN15AddressPoolImplILh16EE15GetUsbDevicePtrEh
                0x000064d8        0x8 .\CortexM0\ARM_GCC_541\Debug\Usb.o
 .ARM.exidx.text._ZN15AddressPoolImplILh16EE18FreeAddressByIndexEh.part.8.constprop.11
                0x000064e0        0x0 .\CortexM0\ARM_GCC_541\Debug\Usb.o
                                  0x8 (size before relaxing)
 .ARM.exidx.text._ZN15AddressPoolImplILh16EE11FreeAddressEh
                0x000064e0        0x0 .\CortexM0\ARM_GCC_541\Debug\Usb.o
                                  0x8 (size before relaxing)
 .ARM.exidx.text._ZN3USBC2Ev
                0x000064e0        0x0 .\CortexM0\ARM_GCC_541\Debug\Usb.o
                                  0x8 (size before relaxing)
 .ARM.exidx.text._ZN3USB14getEpInfoEntryEhh
                0x000064e0        0x0 .\CortexM0\ARM_GCC_541\Debug\Usb.o
                                  0x8 (size before relaxing)
 .ARM.exidx.text._ZN3USB14setEpInfoEntryEhhP6EpInfo
                0x000064e0        0x0 .\CortexM0\ARM_GCC_541\Debug\Usb.o
                                  0x8 (size before relaxing)
 .ARM.exidx.text._ZN3USB10SetAddressEhhPP6EpInfoPt
                0x000064e0        0x8 .\CortexM0\ARM_GCC_541\Debug\Usb.o
 .ARM.exidx.text._ZN3USB11OutTransferEP6EpInfottPh
                0x000064e8        0x8 .\CortexM0\ARM_GCC_541\Debug\Usb.o
 .ARM.exidx.text._ZN3USB11outTransferEhhtPh
                0x000064f0        0x8 .\CortexM0\ARM_GCC_541\Debug\Usb.o
 .ARM.exidx.text._ZN3USB11dispatchPktEhht
                0x000064f8        0x8 .\CortexM0\ARM_GCC_541\Debug\Usb.o
 .ARM.exidx.text._ZN3USB10InTransferEP6EpInfotPtPhh
                0x00006500        0x8 .\CortexM0\ARM_GCC_541\Debug\Usb.o
 .ARM.exidx.text._ZN3USB10inTransferEhhPtPhh
                0x00006508        0x8 .\CortexM0\ARM_GCC_541\Debug\Usb.o
 .ARM.exidx.text._ZN3USB7ctrlReqEhhhhhhtttPhP13USBReadParser
                0x00006510        0x8 .\CortexM0\ARM_GCC_541\Debug\Usb.o
 .ARM.exidx.text._ZN3USB13AttemptConfigEhhhb
                0x00006518        0x8 .\CortexM0\ARM_GCC_541\Debug\Usb.o
 .ARM.exidx.text._ZN3USB11getDevDescrEhhtPh
                0x00006520        0x8 .\CortexM0\ARM_GCC_541\Debug\Usb.o
 .ARM.exidx.text._ZN3USB12getConfDescrEhhhP13USBReadParser
                0x00006528        0x8 .\CortexM0\ARM_GCC_541\Debug\Usb.o
 .ARM.exidx.text._ZN3USB7setAddrEhhh
                0x00006530        0x8 .\CortexM0\ARM_GCC_541\Debug\Usb.o
 .ARM.exidx.text._ZN3USB17DefaultAddressingEhhb
                0x00006538        0x8 .\CortexM0\ARM_GCC_541\Debug\Usb.o
 .ARM.exidx.text._ZN3USB11ConfiguringEhhb
                0x00006540        0x8 .\CortexM0\ARM_GCC_541\Debug\Usb.o
 .ARM.exidx.text._ZN3USB7setConfEhhh
                0x00006548        0x8 .\CortexM0\ARM_GCC_541\Debug\Usb.o
 .ARM.exidx.text._ZN3USB4TaskEv
                0x00006550        0x8 .\CortexM0\ARM_GCC_541\Debug\Usb.o
 .ARM.exidx.text._ZN9PS4Parser14getButtonClickE10ButtonEnum
                0x00006558        0x8 .\CortexM0\ARM_GCC_541\Debug\PS4Parser.o
 .ARM.exidx.text._ZN9PS4Parser15getAnalogButtonE10ButtonEnum
                0x00006560        0x0 .\CortexM0\ARM_GCC_541\Debug\PS4Parser.o
                                  0x8 (size before relaxing)
 .ARM.exidx.text._ZN9PS4Parser12getAnalogHatE13AnalogHatEnum
                0x00006560        0x0 .\CortexM0\ARM_GCC_541\Debug\PS4Parser.o
                                  0x8 (size before relaxing)
 .ARM.exidx.text._ZN9PS4Parser5ParseEhPh
                0x00006560        0x8 .\CortexM0\ARM_GCC_541\Debug\PS4Parser.o
 .ARM.exidx.text._ZN9PS4Parser5ResetEv
                0x00006568        0x8 .\CortexM0\ARM_GCC_541\Debug\PS4Parser.o
 .ARM.exidx.text._ZN20MultiByteValueParser5ParseEPPhPt.part.0
                0x00006570        0x0 .\CortexM0\ARM_GCC_541\Debug\parsetools.o
                                  0x8 (size before relaxing)
 .ARM.exidx.text._ZN20MultiByteValueParser5ParseEPPhPt
                0x00006570        0x0 .\CortexM0\ARM_GCC_541\Debug\parsetools.o
                                  0x8 (size before relaxing)
 .ARM.exidx.text._ZN5BTHID14ParseBTHIDDataEhPh
                0x00006570        0x0 .\CortexM0\ARM_GCC_541\Debug\BTHID.o
                                  0x8 (size before relaxing)
 .ARM.exidx.text._ZN5BTHID11OnInitBTHIDEv
                0x00006570        0x0 .\CortexM0\ARM_GCC_541\Debug\BTHID.o
                                  0x8 (size before relaxing)
 .ARM.exidx.text._ZN5BTHID10ResetBTHIDEv
                0x00006570        0x0 .\CortexM0\ARM_GCC_541\Debug\BTHID.o
                                  0x8 (size before relaxing)
 .ARM.exidx.text._ZN5BTHID10disconnectEv
                0x00006570        0x8 .\CortexM0\ARM_GCC_541\Debug\BTHID.o
 .ARM.exidx.text._ZN5BTHID3RunEv
                0x00006578        0x8 .\CortexM0\ARM_GCC_541\Debug\BTHID.o
 .ARM.exidx.text._ZN5BTHID5ResetEv
                0x00006580        0x8 .\CortexM0\ARM_GCC_541\Debug\BTHID.o
 .ARM.exidx.text._ZN5BTHIDC2EP3BTDbPKc
                0x00006588        0x8 .\CortexM0\ARM_GCC_541\Debug\BTHID.o
 .ARM.exidx.text._ZN5BTHID11setProtocolEv
                0x00006590        0x8 .\CortexM0\ARM_GCC_541\Debug\BTHID.o
 .ARM.exidx.text._ZN5BTHID10L2CAP_taskEv
                0x00006598        0x8 .\CortexM0\ARM_GCC_541\Debug\BTHID.o
 .ARM.exidx.text._ZN5BTHID7ACLDataEPh
                0x000065a0        0x8 .\CortexM0\ARM_GCC_541\Debug\BTHID.o
 .ARM.exidx.text._ZN3BTD10GetAddressEv
                0x000065a8        0x8 .\CortexM0\ARM_GCC_541\Debug\BTD.o
 .ARM.exidx.text._ZN3BTD7isReadyEv
                0x000065b0        0x0 .\CortexM0\ARM_GCC_541\Debug\BTD.o
                                  0x8 (size before relaxing)
 .ARM.exidx.text._ZN3BTD10DEVCLASSOKEh
                0x000065b0        0x0 .\CortexM0\ARM_GCC_541\Debug\BTD.o
                                  0x8 (size before relaxing)
 .ARM.exidx.text._ZN3BTD8VIDPIDOKEtt
                0x000065b0        0x0 .\CortexM0\ARM_GCC_541\Debug\BTD.o
                                  0x8 (size before relaxing)
 .ARM.exidx.text._ZN16ConfigDescParserILh255ELh1ELh1ELh7EE5ParseEtPKhRKt
                0x000065b0        0x8 .\CortexM0\ARM_GCC_541\Debug\BTD.o
 .ARM.exidx.text._ZN3BTD14EndpointXtractEhhhhPK23USB_ENDPOINT_DESCRIPTOR
                0x000065b8        0x8 .\CortexM0\ARM_GCC_541\Debug\BTD.o
 .ARM.exidx.text._ZThn4_N3BTD14EndpointXtractEhhhhPK23USB_ENDPOINT_DESCRIPTOR
                0x000065c0        0x0 .\CortexM0\ARM_GCC_541\Debug\BTD.o
                                  0x8 (size before relaxing)
 .ARM.exidx.text._ZN16ConfigDescParserILh224ELh1ELh1ELh7EE5ParseEtPKhRKt
                0x000065c0        0x8 .\CortexM0\ARM_GCC_541\Debug\BTD.o
 .ARM.exidx.text._ZN3BTD10InitializeEv
                0x000065c8        0x8 .\CortexM0\ARM_GCC_541\Debug\BTD.o
 .ARM.exidx.text._ZN3BTDC2EP3USB
                0x000065d0        0x8 .\CortexM0\ARM_GCC_541\Debug\BTD.o
 .ARM.exidx.text._ZN3BTD15ConfigureDeviceEhhb
                0x000065d8        0x8 .\CortexM0\ARM_GCC_541\Debug\BTD.o
 .ARM.exidx.text._ZN3BTD7ReleaseEv
                0x000065e0        0x8 .\CortexM0\ARM_GCC_541\Debug\BTD.o
 .ARM.exidx.text._ZN3BTD14ACL_event_taskEv
                0x000065e8        0x8 .\CortexM0\ARM_GCC_541\Debug\BTD.o
 .ARM.exidx.text._ZN3BTD11HCI_CommandEPht
                0x000065f0        0x8 .\CortexM0\ARM_GCC_541\Debug\BTD.o
 .ARM.exidx.text._ZN3BTD21hci_write_scan_enableEv
                0x000065f8        0x8 .\CortexM0\ARM_GCC_541\Debug\BTD.o
 .ARM.exidx.text._ZN3BTD21hci_accept_connectionEv
                0x00006600        0x0 .\CortexM0\ARM_GCC_541\Debug\BTD.o
                                  0x8 (size before relaxing)
 .ARM.exidx.text._ZN3BTD15hci_remote_nameEv
                0x00006600        0x0 .\CortexM0\ARM_GCC_541\Debug\BTD.o
                                  0x8 (size before relaxing)
 .ARM.exidx.text._ZN3BTD18hci_set_local_nameEPKc
                0x00006600        0x8 .\CortexM0\ARM_GCC_541\Debug\BTD.o
 .ARM.exidx.text._ZN3BTD11hci_inquiryEv
                0x00006608        0x8 .\CortexM0\ARM_GCC_541\Debug\BTD.o
 .ARM.exidx.text._ZN3BTD11hci_connectEPh
                0x00006610        0x0 .\CortexM0\ARM_GCC_541\Debug\BTD.o
                                  0x8 (size before relaxing)
 .ARM.exidx.text._ZN3BTD8HCI_taskEv
                0x00006610        0x8 .\CortexM0\ARM_GCC_541\Debug\BTD.o
 .ARM.exidx.text._ZN3BTD26hci_pin_code_request_replyEv
                0x00006618        0x8 .\CortexM0\ARM_GCC_541\Debug\BTD.o
 .ARM.exidx.text._ZN3BTD35hci_pin_code_negative_request_replyEv
                0x00006620        0x8 .\CortexM0\ARM_GCC_541\Debug\BTD.o
 .ARM.exidx.text._ZN3BTD35hci_link_key_request_negative_replyEv
                0x00006628        0x0 .\CortexM0\ARM_GCC_541\Debug\BTD.o
                                  0x8 (size before relaxing)
 .ARM.exidx.text._ZN3BTD14hci_disconnectEt
                0x00006628        0x0 .\CortexM0\ARM_GCC_541\Debug\BTD.o
                                  0x8 (size before relaxing)
 .ARM.exidx.text._ZN3BTD14HCI_event_taskEv
                0x00006628        0x8 .\CortexM0\ARM_GCC_541\Debug\BTD.o
 .ARM.exidx.text._ZN3BTD4PollEv
                0x00006630        0x8 .\CortexM0\ARM_GCC_541\Debug\BTD.o
 .ARM.exidx.text._ZN3BTD13L2CAP_CommandEtPhhhh
                0x00006638        0x8 .\CortexM0\ARM_GCC_541\Debug\BTD.o
 .ARM.exidx.text._ZN3BTD24l2cap_connection_requestEthPht
                0x00006640        0x8 .\CortexM0\ARM_GCC_541\Debug\BTD.o
 .ARM.exidx.text._ZN3BTD25l2cap_connection_responseEthPhS0_h
                0x00006648        0x8 .\CortexM0\ARM_GCC_541\Debug\BTD.o
 .ARM.exidx.text._ZN3BTD20l2cap_config_requestEthPh
                0x00006650        0x8 .\CortexM0\ARM_GCC_541\Debug\BTD.o
 .ARM.exidx.text._ZN3BTD21l2cap_config_responseEthPh
                0x00006658        0x8 .\CortexM0\ARM_GCC_541\Debug\BTD.o
 .ARM.exidx.text._ZN3BTD27l2cap_disconnection_requestEthPhS0_
                0x00006660        0x0 .\CortexM0\ARM_GCC_541\Debug\BTD.o
                                  0x8 (size before relaxing)
 .ARM.exidx.text._ZN3BTD28l2cap_disconnection_responseEthPhS0_
                0x00006660        0x0 .\CortexM0\ARM_GCC_541\Debug\BTD.o
                                  0x8 (size before relaxing)
 .ARM.exidx.text._ZN3BTD9setBdaddrEPh
                0x00006660        0x8 .\CortexM0\ARM_GCC_541\Debug\BTD.o
 .ARM.exidx.text._ZN3BTD13setMoveBdaddrEPh
                0x00006668        0x8 .\CortexM0\ARM_GCC_541\Debug\BTD.o
 .ARM.exidx.text._ZN3BTD4InitEhhb
                0x00006670       0x10 .\CortexM0\ARM_GCC_541\Debug\BTD.o
                                  0x8 (size before relaxing)
 .ARM.exidx     0x00006680       0x90 c:/program files (x86)/cypress/psoc creator/4.1/psoc creator/import/gnu/arm/5.4.1/bin/../lib/gcc/arm-none-eabi/5.4.1/armv6-m\libgcc.a(unwind-arm.o)
                                 0xd8 (size before relaxing)
 .ARM.exidx     0x00006710       0x30 c:/program files (x86)/cypress/psoc creator/4.1/psoc creator/import/gnu/arm/5.4.1/bin/../lib/gcc/arm-none-eabi/5.4.1/armv6-m\libgcc.a(pr-support.o)
                                 0x48 (size before relaxing)
                0x00006740                __exidx_end = .

.rodata         0x00006740      0x8f0
 *(.rodata .rodata.* .gnu.linkonce.r.*)
 .rodata._ZTS9PS4Parser
                0x00006740        0xb .\CortexM0\ARM_GCC_541\Debug\main.o
                0x00006740                typeinfo name for PS4Parser
 *fill*         0x0000674b        0x1 
 .rodata._ZTI9PS4Parser
                0x0000674c        0x8 .\CortexM0\ARM_GCC_541\Debug\main.o
                0x0000674c                typeinfo for PS4Parser
 .rodata._ZTS5PS4BT
                0x00006754        0x7 .\CortexM0\ARM_GCC_541\Debug\main.o
                0x00006754                typeinfo name for PS4BT
 *fill*         0x0000675b        0x1 
 .rodata._ZTI5PS4BT
                0x0000675c       0x20 .\CortexM0\ARM_GCC_541\Debug\main.o
                0x0000675c                typeinfo for PS4BT
 .rodata._ZTV9PS4Parser
                0x0000677c        0xc .\CortexM0\ARM_GCC_541\Debug\main.o
                0x0000677c                vtable for PS4Parser
 .rodata._ZTV5PS4BT
                0x00006788       0x38 .\CortexM0\ARM_GCC_541\Debug\main.o
                0x00006788                vtable for PS4BT
 .rodata.str1.4
                0x000067c0      0x14d .\CortexM0\ARM_GCC_541\Debug\main.o
                                0x155 (size before relaxing)
 *fill*         0x0000690d        0x3 
 .rodata._ZTS15USBDeviceConfig
                0x00006910       0x12 .\CortexM0\ARM_GCC_541\Debug\usbhub.o
                0x00006910                typeinfo name for USBDeviceConfig
 *fill*         0x00006922        0x2 
 .rodata._ZTI15USBDeviceConfig
                0x00006924        0x8 .\CortexM0\ARM_GCC_541\Debug\usbhub.o
                0x00006924                typeinfo for USBDeviceConfig
 .rodata._ZTS11AddressPool
                0x0000692c        0xe .\CortexM0\ARM_GCC_541\Debug\Usb.o
                0x0000692c                typeinfo name for AddressPool
 *fill*         0x0000693a        0x2 
 .rodata._ZTI11AddressPool
                0x0000693c        0x8 .\CortexM0\ARM_GCC_541\Debug\Usb.o
                0x0000693c                typeinfo for AddressPool
 .rodata._ZTS15AddressPoolImplILh16EE
                0x00006944       0x19 .\CortexM0\ARM_GCC_541\Debug\Usb.o
                0x00006944                typeinfo name for AddressPoolImpl<(unsigned char)16>
 *fill*         0x0000695d        0x3 
 .rodata._ZTI15AddressPoolImplILh16EE
                0x00006960        0xc .\CortexM0\ARM_GCC_541\Debug\Usb.o
                0x00006960                typeinfo for AddressPoolImpl<(unsigned char)16>
 .rodata._ZTV15AddressPoolImplILh16EE
                0x0000696c       0x14 .\CortexM0\ARM_GCC_541\Debug\Usb.o
                0x0000696c                vtable for AddressPoolImpl<(unsigned char)16>
 .rodata        0x00006980       0x12 .\CortexM0\ARM_GCC_541\Debug\PS4Parser.o
 *fill*         0x00006992        0x2 
 .rodata        0x00006994       0x64 .\CortexM0\ARM_GCC_541\Debug\BTHID.o
                0x000069bc                vtable for BTHID
                0x000069e4                typeinfo name for BTHID
                0x000069ec                typeinfo for BTHID
 .rodata._ZTS16BluetoothService
                0x000069f8       0x13 .\CortexM0\ARM_GCC_541\Debug\BTHID.o
                0x000069f8                typeinfo name for BluetoothService
 *fill*         0x00006a0b        0x1 
 .rodata._ZTI16BluetoothService
                0x00006a0c        0x8 .\CortexM0\ARM_GCC_541\Debug\BTHID.o
                0x00006a0c                typeinfo for BluetoothService
 .rodata._ZTV16BluetoothService
                0x00006a14       0x1c .\CortexM0\ARM_GCC_541\Debug\BTHID.o
                0x00006a14                vtable for BluetoothService
 .rodata._ZN16ConfigDescParserILh255ELh1ELh1ELh7EE5ParseEtPKhRKt
                0x00006a30       0x14 .\CortexM0\ARM_GCC_541\Debug\BTD.o
 .rodata._ZN16ConfigDescParserILh224ELh1ELh1ELh7EE5ParseEtPKhRKt
                0x00006a44       0x14 .\CortexM0\ARM_GCC_541\Debug\BTD.o
 .rodata        0x00006a58      0x110 .\CortexM0\ARM_GCC_541\Debug\BTD.o
                0x00006afc                vtable for BTD
                0x00006b3c                typeinfo name for BTD
                0x00006b44                typeinfo for BTD
                0x00006b64                BTD::BTD_DATAOUT_PIPE
                0x00006b65                BTD::BTD_DATAIN_PIPE
                0x00006b66                BTD::BTD_EVENT_PIPE
                0x00006b67                BTD::BTD_CONTROL_PIPE
 .rodata._ZTS13USBReadParser
                0x00006b68       0x10 .\CortexM0\ARM_GCC_541\Debug\BTD.o
                0x00006b68                typeinfo name for USBReadParser
 .rodata._ZTI13USBReadParser
                0x00006b78        0x8 .\CortexM0\ARM_GCC_541\Debug\BTD.o
                0x00006b78                typeinfo for USBReadParser
 .rodata._ZTS17UsbConfigXtracter
                0x00006b80       0x14 .\CortexM0\ARM_GCC_541\Debug\BTD.o
                0x00006b80                typeinfo name for UsbConfigXtracter
 .rodata._ZTI17UsbConfigXtracter
                0x00006b94        0x8 .\CortexM0\ARM_GCC_541\Debug\BTD.o
                0x00006b94                typeinfo for UsbConfigXtracter
 .rodata._ZTS16ConfigDescParserILh255ELh1ELh1ELh7EE
                0x00006b9c       0x27 .\CortexM0\ARM_GCC_541\Debug\BTD.o
                0x00006b9c                typeinfo name for ConfigDescParser<(unsigned char)255, (unsigned char)1, (unsigned char)1, (unsigned char)7>
 *fill*         0x00006bc3        0x1 
 .rodata._ZTI16ConfigDescParserILh255ELh1ELh1ELh7EE
                0x00006bc4        0xc .\CortexM0\ARM_GCC_541\Debug\BTD.o
                0x00006bc4                typeinfo for ConfigDescParser<(unsigned char)255, (unsigned char)1, (unsigned char)1, (unsigned char)7>
 .rodata._ZTS16ConfigDescParserILh224ELh1ELh1ELh7EE
                0x00006bd0       0x27 .\CortexM0\ARM_GCC_541\Debug\BTD.o
                0x00006bd0                typeinfo name for ConfigDescParser<(unsigned char)224, (unsigned char)1, (unsigned char)1, (unsigned char)7>
 *fill*         0x00006bf7        0x1 
 .rodata._ZTI16ConfigDescParserILh224ELh1ELh1ELh7EE
                0x00006bf8        0xc .\CortexM0\ARM_GCC_541\Debug\BTD.o
                0x00006bf8                typeinfo for ConfigDescParser<(unsigned char)224, (unsigned char)1, (unsigned char)1, (unsigned char)7>
 .rodata._ZTV16ConfigDescParserILh255ELh1ELh1ELh7EE
                0x00006c04        0xc .\CortexM0\ARM_GCC_541\Debug\BTD.o
                0x00006c04                vtable for ConfigDescParser<(unsigned char)255, (unsigned char)1, (unsigned char)1, (unsigned char)7>
 .rodata._ZTV16ConfigDescParserILh224ELh1ELh1ELh7EE
                0x00006c10        0xc .\CortexM0\ARM_GCC_541\Debug\BTD.o
                0x00006c10                vtable for ConfigDescParser<(unsigned char)224, (unsigned char)1, (unsigned char)1, (unsigned char)7>
 .rodata.str1.4
                0x00006c1c       0x64 .\CortexM0\ARM_GCC_541\Debug\BTD.o
 .rodata.str1.4
                0x00006c80       0x14 .\CortexM0\ARM_GCC_541\Debug\iprintf.o
                                 0x11 (size before relaxing)
 .rodata        0x00006c94      0x1fc .\CortexM0\ARM_GCC_541\Debug\cyfitter_cfg.o
 .rodata        0x00006e90       0x2e .\CortexM0\ARM_GCC_541\Debug\Bluetooth_Dev.a(CyLib.o)
                0x00006e90                cyImoFreqMhz2Reg
 *fill*         0x00006ebe        0x2 
 .rodata._ZTVN10__cxxabiv120__si_class_type_infoE
                0x00006ec0       0x2c c:/program files (x86)/cypress/psoc creator/4.1/psoc creator/import/gnu/arm/5.4.1/bin/../lib/gcc/arm-none-eabi/5.4.1/../../../../arm-none-eabi/lib/armv6-m\libstdc++_nano.a(si_class_type_info.o)
                0x00006ec0                vtable for __cxxabiv1::__si_class_type_info
 .rodata._ZTIN10__cxxabiv120__si_class_type_infoE
                0x00006eec        0xc c:/program files (x86)/cypress/psoc creator/4.1/psoc creator/import/gnu/arm/5.4.1/bin/../lib/gcc/arm-none-eabi/5.4.1/../../../../arm-none-eabi/lib/armv6-m\libstdc++_nano.a(si_class_type_info.o)
                0x00006eec                typeinfo for __cxxabiv1::__si_class_type_info
 .rodata._ZTSN10__cxxabiv120__si_class_type_infoE
                0x00006ef8       0x25 c:/program files (x86)/cypress/psoc creator/4.1/psoc creator/import/gnu/arm/5.4.1/bin/../lib/gcc/arm-none-eabi/5.4.1/../../../../arm-none-eabi/lib/armv6-m\libstdc++_nano.a(si_class_type_info.o)
                0x00006ef8                typeinfo name for __cxxabiv1::__si_class_type_info
 *fill*         0x00006f1d        0x3 
 .rodata._ZTIN10__cxxabiv121__vmi_class_type_infoE
                0x00006f20        0xc c:/program files (x86)/cypress/psoc creator/4.1/psoc creator/import/gnu/arm/5.4.1/bin/../lib/gcc/arm-none-eabi/5.4.1/../../../../arm-none-eabi/lib/armv6-m\libstdc++_nano.a(vmi_class_type_info.o)
                0x00006f20                typeinfo for __cxxabiv1::__vmi_class_type_info
 .rodata._ZTSN10__cxxabiv121__vmi_class_type_infoE
                0x00006f2c       0x26 c:/program files (x86)/cypress/psoc creator/4.1/psoc creator/import/gnu/arm/5.4.1/bin/../lib/gcc/arm-none-eabi/5.4.1/../../../../arm-none-eabi/lib/armv6-m\libstdc++_nano.a(vmi_class_type_info.o)
                0x00006f2c                typeinfo name for __cxxabiv1::__vmi_class_type_info
 *fill*         0x00006f52        0x2 
 .rodata._ZTVN10__cxxabiv121__vmi_class_type_infoE
                0x00006f54       0x2c c:/program files (x86)/cypress/psoc creator/4.1/psoc creator/import/gnu/arm/5.4.1/bin/../lib/gcc/arm-none-eabi/5.4.1/../../../../arm-none-eabi/lib/armv6-m\libstdc++_nano.a(vmi_class_type_info.o)
                0x00006f54                vtable for __cxxabiv1::__vmi_class_type_info
 .rodata._ZTISt9type_info
                0x00006f80        0x8 c:/program files (x86)/cypress/psoc creator/4.1/psoc creator/import/gnu/arm/5.4.1/bin/../lib/gcc/arm-none-eabi/5.4.1/../../../../arm-none-eabi/lib/armv6-m\libstdc++_nano.a(tinfo.o)
                0x00006f80                typeinfo for std::type_info
 .rodata._ZTSSt9type_info
                0x00006f88        0xd c:/program files (x86)/cypress/psoc creator/4.1/psoc creator/import/gnu/arm/5.4.1/bin/../lib/gcc/arm-none-eabi/5.4.1/../../../../arm-none-eabi/lib/armv6-m\libstdc++_nano.a(tinfo.o)
                0x00006f88                typeinfo name for std::type_info
 *fill*         0x00006f95        0x3 
 .rodata._ZTVN10__cxxabiv117__class_type_infoE
                0x00006f98       0x2c c:/program files (x86)/cypress/psoc creator/4.1/psoc creator/import/gnu/arm/5.4.1/bin/../lib/gcc/arm-none-eabi/5.4.1/../../../../arm-none-eabi/lib/armv6-m\libstdc++_nano.a(class_type_info.o)
                0x00006f98                vtable for __cxxabiv1::__class_type_info
 .rodata._ZTIN10__cxxabiv117__class_type_infoE
                0x00006fc4        0xc c:/program files (x86)/cypress/psoc creator/4.1/psoc creator/import/gnu/arm/5.4.1/bin/../lib/gcc/arm-none-eabi/5.4.1/../../../../arm-none-eabi/lib/armv6-m\libstdc++_nano.a(class_type_info.o)
                0x00006fc4                typeinfo for __cxxabiv1::__class_type_info
 .rodata._ZTSN10__cxxabiv117__class_type_infoE
                0x00006fd0       0x22 c:/program files (x86)/cypress/psoc creator/4.1/psoc creator/import/gnu/arm/5.4.1/bin/../lib/gcc/arm-none-eabi/5.4.1/../../../../arm-none-eabi/lib/armv6-m\libstdc++_nano.a(class_type_info.o)
                0x00006fd0                typeinfo name for __cxxabiv1::__class_type_info
 .rodata.str1.1
                0x00006ff2        0x2 c:/program files (x86)/cypress/psoc creator/4.1/psoc creator/import/gnu/arm/5.4.1/bin/../lib/gcc/arm-none-eabi/5.4.1/../../../../arm-none-eabi/lib/armv6-m\libg_nano.a(lib_a-impure.o)
                0x00006ff4                . = ALIGN (0x4)
 *(.init)
 .init          0x00006ff4        0x4 c:/program files (x86)/cypress/psoc creator/4.1/psoc creator/import/gnu/arm/5.4.1/bin/../lib/gcc/arm-none-eabi/5.4.1/armv6-m/crti.o
                0x00006ff4                _init
 .init          0x00006ff8        0x8 c:/program files (x86)/cypress/psoc creator/4.1/psoc creator/import/gnu/arm/5.4.1/bin/../lib/gcc/arm-none-eabi/5.4.1/armv6-m/crtn.o
                0x00007000                . = ALIGN (0x4)
                0x00007000                __preinit_array_start = .
 *(.preinit_array)
                0x00007000                __preinit_array_end = .
                0x00007000                . = ALIGN (0x4)
                0x00007000                __init_array_start = .
 *(SORT(.init_array.*))
 *(.init_array)
 .init_array    0x00007000        0x4 c:/program files (x86)/cypress/psoc creator/4.1/psoc creator/import/gnu/arm/5.4.1/bin/../lib/gcc/arm-none-eabi/5.4.1/armv6-m/crtbegin.o
 .init_array    0x00007004        0x4 .\CortexM0\ARM_GCC_541\Debug\main.o
 .init_array    0x00007008        0x4 .\CortexM0\ARM_GCC_541\Debug\Cm0Start.o
                0x0000700c                __init_array_end = .
                0x0000700c                . = ALIGN (0x4)
 *(.fini)
 .fini          0x0000700c        0x4 c:/program files (x86)/cypress/psoc creator/4.1/psoc creator/import/gnu/arm/5.4.1/bin/../lib/gcc/arm-none-eabi/5.4.1/armv6-m/crti.o
                0x0000700c                _fini
 .fini          0x00007010        0x8 c:/program files (x86)/cypress/psoc creator/4.1/psoc creator/import/gnu/arm/5.4.1/bin/../lib/gcc/arm-none-eabi/5.4.1/armv6-m/crtn.o
                0x00007018                . = ALIGN (0x4)
                0x00007018                __fini_array_start = .
 *(.fini_array)
 .fini_array    0x00007018        0x4 c:/program files (x86)/cypress/psoc creator/4.1/psoc creator/import/gnu/arm/5.4.1/bin/../lib/gcc/arm-none-eabi/5.4.1/armv6-m/crtbegin.o
 *(SORT(.fini_array.*))
                0x0000701c                __fini_array_end = .
                0x0000701c                . = ALIGN (0x4)
 *crtbegin.o(.ctors)
 *(EXCLUDE_FILE(*crtend.o) .ctors)
 *(SORT(.ctors.*))
 *crtend.o(.ctors)
                0x0000701c                . = ALIGN (0x4)
 *crtbegin.o(.dtors)
 *(EXCLUDE_FILE(*crtend.o) .dtors)
 *(SORT(.dtors.*))
 *crtend.o(.dtors)
                0x0000701c                . = ALIGN (0x4)
                0x0000701c                __cy_regions = .
                0x0000701c        0x4 LONG 0x7030 __cy_region_init_ram
                0x00007020        0x4 LONG 0x200000c0 __cy_region_start_data
                0x00007024        0x4 LONG 0x88 __cy_region_init_size_ram
                0x00007028        0x4 LONG 0x2d8 __cy_region_zero_size_ram
                0x0000702c                __cy_regions_end = .
                0x00007030                . = ALIGN (0x8)
 *fill*         0x0000702c        0x4 
                0x00007030                _etext = .

.cy_checksum_exclude
                0x00007030        0x0
 *(.cy_checksum_exclude)

.ramvectors     0x20000000       0xc0
                0x20000000                __cy_region_start_ram = .
 *(.ramvectors)
 .ramvectors    0x20000000       0xc0 .\CortexM0\ARM_GCC_541\Debug\Cm0Start.o
                0x20000000                CyRamVectors

.noinit
 *(.noinit)

.data           0x200000c0       0x88 load address 0x00007030
                0x200000c0                __cy_region_start_data = .
 *(.jcr)
 .jcr           0x200000c0        0x0 c:/program files (x86)/cypress/psoc creator/4.1/psoc creator/import/gnu/arm/5.4.1/bin/../lib/gcc/arm-none-eabi/5.4.1/armv6-m/crtbegin.o
 .jcr           0x200000c0        0x4 c:/program files (x86)/cypress/psoc creator/4.1/psoc creator/import/gnu/arm/5.4.1/bin/../lib/gcc/arm-none-eabi/5.4.1/armv6-m/crtend.o
 *(.got.plt)
 *(.got)
 *(.shdata)
 *(.data .data.* .gnu.linkonce.d.*)
 .data          0x200000c4       0x14 .\CortexM0\ARM_GCC_541\Debug\Bluetooth_Dev.a(CyLib.o)
                0x200000c4                CySysClkPumpConfig
                0x200000c8                cydelayFreqMhz
                0x200000cc                cydelay32kMs
                0x200000d0                cydelayFreqKhz
                0x200000d4                cydelayFreqHz
 .data          0x200000d8        0x4 .\CortexM0\ARM_GCC_541\Debug\Bluetooth_Dev.a(CyLFClk.o)
 .data._ZN10__cxxabiv119__terminate_handlerE
                0x200000dc        0x4 c:/program files (x86)/cypress/psoc creator/4.1/psoc creator/import/gnu/arm/5.4.1/bin/../lib/gcc/arm-none-eabi/5.4.1/../../../../arm-none-eabi/lib/armv6-m\libstdc++_nano.a(eh_term_handler.o)
                0x200000dc                __cxxabiv1::__terminate_handler
 .data.impure_data
                0x200000e0       0x60 c:/program files (x86)/cypress/psoc creator/4.1/psoc creator/import/gnu/arm/5.4.1/bin/../lib/gcc/arm-none-eabi/5.4.1/../../../../arm-none-eabi/lib/armv6-m\libg_nano.a(lib_a-impure.o)
 .data._impure_ptr
                0x20000140        0x4 c:/program files (x86)/cypress/psoc creator/4.1/psoc creator/import/gnu/arm/5.4.1/bin/../lib/gcc/arm-none-eabi/5.4.1/../../../../arm-none-eabi/lib/armv6-m\libg_nano.a(lib_a-impure.o)
                0x20000140                _impure_ptr
                0x20000148                . = ALIGN (0x8)
 *fill*         0x20000144        0x4 
 *(.ram)
                0x20000148                _edata = .

.igot.plt       0x20000148        0x0 load address 0x000070b8
 .igot.plt      0x20000148        0x0 c:/program files (x86)/cypress/psoc creator/4.1/psoc creator/import/gnu/arm/5.4.1/bin/../lib/gcc/arm-none-eabi/5.4.1/armv6-m/crtbegin.o

.bss            0x20000148      0x2d8 load address 0x000070b8
                0x20000148                PROVIDE (__bss_start__, .)
 *(.shbss)
 *(.bss .bss.* .gnu.linkonce.b.*)
 .bss           0x20000148       0x1c c:/program files (x86)/cypress/psoc creator/4.1/psoc creator/import/gnu/arm/5.4.1/bin/../lib/gcc/arm-none-eabi/5.4.1/armv6-m/crtbegin.o
 .bss           0x20000164      0x26c .\CortexM0\ARM_GCC_541\Debug\main.o
                0x20000164                DDRB
                0x20000168                PORTB
                0x2000016c                Usb
                0x20000228                PS4
                0x200002a4                oldL2Value
                0x200002a5                oldR2Value
                0x200002a6                printAngle
                0x200002a7                printTouch
                0x200002a8                Btd
                0x200003c0                Pd0
                0x200003c1                Pd8
                0x200003c2                Pd7
                0x200003c3                Pd6
                0x200003c4                Pd5
                0x200003c5                Pd4
                0x200003c6                Pd3
                0x200003c7                Pd2
                0x200003c8                Pd1
                0x200003cc                PINB
 .bss._ZN8MAX3421eI4TPinI5PortbLh2EES0_IS1_Lh1EEE9vbusStateE
                0x200003d0        0x1 .\CortexM0\ARM_GCC_541\Debug\main.o
                0x200003d0                MAX3421e<TPin<Portb, (unsigned char)2>, TPin<Portb, (unsigned char)1> >::vbusState
 *fill*         0x200003d1        0x3 
 .bss           0x200003d4       0x10 .\CortexM0\ARM_GCC_541\Debug\Arduino.o
                0x200003d4                currentMilli
                0x200003d8                lastMilli
                0x200003dc                milliCount
                0x200003e0                milliValue
 .bss           0x200003e4        0x8 .\CortexM0\ARM_GCC_541\Debug\Usb.o
 .bss           0x200003ec       0x20 .\CortexM0\ARM_GCC_541\Debug\Bluetooth_Dev.a(CyLFClk.o)
 .bss           0x2000040c        0x4 .\CortexM0\ARM_GCC_541\Debug\Bluetooth_Dev.a(UART.o)
                0x2000040c                UART_initVar
                0x2000040e                UART_IntrTxMask
 .bss           0x20000410        0x1 .\CortexM0\ARM_GCC_541\Debug\Bluetooth_Dev.a(SPI.o)
                0x20000410                SPI_initVar
 .bss           0x20000411        0x1 .\CortexM0\ARM_GCC_541\Debug\Bluetooth_Dev.a(Millis_Timer.o)
                0x20000411                Millis_Timer_initVar
 *fill*         0x20000412        0x2 
 .bss.__malloc_free_list
                0x20000414        0x4 c:/program files (x86)/cypress/psoc creator/4.1/psoc creator/import/gnu/arm/5.4.1/bin/../lib/gcc/arm-none-eabi/5.4.1/../../../../arm-none-eabi/lib/armv6-m\libg_nano.a(lib_a-nano-mallocr.o)
                0x20000414                __malloc_free_list
 *(COMMON)
 COMMON         0x20000418        0x4 c:/program files (x86)/cypress/psoc creator/4.1/psoc creator/import/gnu/arm/5.4.1/bin/../lib/gcc/arm-none-eabi/5.4.1/../../../../arm-none-eabi/lib/armv6-m\libg_nano.a(lib_a-reent.o)
                0x20000418                errno
                0x20000420                . = ALIGN (0x8)
 *fill*         0x2000041c        0x4 
 *(.ram.b)
                0x20000420                _end = .
                0x20000420                __end = .
                0x20000420                PROVIDE (end, .)
                0x20000420                PROVIDE (__bss_end__, .)
                0x00007030                __cy_region_init_ram = LOADADDR (.data)
                0x00000088                __cy_region_init_size_ram = (_edata - ADDR (.data))
                0x000002d8                __cy_region_zero_size_ram = (_end - _edata)

.heap           0x20000420       0x80 load address 0x000070b8
                0x20000420                . = _end
                0x200004a0                . = (. + 0x80)
 *fill*         0x20000420       0x80 
                0x200004a0                __cy_heap_limit = .

.stack          0x20000c00      0x400