ARM GAS  C:\Users\jrdia\AppData\Local\Temp\ccjjVmhT.s 			page 1


   1              		.syntax unified
   2              		.cpu cortex-m0
   3              		.fpu softvfp
   4              		.eabi_attribute 20, 1
   5              		.eabi_attribute 21, 1
   6              		.eabi_attribute 23, 3
   7              		.eabi_attribute 24, 1
   8              		.eabi_attribute 25, 1
   9              		.eabi_attribute 26, 1
  10              		.eabi_attribute 30, 2
  11              		.eabi_attribute 34, 0
  12              		.eabi_attribute 18, 4
  13              		.thumb
  14              		.syntax unified
  15              		.file	"isr_1.c"
  16              		.text
  17              	.Ltext0:
  18              		.cfi_sections	.debug_frame
  19              		.section	.text.isr_1_Interrupt,"ax",%progbits
  20              		.align	2
  21              		.global	isr_1_Interrupt
  22              		.code	16
  23              		.thumb_func
  24              		.type	isr_1_Interrupt, %function
  25              	isr_1_Interrupt:
  26              	.LFB3:
  27              		.file 1 "Generated_Source\\PSoC4\\isr_1.c"
   1:Generated_Source\PSoC4/isr_1.c **** /*******************************************************************************
   2:Generated_Source\PSoC4/isr_1.c **** * File Name: isr_1.c  
   3:Generated_Source\PSoC4/isr_1.c **** * Version 1.70
   4:Generated_Source\PSoC4/isr_1.c **** *
   5:Generated_Source\PSoC4/isr_1.c **** *  Description:
   6:Generated_Source\PSoC4/isr_1.c **** *   API for controlling the state of an interrupt.
   7:Generated_Source\PSoC4/isr_1.c **** *
   8:Generated_Source\PSoC4/isr_1.c **** *
   9:Generated_Source\PSoC4/isr_1.c **** *  Note:
  10:Generated_Source\PSoC4/isr_1.c **** *
  11:Generated_Source\PSoC4/isr_1.c **** ********************************************************************************
  12:Generated_Source\PSoC4/isr_1.c **** * Copyright 2008-2015, Cypress Semiconductor Corporation.  All rights reserved.
  13:Generated_Source\PSoC4/isr_1.c **** * You may use this file only in accordance with the license, terms, conditions, 
  14:Generated_Source\PSoC4/isr_1.c **** * disclaimers, and limitations in the end user license agreement accompanying 
  15:Generated_Source\PSoC4/isr_1.c **** * the software package with which this file was provided.
  16:Generated_Source\PSoC4/isr_1.c **** *******************************************************************************/
  17:Generated_Source\PSoC4/isr_1.c **** 
  18:Generated_Source\PSoC4/isr_1.c **** 
  19:Generated_Source\PSoC4/isr_1.c **** #include <cydevice_trm.h>
  20:Generated_Source\PSoC4/isr_1.c **** #include <CyLib.h>
  21:Generated_Source\PSoC4/isr_1.c **** #include <isr_1.h>
  22:Generated_Source\PSoC4/isr_1.c **** #include "cyapicallbacks.h"
  23:Generated_Source\PSoC4/isr_1.c **** 
  24:Generated_Source\PSoC4/isr_1.c **** #if !defined(isr_1__REMOVED) /* Check for removal by optimization */
  25:Generated_Source\PSoC4/isr_1.c **** 
  26:Generated_Source\PSoC4/isr_1.c **** /*******************************************************************************
  27:Generated_Source\PSoC4/isr_1.c **** *  Place your includes, defines and code here 
  28:Generated_Source\PSoC4/isr_1.c **** ********************************************************************************/
  29:Generated_Source\PSoC4/isr_1.c **** /* `#START isr_1_intc` */
  30:Generated_Source\PSoC4/isr_1.c **** 
ARM GAS  C:\Users\jrdia\AppData\Local\Temp\ccjjVmhT.s 			page 2


  31:Generated_Source\PSoC4/isr_1.c **** /* `#END` */
  32:Generated_Source\PSoC4/isr_1.c **** 
  33:Generated_Source\PSoC4/isr_1.c **** extern cyisraddress CyRamVectors[CYINT_IRQ_BASE + CY_NUM_INTERRUPTS];
  34:Generated_Source\PSoC4/isr_1.c **** 
  35:Generated_Source\PSoC4/isr_1.c **** /* Declared in startup, used to set unused interrupts to. */
  36:Generated_Source\PSoC4/isr_1.c **** CY_ISR_PROTO(IntDefaultHandler);
  37:Generated_Source\PSoC4/isr_1.c **** 
  38:Generated_Source\PSoC4/isr_1.c **** 
  39:Generated_Source\PSoC4/isr_1.c **** /*******************************************************************************
  40:Generated_Source\PSoC4/isr_1.c **** * Function Name: isr_1_Start
  41:Generated_Source\PSoC4/isr_1.c **** ********************************************************************************
  42:Generated_Source\PSoC4/isr_1.c **** *
  43:Generated_Source\PSoC4/isr_1.c **** * Summary:
  44:Generated_Source\PSoC4/isr_1.c **** *  Set up the interrupt and enable it. This function disables the interrupt, 
  45:Generated_Source\PSoC4/isr_1.c **** *  sets the default interrupt vector, sets the priority from the value in the
  46:Generated_Source\PSoC4/isr_1.c **** *  Design Wide Resources Interrupt Editor, then enables the interrupt to the 
  47:Generated_Source\PSoC4/isr_1.c **** *  interrupt controller.
  48:Generated_Source\PSoC4/isr_1.c **** *
  49:Generated_Source\PSoC4/isr_1.c **** * Parameters:  
  50:Generated_Source\PSoC4/isr_1.c **** *   None
  51:Generated_Source\PSoC4/isr_1.c **** *
  52:Generated_Source\PSoC4/isr_1.c **** * Return:
  53:Generated_Source\PSoC4/isr_1.c **** *   None
  54:Generated_Source\PSoC4/isr_1.c **** *
  55:Generated_Source\PSoC4/isr_1.c **** *******************************************************************************/
  56:Generated_Source\PSoC4/isr_1.c **** void isr_1_Start(void)
  57:Generated_Source\PSoC4/isr_1.c **** {
  58:Generated_Source\PSoC4/isr_1.c ****     /* For all we know the interrupt is active. */
  59:Generated_Source\PSoC4/isr_1.c ****     isr_1_Disable();
  60:Generated_Source\PSoC4/isr_1.c **** 
  61:Generated_Source\PSoC4/isr_1.c ****     /* Set the ISR to point to the isr_1 Interrupt. */
  62:Generated_Source\PSoC4/isr_1.c ****     isr_1_SetVector(&isr_1_Interrupt);
  63:Generated_Source\PSoC4/isr_1.c **** 
  64:Generated_Source\PSoC4/isr_1.c ****     /* Set the priority. */
  65:Generated_Source\PSoC4/isr_1.c ****     isr_1_SetPriority((uint8)isr_1_INTC_PRIOR_NUMBER);
  66:Generated_Source\PSoC4/isr_1.c **** 
  67:Generated_Source\PSoC4/isr_1.c ****     /* Enable it. */
  68:Generated_Source\PSoC4/isr_1.c ****     isr_1_Enable();
  69:Generated_Source\PSoC4/isr_1.c **** }
  70:Generated_Source\PSoC4/isr_1.c **** 
  71:Generated_Source\PSoC4/isr_1.c **** 
  72:Generated_Source\PSoC4/isr_1.c **** /*******************************************************************************
  73:Generated_Source\PSoC4/isr_1.c **** * Function Name: isr_1_StartEx
  74:Generated_Source\PSoC4/isr_1.c **** ********************************************************************************
  75:Generated_Source\PSoC4/isr_1.c **** *
  76:Generated_Source\PSoC4/isr_1.c **** * Summary:
  77:Generated_Source\PSoC4/isr_1.c **** *  Sets up the interrupt and enables it. This function disables the interrupt,
  78:Generated_Source\PSoC4/isr_1.c **** *  sets the interrupt vector based on the address passed in, sets the priority 
  79:Generated_Source\PSoC4/isr_1.c **** *  from the value in the Design Wide Resources Interrupt Editor, then enables 
  80:Generated_Source\PSoC4/isr_1.c **** *  the interrupt to the interrupt controller.
  81:Generated_Source\PSoC4/isr_1.c **** *  
  82:Generated_Source\PSoC4/isr_1.c **** *  When defining ISR functions, the CY_ISR and CY_ISR_PROTO macros should be 
  83:Generated_Source\PSoC4/isr_1.c **** *  used to provide consistent definition across compilers:
  84:Generated_Source\PSoC4/isr_1.c **** *  
  85:Generated_Source\PSoC4/isr_1.c **** *  Function definition example:
  86:Generated_Source\PSoC4/isr_1.c **** *   CY_ISR(MyISR)
  87:Generated_Source\PSoC4/isr_1.c **** *   {
ARM GAS  C:\Users\jrdia\AppData\Local\Temp\ccjjVmhT.s 			page 3


  88:Generated_Source\PSoC4/isr_1.c **** *   }
  89:Generated_Source\PSoC4/isr_1.c **** *   Function prototype example:
  90:Generated_Source\PSoC4/isr_1.c **** *   CY_ISR_PROTO(MyISR);
  91:Generated_Source\PSoC4/isr_1.c **** *
  92:Generated_Source\PSoC4/isr_1.c **** * Parameters:  
  93:Generated_Source\PSoC4/isr_1.c **** *   address: Address of the ISR to set in the interrupt vector table.
  94:Generated_Source\PSoC4/isr_1.c **** *
  95:Generated_Source\PSoC4/isr_1.c **** * Return:
  96:Generated_Source\PSoC4/isr_1.c **** *   None
  97:Generated_Source\PSoC4/isr_1.c **** *
  98:Generated_Source\PSoC4/isr_1.c **** *******************************************************************************/
  99:Generated_Source\PSoC4/isr_1.c **** void isr_1_StartEx(cyisraddress address)
 100:Generated_Source\PSoC4/isr_1.c **** {
 101:Generated_Source\PSoC4/isr_1.c ****     /* For all we know the interrupt is active. */
 102:Generated_Source\PSoC4/isr_1.c ****     isr_1_Disable();
 103:Generated_Source\PSoC4/isr_1.c **** 
 104:Generated_Source\PSoC4/isr_1.c ****     /* Set the ISR to point to the isr_1 Interrupt. */
 105:Generated_Source\PSoC4/isr_1.c ****     isr_1_SetVector(address);
 106:Generated_Source\PSoC4/isr_1.c **** 
 107:Generated_Source\PSoC4/isr_1.c ****     /* Set the priority. */
 108:Generated_Source\PSoC4/isr_1.c ****     isr_1_SetPriority((uint8)isr_1_INTC_PRIOR_NUMBER);
 109:Generated_Source\PSoC4/isr_1.c **** 
 110:Generated_Source\PSoC4/isr_1.c ****     /* Enable it. */
 111:Generated_Source\PSoC4/isr_1.c ****     isr_1_Enable();
 112:Generated_Source\PSoC4/isr_1.c **** }
 113:Generated_Source\PSoC4/isr_1.c **** 
 114:Generated_Source\PSoC4/isr_1.c **** 
 115:Generated_Source\PSoC4/isr_1.c **** /*******************************************************************************
 116:Generated_Source\PSoC4/isr_1.c **** * Function Name: isr_1_Stop
 117:Generated_Source\PSoC4/isr_1.c **** ********************************************************************************
 118:Generated_Source\PSoC4/isr_1.c **** *
 119:Generated_Source\PSoC4/isr_1.c **** * Summary:
 120:Generated_Source\PSoC4/isr_1.c **** *   Disables and removes the interrupt.
 121:Generated_Source\PSoC4/isr_1.c **** *
 122:Generated_Source\PSoC4/isr_1.c **** * Parameters:  
 123:Generated_Source\PSoC4/isr_1.c **** *   None
 124:Generated_Source\PSoC4/isr_1.c **** *
 125:Generated_Source\PSoC4/isr_1.c **** * Return:
 126:Generated_Source\PSoC4/isr_1.c **** *   None
 127:Generated_Source\PSoC4/isr_1.c **** *
 128:Generated_Source\PSoC4/isr_1.c **** *******************************************************************************/
 129:Generated_Source\PSoC4/isr_1.c **** void isr_1_Stop(void)
 130:Generated_Source\PSoC4/isr_1.c **** {
 131:Generated_Source\PSoC4/isr_1.c ****     /* Disable this interrupt. */
 132:Generated_Source\PSoC4/isr_1.c ****     isr_1_Disable();
 133:Generated_Source\PSoC4/isr_1.c **** 
 134:Generated_Source\PSoC4/isr_1.c ****     /* Set the ISR to point to the passive one. */
 135:Generated_Source\PSoC4/isr_1.c ****     isr_1_SetVector(&IntDefaultHandler);
 136:Generated_Source\PSoC4/isr_1.c **** }
 137:Generated_Source\PSoC4/isr_1.c **** 
 138:Generated_Source\PSoC4/isr_1.c **** 
 139:Generated_Source\PSoC4/isr_1.c **** /*******************************************************************************
 140:Generated_Source\PSoC4/isr_1.c **** * Function Name: isr_1_Interrupt
 141:Generated_Source\PSoC4/isr_1.c **** ********************************************************************************
 142:Generated_Source\PSoC4/isr_1.c **** *
 143:Generated_Source\PSoC4/isr_1.c **** * Summary:
 144:Generated_Source\PSoC4/isr_1.c **** *   The default Interrupt Service Routine for isr_1.
ARM GAS  C:\Users\jrdia\AppData\Local\Temp\ccjjVmhT.s 			page 4


 145:Generated_Source\PSoC4/isr_1.c **** *
 146:Generated_Source\PSoC4/isr_1.c **** *   Add custom code between the START and END comments to keep the next version
 147:Generated_Source\PSoC4/isr_1.c **** *   of this file from over-writing your code.
 148:Generated_Source\PSoC4/isr_1.c **** *
 149:Generated_Source\PSoC4/isr_1.c **** *   Note You may use either the default ISR by using this API, or you may define
 150:Generated_Source\PSoC4/isr_1.c **** *   your own separate ISR through ISR_StartEx().
 151:Generated_Source\PSoC4/isr_1.c **** *
 152:Generated_Source\PSoC4/isr_1.c **** * Parameters:  
 153:Generated_Source\PSoC4/isr_1.c **** *   None
 154:Generated_Source\PSoC4/isr_1.c **** *
 155:Generated_Source\PSoC4/isr_1.c **** * Return:
 156:Generated_Source\PSoC4/isr_1.c **** *   None
 157:Generated_Source\PSoC4/isr_1.c **** *
 158:Generated_Source\PSoC4/isr_1.c **** *******************************************************************************/
 159:Generated_Source\PSoC4/isr_1.c **** CY_ISR(isr_1_Interrupt)
 160:Generated_Source\PSoC4/isr_1.c **** {
  28              		.loc 1 160 0
  29              		.cfi_startproc
  30              		@ args = 0, pretend = 0, frame = 0
  31              		@ frame_needed = 0, uses_anonymous_args = 0
  32              		@ link register save eliminated.
 161:Generated_Source\PSoC4/isr_1.c ****     #ifdef isr_1_INTERRUPT_INTERRUPT_CALLBACK
 162:Generated_Source\PSoC4/isr_1.c ****         isr_1_Interrupt_InterruptCallback();
 163:Generated_Source\PSoC4/isr_1.c ****     #endif /* isr_1_INTERRUPT_INTERRUPT_CALLBACK */ 
 164:Generated_Source\PSoC4/isr_1.c **** 
 165:Generated_Source\PSoC4/isr_1.c ****     /*  Place your Interrupt code here. */
 166:Generated_Source\PSoC4/isr_1.c ****     /* `#START isr_1_Interrupt` */
 167:Generated_Source\PSoC4/isr_1.c **** 
 168:Generated_Source\PSoC4/isr_1.c ****     /* `#END` */
 169:Generated_Source\PSoC4/isr_1.c **** }
  33              		.loc 1 169 0
  34              		@ sp needed
  35 0000 7047     		bx	lr
  36              		.cfi_endproc
  37              	.LFE3:
  38              		.size	isr_1_Interrupt, .-isr_1_Interrupt
  39 0002 C046     		.section	.text.isr_1_Stop,"ax",%progbits
  40              		.align	2
  41              		.global	isr_1_Stop
  42              		.code	16
  43              		.thumb_func
  44              		.type	isr_1_Stop, %function
  45              	isr_1_Stop:
  46              	.LFB2:
 130:Generated_Source\PSoC4/isr_1.c ****     /* Disable this interrupt. */
  47              		.loc 1 130 0
  48              		.cfi_startproc
  49              		@ args = 0, pretend = 0, frame = 0
  50              		@ frame_needed = 0, uses_anonymous_args = 0
  51              		@ link register save eliminated.
  52              	.LBB18:
  53              	.LBB19:
 170:Generated_Source\PSoC4/isr_1.c **** 
 171:Generated_Source\PSoC4/isr_1.c **** 
 172:Generated_Source\PSoC4/isr_1.c **** /*******************************************************************************
 173:Generated_Source\PSoC4/isr_1.c **** * Function Name: isr_1_SetVector
 174:Generated_Source\PSoC4/isr_1.c **** ********************************************************************************
ARM GAS  C:\Users\jrdia\AppData\Local\Temp\ccjjVmhT.s 			page 5


 175:Generated_Source\PSoC4/isr_1.c **** *
 176:Generated_Source\PSoC4/isr_1.c **** * Summary:
 177:Generated_Source\PSoC4/isr_1.c **** *   Change the ISR vector for the Interrupt. Note calling isr_1_Start
 178:Generated_Source\PSoC4/isr_1.c **** *   will override any effect this method would have had. To set the vector 
 179:Generated_Source\PSoC4/isr_1.c **** *   before the component has been started use isr_1_StartEx instead.
 180:Generated_Source\PSoC4/isr_1.c **** * 
 181:Generated_Source\PSoC4/isr_1.c **** *   When defining ISR functions, the CY_ISR and CY_ISR_PROTO macros should be 
 182:Generated_Source\PSoC4/isr_1.c **** *   used to provide consistent definition across compilers:
 183:Generated_Source\PSoC4/isr_1.c **** *
 184:Generated_Source\PSoC4/isr_1.c **** *   Function definition example:
 185:Generated_Source\PSoC4/isr_1.c **** *   CY_ISR(MyISR)
 186:Generated_Source\PSoC4/isr_1.c **** *   {
 187:Generated_Source\PSoC4/isr_1.c **** *   }
 188:Generated_Source\PSoC4/isr_1.c **** *
 189:Generated_Source\PSoC4/isr_1.c **** *   Function prototype example:
 190:Generated_Source\PSoC4/isr_1.c **** *     CY_ISR_PROTO(MyISR);
 191:Generated_Source\PSoC4/isr_1.c **** *
 192:Generated_Source\PSoC4/isr_1.c **** * Parameters:
 193:Generated_Source\PSoC4/isr_1.c **** *   address: Address of the ISR to set in the interrupt vector table.
 194:Generated_Source\PSoC4/isr_1.c **** *
 195:Generated_Source\PSoC4/isr_1.c **** * Return:
 196:Generated_Source\PSoC4/isr_1.c **** *   None
 197:Generated_Source\PSoC4/isr_1.c **** *
 198:Generated_Source\PSoC4/isr_1.c **** *******************************************************************************/
 199:Generated_Source\PSoC4/isr_1.c **** void isr_1_SetVector(cyisraddress address)
 200:Generated_Source\PSoC4/isr_1.c **** {
 201:Generated_Source\PSoC4/isr_1.c ****     CyRamVectors[CYINT_IRQ_BASE + isr_1__INTC_NUMBER] = address;
 202:Generated_Source\PSoC4/isr_1.c **** }
 203:Generated_Source\PSoC4/isr_1.c **** 
 204:Generated_Source\PSoC4/isr_1.c **** 
 205:Generated_Source\PSoC4/isr_1.c **** /*******************************************************************************
 206:Generated_Source\PSoC4/isr_1.c **** * Function Name: isr_1_GetVector
 207:Generated_Source\PSoC4/isr_1.c **** ********************************************************************************
 208:Generated_Source\PSoC4/isr_1.c **** *
 209:Generated_Source\PSoC4/isr_1.c **** * Summary:
 210:Generated_Source\PSoC4/isr_1.c **** *   Gets the "address" of the current ISR vector for the Interrupt.
 211:Generated_Source\PSoC4/isr_1.c **** *
 212:Generated_Source\PSoC4/isr_1.c **** * Parameters:
 213:Generated_Source\PSoC4/isr_1.c **** *   None
 214:Generated_Source\PSoC4/isr_1.c **** *
 215:Generated_Source\PSoC4/isr_1.c **** * Return:
 216:Generated_Source\PSoC4/isr_1.c **** *   Address of the ISR in the interrupt vector table.
 217:Generated_Source\PSoC4/isr_1.c **** *
 218:Generated_Source\PSoC4/isr_1.c **** *******************************************************************************/
 219:Generated_Source\PSoC4/isr_1.c **** cyisraddress isr_1_GetVector(void)
 220:Generated_Source\PSoC4/isr_1.c **** {
 221:Generated_Source\PSoC4/isr_1.c ****     return CyRamVectors[CYINT_IRQ_BASE + isr_1__INTC_NUMBER];
 222:Generated_Source\PSoC4/isr_1.c **** }
 223:Generated_Source\PSoC4/isr_1.c **** 
 224:Generated_Source\PSoC4/isr_1.c **** 
 225:Generated_Source\PSoC4/isr_1.c **** /*******************************************************************************
 226:Generated_Source\PSoC4/isr_1.c **** * Function Name: isr_1_SetPriority
 227:Generated_Source\PSoC4/isr_1.c **** ********************************************************************************
 228:Generated_Source\PSoC4/isr_1.c **** *
 229:Generated_Source\PSoC4/isr_1.c **** * Summary:
 230:Generated_Source\PSoC4/isr_1.c **** *   Sets the Priority of the Interrupt. 
 231:Generated_Source\PSoC4/isr_1.c **** *
ARM GAS  C:\Users\jrdia\AppData\Local\Temp\ccjjVmhT.s 			page 6


 232:Generated_Source\PSoC4/isr_1.c **** *   Note calling isr_1_Start or isr_1_StartEx will 
 233:Generated_Source\PSoC4/isr_1.c **** *   override any effect this API would have had. This API should only be called
 234:Generated_Source\PSoC4/isr_1.c **** *   after isr_1_Start or isr_1_StartEx has been called. 
 235:Generated_Source\PSoC4/isr_1.c **** *   To set the initial priority for the component, use the Design-Wide Resources
 236:Generated_Source\PSoC4/isr_1.c **** *   Interrupt Editor.
 237:Generated_Source\PSoC4/isr_1.c **** *
 238:Generated_Source\PSoC4/isr_1.c **** *   Note This API has no effect on Non-maskable interrupt NMI).
 239:Generated_Source\PSoC4/isr_1.c **** *
 240:Generated_Source\PSoC4/isr_1.c **** * Parameters:
 241:Generated_Source\PSoC4/isr_1.c **** *   priority: Priority of the interrupt, 0 being the highest priority
 242:Generated_Source\PSoC4/isr_1.c **** *             PSoC 3 and PSoC 5LP: Priority is from 0 to 7.
 243:Generated_Source\PSoC4/isr_1.c **** *             PSoC 4: Priority is from 0 to 3.
 244:Generated_Source\PSoC4/isr_1.c **** *
 245:Generated_Source\PSoC4/isr_1.c **** * Return:
 246:Generated_Source\PSoC4/isr_1.c **** *   None
 247:Generated_Source\PSoC4/isr_1.c **** *
 248:Generated_Source\PSoC4/isr_1.c **** *******************************************************************************/
 249:Generated_Source\PSoC4/isr_1.c **** void isr_1_SetPriority(uint8 priority)
 250:Generated_Source\PSoC4/isr_1.c **** {
 251:Generated_Source\PSoC4/isr_1.c **** 	uint8 interruptState;
 252:Generated_Source\PSoC4/isr_1.c ****     uint32 priorityOffset = ((isr_1__INTC_NUMBER % 4u) * 8u) + 6u;
 253:Generated_Source\PSoC4/isr_1.c ****     
 254:Generated_Source\PSoC4/isr_1.c **** 	interruptState = CyEnterCriticalSection();
 255:Generated_Source\PSoC4/isr_1.c ****     *isr_1_INTC_PRIOR = (*isr_1_INTC_PRIOR & (uint32)(~isr_1__INTC_PRIOR_MASK)) |
 256:Generated_Source\PSoC4/isr_1.c ****                                     ((uint32)priority << priorityOffset);
 257:Generated_Source\PSoC4/isr_1.c **** 	CyExitCriticalSection(interruptState);
 258:Generated_Source\PSoC4/isr_1.c **** }
 259:Generated_Source\PSoC4/isr_1.c **** 
 260:Generated_Source\PSoC4/isr_1.c **** 
 261:Generated_Source\PSoC4/isr_1.c **** /*******************************************************************************
 262:Generated_Source\PSoC4/isr_1.c **** * Function Name: isr_1_GetPriority
 263:Generated_Source\PSoC4/isr_1.c **** ********************************************************************************
 264:Generated_Source\PSoC4/isr_1.c **** *
 265:Generated_Source\PSoC4/isr_1.c **** * Summary:
 266:Generated_Source\PSoC4/isr_1.c **** *   Gets the Priority of the Interrupt.
 267:Generated_Source\PSoC4/isr_1.c **** *
 268:Generated_Source\PSoC4/isr_1.c **** * Parameters:
 269:Generated_Source\PSoC4/isr_1.c **** *   None
 270:Generated_Source\PSoC4/isr_1.c **** *
 271:Generated_Source\PSoC4/isr_1.c **** * Return:
 272:Generated_Source\PSoC4/isr_1.c **** *   Priority of the interrupt, 0 being the highest priority
 273:Generated_Source\PSoC4/isr_1.c **** *    PSoC 3 and PSoC 5LP: Priority is from 0 to 7.
 274:Generated_Source\PSoC4/isr_1.c **** *    PSoC 4: Priority is from 0 to 3.
 275:Generated_Source\PSoC4/isr_1.c **** *
 276:Generated_Source\PSoC4/isr_1.c **** *******************************************************************************/
 277:Generated_Source\PSoC4/isr_1.c **** uint8 isr_1_GetPriority(void)
 278:Generated_Source\PSoC4/isr_1.c **** {
 279:Generated_Source\PSoC4/isr_1.c ****     uint32 priority;
 280:Generated_Source\PSoC4/isr_1.c **** 	uint32 priorityOffset = ((isr_1__INTC_NUMBER % 4u) * 8u) + 6u;
 281:Generated_Source\PSoC4/isr_1.c **** 
 282:Generated_Source\PSoC4/isr_1.c ****     priority = (*isr_1_INTC_PRIOR & isr_1__INTC_PRIOR_MASK) >> priorityOffset;
 283:Generated_Source\PSoC4/isr_1.c **** 
 284:Generated_Source\PSoC4/isr_1.c ****     return (uint8)priority;
 285:Generated_Source\PSoC4/isr_1.c **** }
 286:Generated_Source\PSoC4/isr_1.c **** 
 287:Generated_Source\PSoC4/isr_1.c **** 
 288:Generated_Source\PSoC4/isr_1.c **** /*******************************************************************************
ARM GAS  C:\Users\jrdia\AppData\Local\Temp\ccjjVmhT.s 			page 7


 289:Generated_Source\PSoC4/isr_1.c **** * Function Name: isr_1_Enable
 290:Generated_Source\PSoC4/isr_1.c **** ********************************************************************************
 291:Generated_Source\PSoC4/isr_1.c **** *
 292:Generated_Source\PSoC4/isr_1.c **** * Summary:
 293:Generated_Source\PSoC4/isr_1.c **** *   Enables the interrupt to the interrupt controller. Do not call this function
 294:Generated_Source\PSoC4/isr_1.c **** *   unless ISR_Start() has been called or the functionality of the ISR_Start() 
 295:Generated_Source\PSoC4/isr_1.c **** *   function, which sets the vector and the priority, has been called.
 296:Generated_Source\PSoC4/isr_1.c **** *
 297:Generated_Source\PSoC4/isr_1.c **** * Parameters:
 298:Generated_Source\PSoC4/isr_1.c **** *   None
 299:Generated_Source\PSoC4/isr_1.c **** *
 300:Generated_Source\PSoC4/isr_1.c **** * Return:
 301:Generated_Source\PSoC4/isr_1.c **** *   None
 302:Generated_Source\PSoC4/isr_1.c **** *
 303:Generated_Source\PSoC4/isr_1.c **** *******************************************************************************/
 304:Generated_Source\PSoC4/isr_1.c **** void isr_1_Enable(void)
 305:Generated_Source\PSoC4/isr_1.c **** {
 306:Generated_Source\PSoC4/isr_1.c ****     /* Enable the general interrupt. */
 307:Generated_Source\PSoC4/isr_1.c ****     *isr_1_INTC_SET_EN = isr_1__INTC_MASK;
 308:Generated_Source\PSoC4/isr_1.c **** }
 309:Generated_Source\PSoC4/isr_1.c **** 
 310:Generated_Source\PSoC4/isr_1.c **** 
 311:Generated_Source\PSoC4/isr_1.c **** /*******************************************************************************
 312:Generated_Source\PSoC4/isr_1.c **** * Function Name: isr_1_GetState
 313:Generated_Source\PSoC4/isr_1.c **** ********************************************************************************
 314:Generated_Source\PSoC4/isr_1.c **** *
 315:Generated_Source\PSoC4/isr_1.c **** * Summary:
 316:Generated_Source\PSoC4/isr_1.c **** *   Gets the state (enabled, disabled) of the Interrupt.
 317:Generated_Source\PSoC4/isr_1.c **** *
 318:Generated_Source\PSoC4/isr_1.c **** * Parameters:
 319:Generated_Source\PSoC4/isr_1.c **** *   None
 320:Generated_Source\PSoC4/isr_1.c **** *
 321:Generated_Source\PSoC4/isr_1.c **** * Return:
 322:Generated_Source\PSoC4/isr_1.c **** *   1 if enabled, 0 if disabled.
 323:Generated_Source\PSoC4/isr_1.c **** *
 324:Generated_Source\PSoC4/isr_1.c **** *******************************************************************************/
 325:Generated_Source\PSoC4/isr_1.c **** uint8 isr_1_GetState(void)
 326:Generated_Source\PSoC4/isr_1.c **** {
 327:Generated_Source\PSoC4/isr_1.c ****     /* Get the state of the general interrupt. */
 328:Generated_Source\PSoC4/isr_1.c ****     return ((*isr_1_INTC_SET_EN & (uint32)isr_1__INTC_MASK) != 0u) ? 1u:0u;
 329:Generated_Source\PSoC4/isr_1.c **** }
 330:Generated_Source\PSoC4/isr_1.c **** 
 331:Generated_Source\PSoC4/isr_1.c **** 
 332:Generated_Source\PSoC4/isr_1.c **** /*******************************************************************************
 333:Generated_Source\PSoC4/isr_1.c **** * Function Name: isr_1_Disable
 334:Generated_Source\PSoC4/isr_1.c **** ********************************************************************************
 335:Generated_Source\PSoC4/isr_1.c **** *
 336:Generated_Source\PSoC4/isr_1.c **** * Summary:
 337:Generated_Source\PSoC4/isr_1.c **** *   Disables the Interrupt in the interrupt controller.
 338:Generated_Source\PSoC4/isr_1.c **** *
 339:Generated_Source\PSoC4/isr_1.c **** * Parameters:
 340:Generated_Source\PSoC4/isr_1.c **** *   None
 341:Generated_Source\PSoC4/isr_1.c **** *
 342:Generated_Source\PSoC4/isr_1.c **** * Return:
 343:Generated_Source\PSoC4/isr_1.c **** *   None
 344:Generated_Source\PSoC4/isr_1.c **** *
 345:Generated_Source\PSoC4/isr_1.c **** *******************************************************************************/
ARM GAS  C:\Users\jrdia\AppData\Local\Temp\ccjjVmhT.s 			page 8


 346:Generated_Source\PSoC4/isr_1.c **** void isr_1_Disable(void)
 347:Generated_Source\PSoC4/isr_1.c **** {
 348:Generated_Source\PSoC4/isr_1.c ****     /* Disable the general interrupt. */
 349:Generated_Source\PSoC4/isr_1.c ****     *isr_1_INTC_CLR_EN = isr_1__INTC_MASK;
  54              		.loc 1 349 0
  55 0000 8022     		movs	r2, #128
  56 0002 044B     		ldr	r3, .L3
  57 0004 5202     		lsls	r2, r2, #9
  58 0006 1A60     		str	r2, [r3]
  59              	.LVL0:
  60              	.LBE19:
  61              	.LBE18:
  62              	.LBB20:
  63              	.LBB21:
 201:Generated_Source\PSoC4/isr_1.c **** }
  64              		.loc 1 201 0
  65 0008 8023     		movs	r3, #128
  66 000a 0349     		ldr	r1, .L3+4
  67 000c 034A     		ldr	r2, .L3+8
  68              	.LBE21:
  69              	.LBE20:
 136:Generated_Source\PSoC4/isr_1.c **** 
  70              		.loc 1 136 0
  71              		@ sp needed
  72              	.LBB23:
  73              	.LBB22:
 201:Generated_Source\PSoC4/isr_1.c **** }
  74              		.loc 1 201 0
  75 000e D150     		str	r1, [r2, r3]
  76              	.LVL1:
  77              	.LBE22:
  78              	.LBE23:
 136:Generated_Source\PSoC4/isr_1.c **** 
  79              		.loc 1 136 0
  80 0010 7047     		bx	lr
  81              	.L4:
  82 0012 C046     		.align	2
  83              	.L3:
  84 0014 80E100E0 		.word	-536813184
  85 0018 00000000 		.word	IntDefaultHandler
  86 001c 00000000 		.word	CyRamVectors
  87              		.cfi_endproc
  88              	.LFE2:
  89              		.size	isr_1_Stop, .-isr_1_Stop
  90              		.section	.text.isr_1_SetVector,"ax",%progbits
  91              		.align	2
  92              		.global	isr_1_SetVector
  93              		.code	16
  94              		.thumb_func
  95              		.type	isr_1_SetVector, %function
  96              	isr_1_SetVector:
  97              	.LFB4:
 200:Generated_Source\PSoC4/isr_1.c ****     CyRamVectors[CYINT_IRQ_BASE + isr_1__INTC_NUMBER] = address;
  98              		.loc 1 200 0
  99              		.cfi_startproc
 100              		@ args = 0, pretend = 0, frame = 0
 101              		@ frame_needed = 0, uses_anonymous_args = 0
ARM GAS  C:\Users\jrdia\AppData\Local\Temp\ccjjVmhT.s 			page 9


 102              		@ link register save eliminated.
 103              	.LVL2:
 201:Generated_Source\PSoC4/isr_1.c **** }
 104              		.loc 1 201 0
 105 0000 8023     		movs	r3, #128
 106 0002 014A     		ldr	r2, .L6
 202:Generated_Source\PSoC4/isr_1.c **** 
 107              		.loc 1 202 0
 108              		@ sp needed
 201:Generated_Source\PSoC4/isr_1.c **** }
 109              		.loc 1 201 0
 110 0004 D050     		str	r0, [r2, r3]
 202:Generated_Source\PSoC4/isr_1.c **** 
 111              		.loc 1 202 0
 112 0006 7047     		bx	lr
 113              	.L7:
 114              		.align	2
 115              	.L6:
 116 0008 00000000 		.word	CyRamVectors
 117              		.cfi_endproc
 118              	.LFE4:
 119              		.size	isr_1_SetVector, .-isr_1_SetVector
 120              		.section	.text.isr_1_GetVector,"ax",%progbits
 121              		.align	2
 122              		.global	isr_1_GetVector
 123              		.code	16
 124              		.thumb_func
 125              		.type	isr_1_GetVector, %function
 126              	isr_1_GetVector:
 127              	.LFB5:
 220:Generated_Source\PSoC4/isr_1.c ****     return CyRamVectors[CYINT_IRQ_BASE + isr_1__INTC_NUMBER];
 128              		.loc 1 220 0
 129              		.cfi_startproc
 130              		@ args = 0, pretend = 0, frame = 0
 131              		@ frame_needed = 0, uses_anonymous_args = 0
 132              		@ link register save eliminated.
 221:Generated_Source\PSoC4/isr_1.c **** }
 133              		.loc 1 221 0
 134 0000 8023     		movs	r3, #128
 135 0002 014A     		ldr	r2, .L9
 222:Generated_Source\PSoC4/isr_1.c **** 
 136              		.loc 1 222 0
 137              		@ sp needed
 221:Generated_Source\PSoC4/isr_1.c **** }
 138              		.loc 1 221 0
 139 0004 D058     		ldr	r0, [r2, r3]
 222:Generated_Source\PSoC4/isr_1.c **** 
 140              		.loc 1 222 0
 141 0006 7047     		bx	lr
 142              	.L10:
 143              		.align	2
 144              	.L9:
 145 0008 00000000 		.word	CyRamVectors
 146              		.cfi_endproc
 147              	.LFE5:
 148              		.size	isr_1_GetVector, .-isr_1_GetVector
 149              		.section	.text.isr_1_SetPriority,"ax",%progbits
ARM GAS  C:\Users\jrdia\AppData\Local\Temp\ccjjVmhT.s 			page 10


 150              		.align	2
 151              		.global	isr_1_SetPriority
 152              		.code	16
 153              		.thumb_func
 154              		.type	isr_1_SetPriority, %function
 155              	isr_1_SetPriority:
 156              	.LFB6:
 250:Generated_Source\PSoC4/isr_1.c **** 	uint8 interruptState;
 157              		.loc 1 250 0
 158              		.cfi_startproc
 159              		@ args = 0, pretend = 0, frame = 0
 160              		@ frame_needed = 0, uses_anonymous_args = 0
 161              	.LVL3:
 162 0000 10B5     		push	{r4, lr}
 163              		.cfi_def_cfa_offset 8
 164              		.cfi_offset 4, -8
 165              		.cfi_offset 14, -4
 250:Generated_Source\PSoC4/isr_1.c **** 	uint8 interruptState;
 166              		.loc 1 250 0
 167 0002 0400     		movs	r4, r0
 254:Generated_Source\PSoC4/isr_1.c ****     *isr_1_INTC_PRIOR = (*isr_1_INTC_PRIOR & (uint32)(~isr_1__INTC_PRIOR_MASK)) |
 168              		.loc 1 254 0
 169 0004 FFF7FEFF 		bl	CyEnterCriticalSection
 170              	.LVL4:
 255:Generated_Source\PSoC4/isr_1.c ****                                     ((uint32)priority << priorityOffset);
 171              		.loc 1 255 0
 172 0008 C021     		movs	r1, #192
 173 000a 044A     		ldr	r2, .L12
 174 000c A401     		lsls	r4, r4, #6
 175 000e 1368     		ldr	r3, [r2]
 258:Generated_Source\PSoC4/isr_1.c **** 
 176              		.loc 1 258 0
 177              		@ sp needed
 255:Generated_Source\PSoC4/isr_1.c ****                                     ((uint32)priority << priorityOffset);
 178              		.loc 1 255 0
 179 0010 8B43     		bics	r3, r1
 180 0012 1C43     		orrs	r4, r3
 181 0014 1460     		str	r4, [r2]
 257:Generated_Source\PSoC4/isr_1.c **** }
 182              		.loc 1 257 0
 183 0016 FFF7FEFF 		bl	CyExitCriticalSection
 184              	.LVL5:
 258:Generated_Source\PSoC4/isr_1.c **** 
 185              		.loc 1 258 0
 186 001a 10BD     		pop	{r4, pc}
 187              	.L13:
 188              		.align	2
 189              	.L12:
 190 001c 10E400E0 		.word	-536812528
 191              		.cfi_endproc
 192              	.LFE6:
 193              		.size	isr_1_SetPriority, .-isr_1_SetPriority
 194              		.section	.text.isr_1_Start,"ax",%progbits
 195              		.align	2
 196              		.global	isr_1_Start
 197              		.code	16
 198              		.thumb_func
ARM GAS  C:\Users\jrdia\AppData\Local\Temp\ccjjVmhT.s 			page 11


 199              		.type	isr_1_Start, %function
 200              	isr_1_Start:
 201              	.LFB0:
  57:Generated_Source\PSoC4/isr_1.c ****     /* For all we know the interrupt is active. */
 202              		.loc 1 57 0
 203              		.cfi_startproc
 204              		@ args = 0, pretend = 0, frame = 0
 205              		@ frame_needed = 0, uses_anonymous_args = 0
 206 0000 10B5     		push	{r4, lr}
 207              		.cfi_def_cfa_offset 8
 208              		.cfi_offset 4, -8
 209              		.cfi_offset 14, -4
 210              	.LBB24:
 211              	.LBB25:
 212              		.loc 1 349 0
 213 0002 8024     		movs	r4, #128
 214 0004 064B     		ldr	r3, .L15
 215 0006 6402     		lsls	r4, r4, #9
 216 0008 1C60     		str	r4, [r3]
 217              	.LVL6:
 218              	.LBE25:
 219              	.LBE24:
 220              	.LBB26:
 221              	.LBB27:
 201:Generated_Source\PSoC4/isr_1.c **** }
 222              		.loc 1 201 0
 223 000a 8023     		movs	r3, #128
 224 000c 0549     		ldr	r1, .L15+4
 225 000e 064A     		ldr	r2, .L15+8
 226              	.LBE27:
 227              	.LBE26:
  65:Generated_Source\PSoC4/isr_1.c **** 
 228              		.loc 1 65 0
 229 0010 0320     		movs	r0, #3
 230              	.LBB29:
 231              	.LBB28:
 201:Generated_Source\PSoC4/isr_1.c **** }
 232              		.loc 1 201 0
 233 0012 D150     		str	r1, [r2, r3]
 234              	.LVL7:
 235              	.LBE28:
 236              	.LBE29:
  65:Generated_Source\PSoC4/isr_1.c **** 
 237              		.loc 1 65 0
 238 0014 FFF7FEFF 		bl	isr_1_SetPriority
 239              	.LVL8:
 240              	.LBB30:
 241              	.LBB31:
 307:Generated_Source\PSoC4/isr_1.c **** }
 242              		.loc 1 307 0
 243 0018 044B     		ldr	r3, .L15+12
 244              	.LBE31:
 245              	.LBE30:
  69:Generated_Source\PSoC4/isr_1.c **** 
 246              		.loc 1 69 0
 247              		@ sp needed
 248              	.LBB33:
ARM GAS  C:\Users\jrdia\AppData\Local\Temp\ccjjVmhT.s 			page 12


 249              	.LBB32:
 307:Generated_Source\PSoC4/isr_1.c **** }
 250              		.loc 1 307 0
 251 001a 1C60     		str	r4, [r3]
 252              	.LBE32:
 253              	.LBE33:
  69:Generated_Source\PSoC4/isr_1.c **** 
 254              		.loc 1 69 0
 255 001c 10BD     		pop	{r4, pc}
 256              	.L16:
 257 001e C046     		.align	2
 258              	.L15:
 259 0020 80E100E0 		.word	-536813184
 260 0024 00000000 		.word	isr_1_Interrupt
 261 0028 00000000 		.word	CyRamVectors
 262 002c 00E100E0 		.word	-536813312
 263              		.cfi_endproc
 264              	.LFE0:
 265              		.size	isr_1_Start, .-isr_1_Start
 266              		.section	.text.isr_1_StartEx,"ax",%progbits
 267              		.align	2
 268              		.global	isr_1_StartEx
 269              		.code	16
 270              		.thumb_func
 271              		.type	isr_1_StartEx, %function
 272              	isr_1_StartEx:
 273              	.LFB1:
 100:Generated_Source\PSoC4/isr_1.c ****     /* For all we know the interrupt is active. */
 274              		.loc 1 100 0
 275              		.cfi_startproc
 276              		@ args = 0, pretend = 0, frame = 0
 277              		@ frame_needed = 0, uses_anonymous_args = 0
 278              	.LVL9:
 279 0000 10B5     		push	{r4, lr}
 280              		.cfi_def_cfa_offset 8
 281              		.cfi_offset 4, -8
 282              		.cfi_offset 14, -4
 283              	.LBB34:
 284              	.LBB35:
 285              		.loc 1 349 0
 286 0002 8024     		movs	r4, #128
 287 0004 054B     		ldr	r3, .L18
 288 0006 6402     		lsls	r4, r4, #9
 289 0008 1C60     		str	r4, [r3]
 290              	.LVL10:
 291              	.LBE35:
 292              	.LBE34:
 293              	.LBB36:
 294              	.LBB37:
 201:Generated_Source\PSoC4/isr_1.c **** }
 295              		.loc 1 201 0
 296 000a 8023     		movs	r3, #128
 297 000c 044A     		ldr	r2, .L18+4
 298              	.LBE37:
 299              	.LBE36:
 112:Generated_Source\PSoC4/isr_1.c **** 
 300              		.loc 1 112 0
ARM GAS  C:\Users\jrdia\AppData\Local\Temp\ccjjVmhT.s 			page 13


 301              		@ sp needed
 302              	.LBB39:
 303              	.LBB38:
 201:Generated_Source\PSoC4/isr_1.c **** }
 304              		.loc 1 201 0
 305 000e D050     		str	r0, [r2, r3]
 306              	.LVL11:
 307              	.LBE38:
 308              	.LBE39:
 108:Generated_Source\PSoC4/isr_1.c **** 
 309              		.loc 1 108 0
 310 0010 0320     		movs	r0, #3
 311              	.LVL12:
 312 0012 FFF7FEFF 		bl	isr_1_SetPriority
 313              	.LVL13:
 314              	.LBB40:
 315              	.LBB41:
 307:Generated_Source\PSoC4/isr_1.c **** }
 316              		.loc 1 307 0
 317 0016 034B     		ldr	r3, .L18+8
 318 0018 1C60     		str	r4, [r3]
 319              	.LBE41:
 320              	.LBE40:
 112:Generated_Source\PSoC4/isr_1.c **** 
 321              		.loc 1 112 0
 322 001a 10BD     		pop	{r4, pc}
 323              	.L19:
 324              		.align	2
 325              	.L18:
 326 001c 80E100E0 		.word	-536813184
 327 0020 00000000 		.word	CyRamVectors
 328 0024 00E100E0 		.word	-536813312
 329              		.cfi_endproc
 330              	.LFE1:
 331              		.size	isr_1_StartEx, .-isr_1_StartEx
 332              		.section	.text.isr_1_GetPriority,"ax",%progbits
 333              		.align	2
 334              		.global	isr_1_GetPriority
 335              		.code	16
 336              		.thumb_func
 337              		.type	isr_1_GetPriority, %function
 338              	isr_1_GetPriority:
 339              	.LFB7:
 278:Generated_Source\PSoC4/isr_1.c ****     uint32 priority;
 340              		.loc 1 278 0
 341              		.cfi_startproc
 342              		@ args = 0, pretend = 0, frame = 0
 343              		@ frame_needed = 0, uses_anonymous_args = 0
 344              		@ link register save eliminated.
 345              	.LVL14:
 282:Generated_Source\PSoC4/isr_1.c **** 
 346              		.loc 1 282 0
 347 0000 024B     		ldr	r3, .L21
 285:Generated_Source\PSoC4/isr_1.c **** 
 348              		.loc 1 285 0
 349              		@ sp needed
 282:Generated_Source\PSoC4/isr_1.c **** 
ARM GAS  C:\Users\jrdia\AppData\Local\Temp\ccjjVmhT.s 			page 14


 350              		.loc 1 282 0
 351 0002 1868     		ldr	r0, [r3]
 352              	.LVL15:
 284:Generated_Source\PSoC4/isr_1.c **** }
 353              		.loc 1 284 0
 354 0004 0006     		lsls	r0, r0, #24
 355              	.LVL16:
 356 0006 800F     		lsrs	r0, r0, #30
 285:Generated_Source\PSoC4/isr_1.c **** 
 357              		.loc 1 285 0
 358 0008 7047     		bx	lr
 359              	.L22:
 360 000a C046     		.align	2
 361              	.L21:
 362 000c 10E400E0 		.word	-536812528
 363              		.cfi_endproc
 364              	.LFE7:
 365              		.size	isr_1_GetPriority, .-isr_1_GetPriority
 366              		.section	.text.isr_1_Enable,"ax",%progbits
 367              		.align	2
 368              		.global	isr_1_Enable
 369              		.code	16
 370              		.thumb_func
 371              		.type	isr_1_Enable, %function
 372              	isr_1_Enable:
 373              	.LFB8:
 305:Generated_Source\PSoC4/isr_1.c ****     /* Enable the general interrupt. */
 374              		.loc 1 305 0
 375              		.cfi_startproc
 376              		@ args = 0, pretend = 0, frame = 0
 377              		@ frame_needed = 0, uses_anonymous_args = 0
 378              		@ link register save eliminated.
 307:Generated_Source\PSoC4/isr_1.c **** }
 379              		.loc 1 307 0
 380 0000 8022     		movs	r2, #128
 381 0002 024B     		ldr	r3, .L24
 382 0004 5202     		lsls	r2, r2, #9
 383 0006 1A60     		str	r2, [r3]
 308:Generated_Source\PSoC4/isr_1.c **** 
 384              		.loc 1 308 0
 385              		@ sp needed
 386 0008 7047     		bx	lr
 387              	.L25:
 388 000a C046     		.align	2
 389              	.L24:
 390 000c 00E100E0 		.word	-536813312
 391              		.cfi_endproc
 392              	.LFE8:
 393              		.size	isr_1_Enable, .-isr_1_Enable
 394              		.section	.text.isr_1_GetState,"ax",%progbits
 395              		.align	2
 396              		.global	isr_1_GetState
 397              		.code	16
 398              		.thumb_func
 399              		.type	isr_1_GetState, %function
 400              	isr_1_GetState:
 401              	.LFB9:
ARM GAS  C:\Users\jrdia\AppData\Local\Temp\ccjjVmhT.s 			page 15


 326:Generated_Source\PSoC4/isr_1.c ****     /* Get the state of the general interrupt. */
 402              		.loc 1 326 0
 403              		.cfi_startproc
 404              		@ args = 0, pretend = 0, frame = 0
 405              		@ frame_needed = 0, uses_anonymous_args = 0
 406              		@ link register save eliminated.
 328:Generated_Source\PSoC4/isr_1.c **** }
 407              		.loc 1 328 0
 408 0000 024B     		ldr	r3, .L27
 329:Generated_Source\PSoC4/isr_1.c **** 
 409              		.loc 1 329 0
 410              		@ sp needed
 328:Generated_Source\PSoC4/isr_1.c **** }
 411              		.loc 1 328 0
 412 0002 1868     		ldr	r0, [r3]
 413 0004 C003     		lsls	r0, r0, #15
 414 0006 C00F     		lsrs	r0, r0, #31
 329:Generated_Source\PSoC4/isr_1.c **** 
 415              		.loc 1 329 0
 416 0008 7047     		bx	lr
 417              	.L28:
 418 000a C046     		.align	2
 419              	.L27:
 420 000c 00E100E0 		.word	-536813312
 421              		.cfi_endproc
 422              	.LFE9:
 423              		.size	isr_1_GetState, .-isr_1_GetState
 424              		.section	.text.isr_1_Disable,"ax",%progbits
 425              		.align	2
 426              		.global	isr_1_Disable
 427              		.code	16
 428              		.thumb_func
 429              		.type	isr_1_Disable, %function
 430              	isr_1_Disable:
 431              	.LFB10:
 347:Generated_Source\PSoC4/isr_1.c ****     /* Disable the general interrupt. */
 432              		.loc 1 347 0
 433              		.cfi_startproc
 434              		@ args = 0, pretend = 0, frame = 0
 435              		@ frame_needed = 0, uses_anonymous_args = 0
 436              		@ link register save eliminated.
 437              		.loc 1 349 0
 438 0000 8022     		movs	r2, #128
 439 0002 024B     		ldr	r3, .L30
 440 0004 5202     		lsls	r2, r2, #9
 441 0006 1A60     		str	r2, [r3]
 350:Generated_Source\PSoC4/isr_1.c **** }
 442              		.loc 1 350 0
 443              		@ sp needed
 444 0008 7047     		bx	lr
 445              	.L31:
 446 000a C046     		.align	2
 447              	.L30:
 448 000c 80E100E0 		.word	-536813184
 449              		.cfi_endproc
 450              	.LFE10:
 451              		.size	isr_1_Disable, .-isr_1_Disable
ARM GAS  C:\Users\jrdia\AppData\Local\Temp\ccjjVmhT.s 			page 16


 452              		.section	.text.isr_1_SetPending,"ax",%progbits
 453              		.align	2
 454              		.global	isr_1_SetPending
 455              		.code	16
 456              		.thumb_func
 457              		.type	isr_1_SetPending, %function
 458              	isr_1_SetPending:
 459              	.LFB11:
 351:Generated_Source\PSoC4/isr_1.c **** 
 352:Generated_Source\PSoC4/isr_1.c **** 
 353:Generated_Source\PSoC4/isr_1.c **** /*******************************************************************************
 354:Generated_Source\PSoC4/isr_1.c **** * Function Name: isr_1_SetPending
 355:Generated_Source\PSoC4/isr_1.c **** ********************************************************************************
 356:Generated_Source\PSoC4/isr_1.c **** *
 357:Generated_Source\PSoC4/isr_1.c **** * Summary:
 358:Generated_Source\PSoC4/isr_1.c **** *   Causes the Interrupt to enter the pending state, a software method of
 359:Generated_Source\PSoC4/isr_1.c **** *   generating the interrupt.
 360:Generated_Source\PSoC4/isr_1.c **** *
 361:Generated_Source\PSoC4/isr_1.c **** * Parameters:
 362:Generated_Source\PSoC4/isr_1.c **** *   None
 363:Generated_Source\PSoC4/isr_1.c **** *
 364:Generated_Source\PSoC4/isr_1.c **** * Return:
 365:Generated_Source\PSoC4/isr_1.c **** *   None
 366:Generated_Source\PSoC4/isr_1.c **** *
 367:Generated_Source\PSoC4/isr_1.c **** * Side Effects:
 368:Generated_Source\PSoC4/isr_1.c **** *   If interrupts are enabled and the interrupt is set up properly, the ISR is
 369:Generated_Source\PSoC4/isr_1.c **** *   entered (depending on the priority of this interrupt and other pending 
 370:Generated_Source\PSoC4/isr_1.c **** *   interrupts).
 371:Generated_Source\PSoC4/isr_1.c **** *
 372:Generated_Source\PSoC4/isr_1.c **** *******************************************************************************/
 373:Generated_Source\PSoC4/isr_1.c **** void isr_1_SetPending(void)
 374:Generated_Source\PSoC4/isr_1.c **** {
 460              		.loc 1 374 0
 461              		.cfi_startproc
 462              		@ args = 0, pretend = 0, frame = 0
 463              		@ frame_needed = 0, uses_anonymous_args = 0
 464              		@ link register save eliminated.
 375:Generated_Source\PSoC4/isr_1.c ****     *isr_1_INTC_SET_PD = isr_1__INTC_MASK;
 465              		.loc 1 375 0
 466 0000 8022     		movs	r2, #128
 467 0002 024B     		ldr	r3, .L33
 468 0004 5202     		lsls	r2, r2, #9
 469 0006 1A60     		str	r2, [r3]
 376:Generated_Source\PSoC4/isr_1.c **** }
 470              		.loc 1 376 0
 471              		@ sp needed
 472 0008 7047     		bx	lr
 473              	.L34:
 474 000a C046     		.align	2
 475              	.L33:
 476 000c 00E200E0 		.word	-536813056
 477              		.cfi_endproc
 478              	.LFE11:
 479              		.size	isr_1_SetPending, .-isr_1_SetPending
 480              		.section	.text.isr_1_ClearPending,"ax",%progbits
 481              		.align	2
 482              		.global	isr_1_ClearPending
ARM GAS  C:\Users\jrdia\AppData\Local\Temp\ccjjVmhT.s 			page 17


 483              		.code	16
 484              		.thumb_func
 485              		.type	isr_1_ClearPending, %function
 486              	isr_1_ClearPending:
 487              	.LFB12:
 377:Generated_Source\PSoC4/isr_1.c **** 
 378:Generated_Source\PSoC4/isr_1.c **** 
 379:Generated_Source\PSoC4/isr_1.c **** /*******************************************************************************
 380:Generated_Source\PSoC4/isr_1.c **** * Function Name: isr_1_ClearPending
 381:Generated_Source\PSoC4/isr_1.c **** ********************************************************************************
 382:Generated_Source\PSoC4/isr_1.c **** *
 383:Generated_Source\PSoC4/isr_1.c **** * Summary:
 384:Generated_Source\PSoC4/isr_1.c **** *   Clears a pending interrupt in the interrupt controller.
 385:Generated_Source\PSoC4/isr_1.c **** *
 386:Generated_Source\PSoC4/isr_1.c **** *   Note Some interrupt sources are clear-on-read and require the block 
 387:Generated_Source\PSoC4/isr_1.c **** *   interrupt/status register to be read/cleared with the appropriate block API 
 388:Generated_Source\PSoC4/isr_1.c **** *   (GPIO, UART, and so on). Otherwise the ISR will continue to remain in 
 389:Generated_Source\PSoC4/isr_1.c **** *   pending state even though the interrupt itself is cleared using this API.
 390:Generated_Source\PSoC4/isr_1.c **** *
 391:Generated_Source\PSoC4/isr_1.c **** * Parameters:
 392:Generated_Source\PSoC4/isr_1.c **** *   None
 393:Generated_Source\PSoC4/isr_1.c **** *
 394:Generated_Source\PSoC4/isr_1.c **** * Return:
 395:Generated_Source\PSoC4/isr_1.c **** *   None
 396:Generated_Source\PSoC4/isr_1.c **** *
 397:Generated_Source\PSoC4/isr_1.c **** *******************************************************************************/
 398:Generated_Source\PSoC4/isr_1.c **** void isr_1_ClearPending(void)
 399:Generated_Source\PSoC4/isr_1.c **** {
 488              		.loc 1 399 0
 489              		.cfi_startproc
 490              		@ args = 0, pretend = 0, frame = 0
 491              		@ frame_needed = 0, uses_anonymous_args = 0
 492              		@ link register save eliminated.
 400:Generated_Source\PSoC4/isr_1.c ****     *isr_1_INTC_CLR_PD = isr_1__INTC_MASK;
 493              		.loc 1 400 0
 494 0000 8022     		movs	r2, #128
 495 0002 024B     		ldr	r3, .L36
 496 0004 5202     		lsls	r2, r2, #9
 497 0006 1A60     		str	r2, [r3]
 401:Generated_Source\PSoC4/isr_1.c **** }
 498              		.loc 1 401 0
 499              		@ sp needed
 500 0008 7047     		bx	lr
 501              	.L37:
 502 000a C046     		.align	2
 503              	.L36:
 504 000c 80E200E0 		.word	-536812928
 505              		.cfi_endproc
 506              	.LFE12:
 507              		.size	isr_1_ClearPending, .-isr_1_ClearPending
 508              		.text
 509              	.Letext0:
 510              		.file 2 "Generated_Source\\PSoC4/cytypes.h"
 511              		.file 3 "Generated_Source\\PSoC4/CyLib.h"
 512              		.section	.debug_info,"",%progbits
 513              	.Ldebug_info0:
 514 0000 4E030000 		.4byte	0x34e
ARM GAS  C:\Users\jrdia\AppData\Local\Temp\ccjjVmhT.s 			page 18


 515 0004 0400     		.2byte	0x4
 516 0006 00000000 		.4byte	.Ldebug_abbrev0
 517 000a 04       		.byte	0x4
 518 000b 01       		.uleb128 0x1
 519 000c 01010000 		.4byte	.LASF35
 520 0010 0C       		.byte	0xc
 521 0011 6B000000 		.4byte	.LASF36
 522 0015 07020000 		.4byte	.LASF37
 523 0019 60000000 		.4byte	.Ldebug_ranges0+0x60
 524 001d 00000000 		.4byte	0
 525 0021 00000000 		.4byte	.Ldebug_line0
 526 0025 02       		.uleb128 0x2
 527 0026 01       		.byte	0x1
 528 0027 06       		.byte	0x6
 529 0028 D9020000 		.4byte	.LASF0
 530 002c 02       		.uleb128 0x2
 531 002d 01       		.byte	0x1
 532 002e 08       		.byte	0x8
 533 002f CC000000 		.4byte	.LASF1
 534 0033 02       		.uleb128 0x2
 535 0034 02       		.byte	0x2
 536 0035 05       		.byte	0x5
 537 0036 8B020000 		.4byte	.LASF2
 538 003a 02       		.uleb128 0x2
 539 003b 02       		.byte	0x2
 540 003c 07       		.byte	0x7
 541 003d 8A000000 		.4byte	.LASF3
 542 0041 02       		.uleb128 0x2
 543 0042 04       		.byte	0x4
 544 0043 05       		.byte	0x5
 545 0044 C4020000 		.4byte	.LASF4
 546 0048 02       		.uleb128 0x2
 547 0049 04       		.byte	0x4
 548 004a 07       		.byte	0x7
 549 004b E9000000 		.4byte	.LASF5
 550 004f 02       		.uleb128 0x2
 551 0050 08       		.byte	0x8
 552 0051 05       		.byte	0x5
 553 0052 6B020000 		.4byte	.LASF6
 554 0056 02       		.uleb128 0x2
 555 0057 08       		.byte	0x8
 556 0058 07       		.byte	0x7
 557 0059 B5000000 		.4byte	.LASF7
 558 005d 03       		.uleb128 0x3
 559 005e 04       		.byte	0x4
 560 005f 05       		.byte	0x5
 561 0060 696E7400 		.ascii	"int\000"
 562 0064 02       		.uleb128 0x2
 563 0065 04       		.byte	0x4
 564 0066 07       		.byte	0x7
 565 0067 CF010000 		.4byte	.LASF8
 566 006b 04       		.uleb128 0x4
 567 006c FB000000 		.4byte	.LASF9
 568 0070 02       		.byte	0x2
 569 0071 D201     		.2byte	0x1d2
 570 0073 2C000000 		.4byte	0x2c
 571 0077 04       		.uleb128 0x4
ARM GAS  C:\Users\jrdia\AppData\Local\Temp\ccjjVmhT.s 			page 19


 572 0078 B1010000 		.4byte	.LASF10
 573 007c 02       		.byte	0x2
 574 007d D401     		.2byte	0x1d4
 575 007f 48000000 		.4byte	0x48
 576 0083 02       		.uleb128 0x2
 577 0084 04       		.byte	0x4
 578 0085 04       		.byte	0x4
 579 0086 AF000000 		.4byte	.LASF11
 580 008a 02       		.uleb128 0x2
 581 008b 08       		.byte	0x8
 582 008c 04       		.byte	0x4
 583 008d 98010000 		.4byte	.LASF12
 584 0091 02       		.uleb128 0x2
 585 0092 01       		.byte	0x1
 586 0093 08       		.byte	0x8
 587 0094 86020000 		.4byte	.LASF13
 588 0098 04       		.uleb128 0x4
 589 0099 13000000 		.4byte	.LASF14
 590 009d 02       		.byte	0x2
 591 009e 7E02     		.2byte	0x27e
 592 00a0 A4000000 		.4byte	0xa4
 593 00a4 05       		.uleb128 0x5
 594 00a5 77000000 		.4byte	0x77
 595 00a9 04       		.uleb128 0x4
 596 00aa FA010000 		.4byte	.LASF15
 597 00ae 02       		.byte	0x2
 598 00af 8E02     		.2byte	0x28e
 599 00b1 B5000000 		.4byte	0xb5
 600 00b5 06       		.uleb128 0x6
 601 00b6 04       		.byte	0x4
 602 00b7 BB000000 		.4byte	0xbb
 603 00bb 07       		.uleb128 0x7
 604 00bc 02       		.uleb128 0x2
 605 00bd 08       		.byte	0x8
 606 00be 04       		.byte	0x4
 607 00bf CD020000 		.4byte	.LASF16
 608 00c3 02       		.uleb128 0x2
 609 00c4 04       		.byte	0x4
 610 00c5 07       		.byte	0x7
 611 00c6 62020000 		.4byte	.LASF17
 612 00ca 08       		.uleb128 0x8
 613 00cb 79020000 		.4byte	.LASF18
 614 00cf 01       		.byte	0x1
 615 00d0 3001     		.2byte	0x130
 616 00d2 01       		.byte	0x1
 617 00d3 09       		.uleb128 0x9
 618 00d4 F3020000 		.4byte	.LASF38
 619 00d8 01       		.byte	0x1
 620 00d9 C7       		.byte	0xc7
 621 00da 01       		.byte	0x1
 622 00db EB000000 		.4byte	0xeb
 623 00df 0A       		.uleb128 0xa
 624 00e0 DC010000 		.4byte	.LASF27
 625 00e4 01       		.byte	0x1
 626 00e5 C7       		.byte	0xc7
 627 00e6 A9000000 		.4byte	0xa9
 628 00ea 00       		.byte	0
ARM GAS  C:\Users\jrdia\AppData\Local\Temp\ccjjVmhT.s 			page 20


 629 00eb 08       		.uleb128 0x8
 630 00ec 46000000 		.4byte	.LASF19
 631 00f0 01       		.byte	0x1
 632 00f1 5A01     		.2byte	0x15a
 633 00f3 01       		.byte	0x1
 634 00f4 0B       		.uleb128 0xb
 635 00f5 A5020000 		.4byte	.LASF30
 636 00f9 01       		.byte	0x1
 637 00fa 9F       		.byte	0x9f
 638 00fb 00000000 		.4byte	.LFB3
 639 00ff 02000000 		.4byte	.LFE3-.LFB3
 640 0103 01       		.uleb128 0x1
 641 0104 9C       		.byte	0x9c
 642 0105 0C       		.uleb128 0xc
 643 0106 54000000 		.4byte	.LASF20
 644 010a 01       		.byte	0x1
 645 010b 81       		.byte	0x81
 646 010c 00000000 		.4byte	.LFB2
 647 0110 20000000 		.4byte	.LFE2-.LFB2
 648 0114 01       		.uleb128 0x1
 649 0115 9C       		.byte	0x9c
 650 0116 3F010000 		.4byte	0x13f
 651 011a 0D       		.uleb128 0xd
 652 011b EB000000 		.4byte	0xeb
 653 011f 00000000 		.4byte	.LBB18
 654 0123 08000000 		.4byte	.LBE18-.LBB18
 655 0127 01       		.byte	0x1
 656 0128 84       		.byte	0x84
 657 0129 0E       		.uleb128 0xe
 658 012a D3000000 		.4byte	0xd3
 659 012e 08000000 		.4byte	.LBB20
 660 0132 00000000 		.4byte	.Ldebug_ranges0+0
 661 0136 01       		.byte	0x1
 662 0137 87       		.byte	0x87
 663 0138 0F       		.uleb128 0xf
 664 0139 DF000000 		.4byte	0xdf
 665 013d 00       		.byte	0
 666 013e 00       		.byte	0
 667 013f 10       		.uleb128 0x10
 668 0140 D3000000 		.4byte	0xd3
 669 0144 00000000 		.4byte	.LFB4
 670 0148 0C000000 		.4byte	.LFE4-.LFB4
 671 014c 01       		.uleb128 0x1
 672 014d 9C       		.byte	0x9c
 673 014e 5A010000 		.4byte	0x15a
 674 0152 11       		.uleb128 0x11
 675 0153 DF000000 		.4byte	0xdf
 676 0157 01       		.uleb128 0x1
 677 0158 50       		.byte	0x50
 678 0159 00       		.byte	0
 679 015a 12       		.uleb128 0x12
 680 015b 95020000 		.4byte	.LASF28
 681 015f 01       		.byte	0x1
 682 0160 DB       		.byte	0xdb
 683 0161 A9000000 		.4byte	0xa9
 684 0165 00000000 		.4byte	.LFB5
 685 0169 0C000000 		.4byte	.LFE5-.LFB5
ARM GAS  C:\Users\jrdia\AppData\Local\Temp\ccjjVmhT.s 			page 21


 686 016d 01       		.uleb128 0x1
 687 016e 9C       		.byte	0x9c
 688 016f 0C       		.uleb128 0xc
 689 0170 9F010000 		.4byte	.LASF21
 690 0174 01       		.byte	0x1
 691 0175 F9       		.byte	0xf9
 692 0176 00000000 		.4byte	.LFB6
 693 017a 20000000 		.4byte	.LFE6-.LFB6
 694 017e 01       		.uleb128 0x1
 695 017f 9C       		.byte	0x9c
 696 0180 C1010000 		.4byte	0x1c1
 697 0184 13       		.uleb128 0x13
 698 0185 8F010000 		.4byte	.LASF26
 699 0189 01       		.byte	0x1
 700 018a F9       		.byte	0xf9
 701 018b 6B000000 		.4byte	0x6b
 702 018f 00000000 		.4byte	.LLST0
 703 0193 14       		.uleb128 0x14
 704 0194 DA000000 		.4byte	.LASF22
 705 0198 01       		.byte	0x1
 706 0199 FB       		.byte	0xfb
 707 019a 6B000000 		.4byte	0x6b
 708 019e 21000000 		.4byte	.LLST1
 709 01a2 15       		.uleb128 0x15
 710 01a3 B5020000 		.4byte	.LASF23
 711 01a7 01       		.byte	0x1
 712 01a8 FC       		.byte	0xfc
 713 01a9 77000000 		.4byte	0x77
 714 01ad 06       		.byte	0x6
 715 01ae 16       		.uleb128 0x16
 716 01af 08000000 		.4byte	.LVL4
 717 01b3 3B030000 		.4byte	0x33b
 718 01b7 16       		.uleb128 0x16
 719 01b8 1A000000 		.4byte	.LVL5
 720 01bc 46030000 		.4byte	0x346
 721 01c0 00       		.byte	0
 722 01c1 0C       		.uleb128 0xc
 723 01c2 5F000000 		.4byte	.LASF24
 724 01c6 01       		.byte	0x1
 725 01c7 38       		.byte	0x38
 726 01c8 00000000 		.4byte	.LFB0
 727 01cc 30000000 		.4byte	.LFE0-.LFB0
 728 01d0 01       		.uleb128 0x1
 729 01d1 9C       		.byte	0x9c
 730 01d2 21020000 		.4byte	0x221
 731 01d6 0D       		.uleb128 0xd
 732 01d7 EB000000 		.4byte	0xeb
 733 01db 02000000 		.4byte	.LBB24
 734 01df 08000000 		.4byte	.LBE24-.LBB24
 735 01e3 01       		.byte	0x1
 736 01e4 3B       		.byte	0x3b
 737 01e5 17       		.uleb128 0x17
 738 01e6 D3000000 		.4byte	0xd3
 739 01ea 0A000000 		.4byte	.LBB26
 740 01ee 18000000 		.4byte	.Ldebug_ranges0+0x18
 741 01f2 01       		.byte	0x1
 742 01f3 3E       		.byte	0x3e
ARM GAS  C:\Users\jrdia\AppData\Local\Temp\ccjjVmhT.s 			page 22


 743 01f4 02020000 		.4byte	0x202
 744 01f8 18       		.uleb128 0x18
 745 01f9 DF000000 		.4byte	0xdf
 746 01fd 34000000 		.4byte	.LLST2
 747 0201 00       		.byte	0
 748 0202 19       		.uleb128 0x19
 749 0203 CA000000 		.4byte	0xca
 750 0207 18000000 		.4byte	.LBB30
 751 020b 30000000 		.4byte	.Ldebug_ranges0+0x30
 752 020f 01       		.byte	0x1
 753 0210 44       		.byte	0x44
 754 0211 1A       		.uleb128 0x1a
 755 0212 18000000 		.4byte	.LVL8
 756 0216 6F010000 		.4byte	0x16f
 757 021a 1B       		.uleb128 0x1b
 758 021b 01       		.uleb128 0x1
 759 021c 50       		.byte	0x50
 760 021d 01       		.uleb128 0x1
 761 021e 33       		.byte	0x33
 762 021f 00       		.byte	0
 763 0220 00       		.byte	0
 764 0221 0C       		.uleb128 0xc
 765 0222 E5020000 		.4byte	.LASF25
 766 0226 01       		.byte	0x1
 767 0227 63       		.byte	0x63
 768 0228 00000000 		.4byte	.LFB1
 769 022c 28000000 		.4byte	.LFE1-.LFB1
 770 0230 01       		.uleb128 0x1
 771 0231 9C       		.byte	0x9c
 772 0232 90020000 		.4byte	0x290
 773 0236 13       		.uleb128 0x13
 774 0237 DC010000 		.4byte	.LASF27
 775 023b 01       		.byte	0x1
 776 023c 63       		.byte	0x63
 777 023d A9000000 		.4byte	0xa9
 778 0241 4C000000 		.4byte	.LLST3
 779 0245 0D       		.uleb128 0xd
 780 0246 EB000000 		.4byte	0xeb
 781 024a 02000000 		.4byte	.LBB34
 782 024e 08000000 		.4byte	.LBE34-.LBB34
 783 0252 01       		.byte	0x1
 784 0253 66       		.byte	0x66
 785 0254 17       		.uleb128 0x17
 786 0255 D3000000 		.4byte	0xd3
 787 0259 0A000000 		.4byte	.LBB36
 788 025d 48000000 		.4byte	.Ldebug_ranges0+0x48
 789 0261 01       		.byte	0x1
 790 0262 69       		.byte	0x69
 791 0263 71020000 		.4byte	0x271
 792 0267 18       		.uleb128 0x18
 793 0268 DF000000 		.4byte	0xdf
 794 026c 7C000000 		.4byte	.LLST4
 795 0270 00       		.byte	0
 796 0271 0D       		.uleb128 0xd
 797 0272 CA000000 		.4byte	0xca
 798 0276 16000000 		.4byte	.LBB40
 799 027a 04000000 		.4byte	.LBE40-.LBB40
ARM GAS  C:\Users\jrdia\AppData\Local\Temp\ccjjVmhT.s 			page 23


 800 027e 01       		.byte	0x1
 801 027f 6F       		.byte	0x6f
 802 0280 1A       		.uleb128 0x1a
 803 0281 16000000 		.4byte	.LVL13
 804 0285 6F010000 		.4byte	0x16f
 805 0289 1B       		.uleb128 0x1b
 806 028a 01       		.uleb128 0x1
 807 028b 50       		.byte	0x50
 808 028c 01       		.uleb128 0x1
 809 028d 33       		.byte	0x33
 810 028e 00       		.byte	0
 811 028f 00       		.byte	0
 812 0290 1C       		.uleb128 0x1c
 813 0291 9D000000 		.4byte	.LASF39
 814 0295 01       		.byte	0x1
 815 0296 1501     		.2byte	0x115
 816 0298 6B000000 		.4byte	0x6b
 817 029c 00000000 		.4byte	.LFB7
 818 02a0 10000000 		.4byte	.LFE7-.LFB7
 819 02a4 01       		.uleb128 0x1
 820 02a5 9C       		.byte	0x9c
 821 02a6 C8020000 		.4byte	0x2c8
 822 02aa 1D       		.uleb128 0x1d
 823 02ab 8F010000 		.4byte	.LASF26
 824 02af 01       		.byte	0x1
 825 02b0 1701     		.2byte	0x117
 826 02b2 77000000 		.4byte	0x77
 827 02b6 8F000000 		.4byte	.LLST5
 828 02ba 1E       		.uleb128 0x1e
 829 02bb B5020000 		.4byte	.LASF23
 830 02bf 01       		.byte	0x1
 831 02c0 1801     		.2byte	0x118
 832 02c2 77000000 		.4byte	0x77
 833 02c6 06       		.byte	0x6
 834 02c7 00       		.byte	0
 835 02c8 1F       		.uleb128 0x1f
 836 02c9 CA000000 		.4byte	0xca
 837 02cd 00000000 		.4byte	.LFB8
 838 02d1 10000000 		.4byte	.LFE8-.LFB8
 839 02d5 01       		.uleb128 0x1
 840 02d6 9C       		.byte	0x9c
 841 02d7 20       		.uleb128 0x20
 842 02d8 2A000000 		.4byte	.LASF29
 843 02dc 01       		.byte	0x1
 844 02dd 4501     		.2byte	0x145
 845 02df 6B000000 		.4byte	0x6b
 846 02e3 00000000 		.4byte	.LFB9
 847 02e7 10000000 		.4byte	.LFE9-.LFB9
 848 02eb 01       		.uleb128 0x1
 849 02ec 9C       		.byte	0x9c
 850 02ed 1F       		.uleb128 0x1f
 851 02ee EB000000 		.4byte	0xeb
 852 02f2 00000000 		.4byte	.LFB10
 853 02f6 10000000 		.4byte	.LFE10-.LFB10
 854 02fa 01       		.uleb128 0x1
 855 02fb 9C       		.byte	0x9c
 856 02fc 21       		.uleb128 0x21
ARM GAS  C:\Users\jrdia\AppData\Local\Temp\ccjjVmhT.s 			page 24


 857 02fd 19000000 		.4byte	.LASF31
 858 0301 01       		.byte	0x1
 859 0302 7501     		.2byte	0x175
 860 0304 00000000 		.4byte	.LFB11
 861 0308 10000000 		.4byte	.LFE11-.LFB11
 862 030c 01       		.uleb128 0x1
 863 030d 9C       		.byte	0x9c
 864 030e 21       		.uleb128 0x21
 865 030f 00000000 		.4byte	.LASF32
 866 0313 01       		.byte	0x1
 867 0314 8E01     		.2byte	0x18e
 868 0316 00000000 		.4byte	.LFB12
 869 031a 10000000 		.4byte	.LFE12-.LFB12
 870 031e 01       		.uleb128 0x1
 871 031f 9C       		.byte	0x9c
 872 0320 22       		.uleb128 0x22
 873 0321 A9000000 		.4byte	0xa9
 874 0325 30030000 		.4byte	0x330
 875 0329 23       		.uleb128 0x23
 876 032a C3000000 		.4byte	0xc3
 877 032e 2F       		.byte	0x2f
 878 032f 00       		.byte	0
 879 0330 24       		.uleb128 0x24
 880 0331 39000000 		.4byte	.LASF40
 881 0335 01       		.byte	0x1
 882 0336 21       		.byte	0x21
 883 0337 20030000 		.4byte	0x320
 884 033b 25       		.uleb128 0x25
 885 033c B8010000 		.4byte	.LASF33
 886 0340 B8010000 		.4byte	.LASF33
 887 0344 03       		.byte	0x3
 888 0345 E5       		.byte	0xe5
 889 0346 25       		.uleb128 0x25
 890 0347 E4010000 		.4byte	.LASF34
 891 034b E4010000 		.4byte	.LASF34
 892 034f 03       		.byte	0x3
 893 0350 E6       		.byte	0xe6
 894 0351 00       		.byte	0
 895              		.section	.debug_abbrev,"",%progbits
 896              	.Ldebug_abbrev0:
 897 0000 01       		.uleb128 0x1
 898 0001 11       		.uleb128 0x11
 899 0002 01       		.byte	0x1
 900 0003 25       		.uleb128 0x25
 901 0004 0E       		.uleb128 0xe
 902 0005 13       		.uleb128 0x13
 903 0006 0B       		.uleb128 0xb
 904 0007 03       		.uleb128 0x3
 905 0008 0E       		.uleb128 0xe
 906 0009 1B       		.uleb128 0x1b
 907 000a 0E       		.uleb128 0xe
 908 000b 55       		.uleb128 0x55
 909 000c 17       		.uleb128 0x17
 910 000d 11       		.uleb128 0x11
 911 000e 01       		.uleb128 0x1
 912 000f 10       		.uleb128 0x10
 913 0010 17       		.uleb128 0x17
ARM GAS  C:\Users\jrdia\AppData\Local\Temp\ccjjVmhT.s 			page 25


 914 0011 00       		.byte	0
 915 0012 00       		.byte	0
 916 0013 02       		.uleb128 0x2
 917 0014 24       		.uleb128 0x24
 918 0015 00       		.byte	0
 919 0016 0B       		.uleb128 0xb
 920 0017 0B       		.uleb128 0xb
 921 0018 3E       		.uleb128 0x3e
 922 0019 0B       		.uleb128 0xb
 923 001a 03       		.uleb128 0x3
 924 001b 0E       		.uleb128 0xe
 925 001c 00       		.byte	0
 926 001d 00       		.byte	0
 927 001e 03       		.uleb128 0x3
 928 001f 24       		.uleb128 0x24
 929 0020 00       		.byte	0
 930 0021 0B       		.uleb128 0xb
 931 0022 0B       		.uleb128 0xb
 932 0023 3E       		.uleb128 0x3e
 933 0024 0B       		.uleb128 0xb
 934 0025 03       		.uleb128 0x3
 935 0026 08       		.uleb128 0x8
 936 0027 00       		.byte	0
 937 0028 00       		.byte	0
 938 0029 04       		.uleb128 0x4
 939 002a 16       		.uleb128 0x16
 940 002b 00       		.byte	0
 941 002c 03       		.uleb128 0x3
 942 002d 0E       		.uleb128 0xe
 943 002e 3A       		.uleb128 0x3a
 944 002f 0B       		.uleb128 0xb
 945 0030 3B       		.uleb128 0x3b
 946 0031 05       		.uleb128 0x5
 947 0032 49       		.uleb128 0x49
 948 0033 13       		.uleb128 0x13
 949 0034 00       		.byte	0
 950 0035 00       		.byte	0
 951 0036 05       		.uleb128 0x5
 952 0037 35       		.uleb128 0x35
 953 0038 00       		.byte	0
 954 0039 49       		.uleb128 0x49
 955 003a 13       		.uleb128 0x13
 956 003b 00       		.byte	0
 957 003c 00       		.byte	0
 958 003d 06       		.uleb128 0x6
 959 003e 0F       		.uleb128 0xf
 960 003f 00       		.byte	0
 961 0040 0B       		.uleb128 0xb
 962 0041 0B       		.uleb128 0xb
 963 0042 49       		.uleb128 0x49
 964 0043 13       		.uleb128 0x13
 965 0044 00       		.byte	0
 966 0045 00       		.byte	0
 967 0046 07       		.uleb128 0x7
 968 0047 15       		.uleb128 0x15
 969 0048 00       		.byte	0
 970 0049 27       		.uleb128 0x27
ARM GAS  C:\Users\jrdia\AppData\Local\Temp\ccjjVmhT.s 			page 26


 971 004a 19       		.uleb128 0x19
 972 004b 00       		.byte	0
 973 004c 00       		.byte	0
 974 004d 08       		.uleb128 0x8
 975 004e 2E       		.uleb128 0x2e
 976 004f 00       		.byte	0
 977 0050 3F       		.uleb128 0x3f
 978 0051 19       		.uleb128 0x19
 979 0052 03       		.uleb128 0x3
 980 0053 0E       		.uleb128 0xe
 981 0054 3A       		.uleb128 0x3a
 982 0055 0B       		.uleb128 0xb
 983 0056 3B       		.uleb128 0x3b
 984 0057 05       		.uleb128 0x5
 985 0058 27       		.uleb128 0x27
 986 0059 19       		.uleb128 0x19
 987 005a 20       		.uleb128 0x20
 988 005b 0B       		.uleb128 0xb
 989 005c 00       		.byte	0
 990 005d 00       		.byte	0
 991 005e 09       		.uleb128 0x9
 992 005f 2E       		.uleb128 0x2e
 993 0060 01       		.byte	0x1
 994 0061 3F       		.uleb128 0x3f
 995 0062 19       		.uleb128 0x19
 996 0063 03       		.uleb128 0x3
 997 0064 0E       		.uleb128 0xe
 998 0065 3A       		.uleb128 0x3a
 999 0066 0B       		.uleb128 0xb
 1000 0067 3B       		.uleb128 0x3b
 1001 0068 0B       		.uleb128 0xb
 1002 0069 27       		.uleb128 0x27
 1003 006a 19       		.uleb128 0x19
 1004 006b 20       		.uleb128 0x20
 1005 006c 0B       		.uleb128 0xb
 1006 006d 01       		.uleb128 0x1
 1007 006e 13       		.uleb128 0x13
 1008 006f 00       		.byte	0
 1009 0070 00       		.byte	0
 1010 0071 0A       		.uleb128 0xa
 1011 0072 05       		.uleb128 0x5
 1012 0073 00       		.byte	0
 1013 0074 03       		.uleb128 0x3
 1014 0075 0E       		.uleb128 0xe
 1015 0076 3A       		.uleb128 0x3a
 1016 0077 0B       		.uleb128 0xb
 1017 0078 3B       		.uleb128 0x3b
 1018 0079 0B       		.uleb128 0xb
 1019 007a 49       		.uleb128 0x49
 1020 007b 13       		.uleb128 0x13
 1021 007c 00       		.byte	0
 1022 007d 00       		.byte	0
 1023 007e 0B       		.uleb128 0xb
 1024 007f 2E       		.uleb128 0x2e
 1025 0080 00       		.byte	0
 1026 0081 3F       		.uleb128 0x3f
 1027 0082 19       		.uleb128 0x19
ARM GAS  C:\Users\jrdia\AppData\Local\Temp\ccjjVmhT.s 			page 27


 1028 0083 03       		.uleb128 0x3
 1029 0084 0E       		.uleb128 0xe
 1030 0085 3A       		.uleb128 0x3a
 1031 0086 0B       		.uleb128 0xb
 1032 0087 3B       		.uleb128 0x3b
 1033 0088 0B       		.uleb128 0xb
 1034 0089 27       		.uleb128 0x27
 1035 008a 19       		.uleb128 0x19
 1036 008b 11       		.uleb128 0x11
 1037 008c 01       		.uleb128 0x1
 1038 008d 12       		.uleb128 0x12
 1039 008e 06       		.uleb128 0x6
 1040 008f 40       		.uleb128 0x40
 1041 0090 18       		.uleb128 0x18
 1042 0091 9742     		.uleb128 0x2117
 1043 0093 19       		.uleb128 0x19
 1044 0094 00       		.byte	0
 1045 0095 00       		.byte	0
 1046 0096 0C       		.uleb128 0xc
 1047 0097 2E       		.uleb128 0x2e
 1048 0098 01       		.byte	0x1
 1049 0099 3F       		.uleb128 0x3f
 1050 009a 19       		.uleb128 0x19
 1051 009b 03       		.uleb128 0x3
 1052 009c 0E       		.uleb128 0xe
 1053 009d 3A       		.uleb128 0x3a
 1054 009e 0B       		.uleb128 0xb
 1055 009f 3B       		.uleb128 0x3b
 1056 00a0 0B       		.uleb128 0xb
 1057 00a1 27       		.uleb128 0x27
 1058 00a2 19       		.uleb128 0x19
 1059 00a3 11       		.uleb128 0x11
 1060 00a4 01       		.uleb128 0x1
 1061 00a5 12       		.uleb128 0x12
 1062 00a6 06       		.uleb128 0x6
 1063 00a7 40       		.uleb128 0x40
 1064 00a8 18       		.uleb128 0x18
 1065 00a9 9742     		.uleb128 0x2117
 1066 00ab 19       		.uleb128 0x19
 1067 00ac 01       		.uleb128 0x1
 1068 00ad 13       		.uleb128 0x13
 1069 00ae 00       		.byte	0
 1070 00af 00       		.byte	0
 1071 00b0 0D       		.uleb128 0xd
 1072 00b1 1D       		.uleb128 0x1d
 1073 00b2 00       		.byte	0
 1074 00b3 31       		.uleb128 0x31
 1075 00b4 13       		.uleb128 0x13
 1076 00b5 11       		.uleb128 0x11
 1077 00b6 01       		.uleb128 0x1
 1078 00b7 12       		.uleb128 0x12
 1079 00b8 06       		.uleb128 0x6
 1080 00b9 58       		.uleb128 0x58
 1081 00ba 0B       		.uleb128 0xb
 1082 00bb 59       		.uleb128 0x59
 1083 00bc 0B       		.uleb128 0xb
 1084 00bd 00       		.byte	0
ARM GAS  C:\Users\jrdia\AppData\Local\Temp\ccjjVmhT.s 			page 28


 1085 00be 00       		.byte	0
 1086 00bf 0E       		.uleb128 0xe
 1087 00c0 1D       		.uleb128 0x1d
 1088 00c1 01       		.byte	0x1
 1089 00c2 31       		.uleb128 0x31
 1090 00c3 13       		.uleb128 0x13
 1091 00c4 52       		.uleb128 0x52
 1092 00c5 01       		.uleb128 0x1
 1093 00c6 55       		.uleb128 0x55
 1094 00c7 17       		.uleb128 0x17
 1095 00c8 58       		.uleb128 0x58
 1096 00c9 0B       		.uleb128 0xb
 1097 00ca 59       		.uleb128 0x59
 1098 00cb 0B       		.uleb128 0xb
 1099 00cc 00       		.byte	0
 1100 00cd 00       		.byte	0
 1101 00ce 0F       		.uleb128 0xf
 1102 00cf 05       		.uleb128 0x5
 1103 00d0 00       		.byte	0
 1104 00d1 31       		.uleb128 0x31
 1105 00d2 13       		.uleb128 0x13
 1106 00d3 00       		.byte	0
 1107 00d4 00       		.byte	0
 1108 00d5 10       		.uleb128 0x10
 1109 00d6 2E       		.uleb128 0x2e
 1110 00d7 01       		.byte	0x1
 1111 00d8 31       		.uleb128 0x31
 1112 00d9 13       		.uleb128 0x13
 1113 00da 11       		.uleb128 0x11
 1114 00db 01       		.uleb128 0x1
 1115 00dc 12       		.uleb128 0x12
 1116 00dd 06       		.uleb128 0x6
 1117 00de 40       		.uleb128 0x40
 1118 00df 18       		.uleb128 0x18
 1119 00e0 9742     		.uleb128 0x2117
 1120 00e2 19       		.uleb128 0x19
 1121 00e3 01       		.uleb128 0x1
 1122 00e4 13       		.uleb128 0x13
 1123 00e5 00       		.byte	0
 1124 00e6 00       		.byte	0
 1125 00e7 11       		.uleb128 0x11
 1126 00e8 05       		.uleb128 0x5
 1127 00e9 00       		.byte	0
 1128 00ea 31       		.uleb128 0x31
 1129 00eb 13       		.uleb128 0x13
 1130 00ec 02       		.uleb128 0x2
 1131 00ed 18       		.uleb128 0x18
 1132 00ee 00       		.byte	0
 1133 00ef 00       		.byte	0
 1134 00f0 12       		.uleb128 0x12
 1135 00f1 2E       		.uleb128 0x2e
 1136 00f2 00       		.byte	0
 1137 00f3 3F       		.uleb128 0x3f
 1138 00f4 19       		.uleb128 0x19
 1139 00f5 03       		.uleb128 0x3
 1140 00f6 0E       		.uleb128 0xe
 1141 00f7 3A       		.uleb128 0x3a
ARM GAS  C:\Users\jrdia\AppData\Local\Temp\ccjjVmhT.s 			page 29


 1142 00f8 0B       		.uleb128 0xb
 1143 00f9 3B       		.uleb128 0x3b
 1144 00fa 0B       		.uleb128 0xb
 1145 00fb 27       		.uleb128 0x27
 1146 00fc 19       		.uleb128 0x19
 1147 00fd 49       		.uleb128 0x49
 1148 00fe 13       		.uleb128 0x13
 1149 00ff 11       		.uleb128 0x11
 1150 0100 01       		.uleb128 0x1
 1151 0101 12       		.uleb128 0x12
 1152 0102 06       		.uleb128 0x6
 1153 0103 40       		.uleb128 0x40
 1154 0104 18       		.uleb128 0x18
 1155 0105 9742     		.uleb128 0x2117
 1156 0107 19       		.uleb128 0x19
 1157 0108 00       		.byte	0
 1158 0109 00       		.byte	0
 1159 010a 13       		.uleb128 0x13
 1160 010b 05       		.uleb128 0x5
 1161 010c 00       		.byte	0
 1162 010d 03       		.uleb128 0x3
 1163 010e 0E       		.uleb128 0xe
 1164 010f 3A       		.uleb128 0x3a
 1165 0110 0B       		.uleb128 0xb
 1166 0111 3B       		.uleb128 0x3b
 1167 0112 0B       		.uleb128 0xb
 1168 0113 49       		.uleb128 0x49
 1169 0114 13       		.uleb128 0x13
 1170 0115 02       		.uleb128 0x2
 1171 0116 17       		.uleb128 0x17
 1172 0117 00       		.byte	0
 1173 0118 00       		.byte	0
 1174 0119 14       		.uleb128 0x14
 1175 011a 34       		.uleb128 0x34
 1176 011b 00       		.byte	0
 1177 011c 03       		.uleb128 0x3
 1178 011d 0E       		.uleb128 0xe
 1179 011e 3A       		.uleb128 0x3a
 1180 011f 0B       		.uleb128 0xb
 1181 0120 3B       		.uleb128 0x3b
 1182 0121 0B       		.uleb128 0xb
 1183 0122 49       		.uleb128 0x49
 1184 0123 13       		.uleb128 0x13
 1185 0124 02       		.uleb128 0x2
 1186 0125 17       		.uleb128 0x17
 1187 0126 00       		.byte	0
 1188 0127 00       		.byte	0
 1189 0128 15       		.uleb128 0x15
 1190 0129 34       		.uleb128 0x34
 1191 012a 00       		.byte	0
 1192 012b 03       		.uleb128 0x3
 1193 012c 0E       		.uleb128 0xe
 1194 012d 3A       		.uleb128 0x3a
 1195 012e 0B       		.uleb128 0xb
 1196 012f 3B       		.uleb128 0x3b
 1197 0130 0B       		.uleb128 0xb
 1198 0131 49       		.uleb128 0x49
ARM GAS  C:\Users\jrdia\AppData\Local\Temp\ccjjVmhT.s 			page 30


 1199 0132 13       		.uleb128 0x13
 1200 0133 1C       		.uleb128 0x1c
 1201 0134 0B       		.uleb128 0xb
 1202 0135 00       		.byte	0
 1203 0136 00       		.byte	0
 1204 0137 16       		.uleb128 0x16
 1205 0138 898201   		.uleb128 0x4109
 1206 013b 00       		.byte	0
 1207 013c 11       		.uleb128 0x11
 1208 013d 01       		.uleb128 0x1
 1209 013e 31       		.uleb128 0x31
 1210 013f 13       		.uleb128 0x13
 1211 0140 00       		.byte	0
 1212 0141 00       		.byte	0
 1213 0142 17       		.uleb128 0x17
 1214 0143 1D       		.uleb128 0x1d
 1215 0144 01       		.byte	0x1
 1216 0145 31       		.uleb128 0x31
 1217 0146 13       		.uleb128 0x13
 1218 0147 52       		.uleb128 0x52
 1219 0148 01       		.uleb128 0x1
 1220 0149 55       		.uleb128 0x55
 1221 014a 17       		.uleb128 0x17
 1222 014b 58       		.uleb128 0x58
 1223 014c 0B       		.uleb128 0xb
 1224 014d 59       		.uleb128 0x59
 1225 014e 0B       		.uleb128 0xb
 1226 014f 01       		.uleb128 0x1
 1227 0150 13       		.uleb128 0x13
 1228 0151 00       		.byte	0
 1229 0152 00       		.byte	0
 1230 0153 18       		.uleb128 0x18
 1231 0154 05       		.uleb128 0x5
 1232 0155 00       		.byte	0
 1233 0156 31       		.uleb128 0x31
 1234 0157 13       		.uleb128 0x13
 1235 0158 02       		.uleb128 0x2
 1236 0159 17       		.uleb128 0x17
 1237 015a 00       		.byte	0
 1238 015b 00       		.byte	0
 1239 015c 19       		.uleb128 0x19
 1240 015d 1D       		.uleb128 0x1d
 1241 015e 00       		.byte	0
 1242 015f 31       		.uleb128 0x31
 1243 0160 13       		.uleb128 0x13
 1244 0161 52       		.uleb128 0x52
 1245 0162 01       		.uleb128 0x1
 1246 0163 55       		.uleb128 0x55
 1247 0164 17       		.uleb128 0x17
 1248 0165 58       		.uleb128 0x58
 1249 0166 0B       		.uleb128 0xb
 1250 0167 59       		.uleb128 0x59
 1251 0168 0B       		.uleb128 0xb
 1252 0169 00       		.byte	0
 1253 016a 00       		.byte	0
 1254 016b 1A       		.uleb128 0x1a
 1255 016c 898201   		.uleb128 0x4109
ARM GAS  C:\Users\jrdia\AppData\Local\Temp\ccjjVmhT.s 			page 31


 1256 016f 01       		.byte	0x1
 1257 0170 11       		.uleb128 0x11
 1258 0171 01       		.uleb128 0x1
 1259 0172 31       		.uleb128 0x31
 1260 0173 13       		.uleb128 0x13
 1261 0174 00       		.byte	0
 1262 0175 00       		.byte	0
 1263 0176 1B       		.uleb128 0x1b
 1264 0177 8A8201   		.uleb128 0x410a
 1265 017a 00       		.byte	0
 1266 017b 02       		.uleb128 0x2
 1267 017c 18       		.uleb128 0x18
 1268 017d 9142     		.uleb128 0x2111
 1269 017f 18       		.uleb128 0x18
 1270 0180 00       		.byte	0
 1271 0181 00       		.byte	0
 1272 0182 1C       		.uleb128 0x1c
 1273 0183 2E       		.uleb128 0x2e
 1274 0184 01       		.byte	0x1
 1275 0185 3F       		.uleb128 0x3f
 1276 0186 19       		.uleb128 0x19
 1277 0187 03       		.uleb128 0x3
 1278 0188 0E       		.uleb128 0xe
 1279 0189 3A       		.uleb128 0x3a
 1280 018a 0B       		.uleb128 0xb
 1281 018b 3B       		.uleb128 0x3b
 1282 018c 05       		.uleb128 0x5
 1283 018d 27       		.uleb128 0x27
 1284 018e 19       		.uleb128 0x19
 1285 018f 49       		.uleb128 0x49
 1286 0190 13       		.uleb128 0x13
 1287 0191 11       		.uleb128 0x11
 1288 0192 01       		.uleb128 0x1
 1289 0193 12       		.uleb128 0x12
 1290 0194 06       		.uleb128 0x6
 1291 0195 40       		.uleb128 0x40
 1292 0196 18       		.uleb128 0x18
 1293 0197 9742     		.uleb128 0x2117
 1294 0199 19       		.uleb128 0x19
 1295 019a 01       		.uleb128 0x1
 1296 019b 13       		.uleb128 0x13
 1297 019c 00       		.byte	0
 1298 019d 00       		.byte	0
 1299 019e 1D       		.uleb128 0x1d
 1300 019f 34       		.uleb128 0x34
 1301 01a0 00       		.byte	0
 1302 01a1 03       		.uleb128 0x3
 1303 01a2 0E       		.uleb128 0xe
 1304 01a3 3A       		.uleb128 0x3a
 1305 01a4 0B       		.uleb128 0xb
 1306 01a5 3B       		.uleb128 0x3b
 1307 01a6 05       		.uleb128 0x5
 1308 01a7 49       		.uleb128 0x49
 1309 01a8 13       		.uleb128 0x13
 1310 01a9 02       		.uleb128 0x2
 1311 01aa 17       		.uleb128 0x17
 1312 01ab 00       		.byte	0
ARM GAS  C:\Users\jrdia\AppData\Local\Temp\ccjjVmhT.s 			page 32


 1313 01ac 00       		.byte	0
 1314 01ad 1E       		.uleb128 0x1e
 1315 01ae 34       		.uleb128 0x34
 1316 01af 00       		.byte	0
 1317 01b0 03       		.uleb128 0x3
 1318 01b1 0E       		.uleb128 0xe
 1319 01b2 3A       		.uleb128 0x3a
 1320 01b3 0B       		.uleb128 0xb
 1321 01b4 3B       		.uleb128 0x3b
 1322 01b5 05       		.uleb128 0x5
 1323 01b6 49       		.uleb128 0x49
 1324 01b7 13       		.uleb128 0x13
 1325 01b8 1C       		.uleb128 0x1c
 1326 01b9 0B       		.uleb128 0xb
 1327 01ba 00       		.byte	0
 1328 01bb 00       		.byte	0
 1329 01bc 1F       		.uleb128 0x1f
 1330 01bd 2E       		.uleb128 0x2e
 1331 01be 00       		.byte	0
 1332 01bf 31       		.uleb128 0x31
 1333 01c0 13       		.uleb128 0x13
 1334 01c1 11       		.uleb128 0x11
 1335 01c2 01       		.uleb128 0x1
 1336 01c3 12       		.uleb128 0x12
 1337 01c4 06       		.uleb128 0x6
 1338 01c5 40       		.uleb128 0x40
 1339 01c6 18       		.uleb128 0x18
 1340 01c7 9742     		.uleb128 0x2117
 1341 01c9 19       		.uleb128 0x19
 1342 01ca 00       		.byte	0
 1343 01cb 00       		.byte	0
 1344 01cc 20       		.uleb128 0x20
 1345 01cd 2E       		.uleb128 0x2e
 1346 01ce 00       		.byte	0
 1347 01cf 3F       		.uleb128 0x3f
 1348 01d0 19       		.uleb128 0x19
 1349 01d1 03       		.uleb128 0x3
 1350 01d2 0E       		.uleb128 0xe
 1351 01d3 3A       		.uleb128 0x3a
 1352 01d4 0B       		.uleb128 0xb
 1353 01d5 3B       		.uleb128 0x3b
 1354 01d6 05       		.uleb128 0x5
 1355 01d7 27       		.uleb128 0x27
 1356 01d8 19       		.uleb128 0x19
 1357 01d9 49       		.uleb128 0x49
 1358 01da 13       		.uleb128 0x13
 1359 01db 11       		.uleb128 0x11
 1360 01dc 01       		.uleb128 0x1
 1361 01dd 12       		.uleb128 0x12
 1362 01de 06       		.uleb128 0x6
 1363 01df 40       		.uleb128 0x40
 1364 01e0 18       		.uleb128 0x18
 1365 01e1 9742     		.uleb128 0x2117
 1366 01e3 19       		.uleb128 0x19
 1367 01e4 00       		.byte	0
 1368 01e5 00       		.byte	0
 1369 01e6 21       		.uleb128 0x21
ARM GAS  C:\Users\jrdia\AppData\Local\Temp\ccjjVmhT.s 			page 33


 1370 01e7 2E       		.uleb128 0x2e
 1371 01e8 00       		.byte	0
 1372 01e9 3F       		.uleb128 0x3f
 1373 01ea 19       		.uleb128 0x19
 1374 01eb 03       		.uleb128 0x3
 1375 01ec 0E       		.uleb128 0xe
 1376 01ed 3A       		.uleb128 0x3a
 1377 01ee 0B       		.uleb128 0xb
 1378 01ef 3B       		.uleb128 0x3b
 1379 01f0 05       		.uleb128 0x5
 1380 01f1 27       		.uleb128 0x27
 1381 01f2 19       		.uleb128 0x19
 1382 01f3 11       		.uleb128 0x11
 1383 01f4 01       		.uleb128 0x1
 1384 01f5 12       		.uleb128 0x12
 1385 01f6 06       		.uleb128 0x6
 1386 01f7 40       		.uleb128 0x40
 1387 01f8 18       		.uleb128 0x18
 1388 01f9 9742     		.uleb128 0x2117
 1389 01fb 19       		.uleb128 0x19
 1390 01fc 00       		.byte	0
 1391 01fd 00       		.byte	0
 1392 01fe 22       		.uleb128 0x22
 1393 01ff 01       		.uleb128 0x1
 1394 0200 01       		.byte	0x1
 1395 0201 49       		.uleb128 0x49
 1396 0202 13       		.uleb128 0x13
 1397 0203 01       		.uleb128 0x1
 1398 0204 13       		.uleb128 0x13
 1399 0205 00       		.byte	0
 1400 0206 00       		.byte	0
 1401 0207 23       		.uleb128 0x23
 1402 0208 21       		.uleb128 0x21
 1403 0209 00       		.byte	0
 1404 020a 49       		.uleb128 0x49
 1405 020b 13       		.uleb128 0x13
 1406 020c 2F       		.uleb128 0x2f
 1407 020d 0B       		.uleb128 0xb
 1408 020e 00       		.byte	0
 1409 020f 00       		.byte	0
 1410 0210 24       		.uleb128 0x24
 1411 0211 34       		.uleb128 0x34
 1412 0212 00       		.byte	0
 1413 0213 03       		.uleb128 0x3
 1414 0214 0E       		.uleb128 0xe
 1415 0215 3A       		.uleb128 0x3a
 1416 0216 0B       		.uleb128 0xb
 1417 0217 3B       		.uleb128 0x3b
 1418 0218 0B       		.uleb128 0xb
 1419 0219 49       		.uleb128 0x49
 1420 021a 13       		.uleb128 0x13
 1421 021b 3F       		.uleb128 0x3f
 1422 021c 19       		.uleb128 0x19
 1423 021d 3C       		.uleb128 0x3c
 1424 021e 19       		.uleb128 0x19
 1425 021f 00       		.byte	0
 1426 0220 00       		.byte	0
ARM GAS  C:\Users\jrdia\AppData\Local\Temp\ccjjVmhT.s 			page 34


 1427 0221 25       		.uleb128 0x25
 1428 0222 2E       		.uleb128 0x2e
 1429 0223 00       		.byte	0
 1430 0224 3F       		.uleb128 0x3f
 1431 0225 19       		.uleb128 0x19
 1432 0226 3C       		.uleb128 0x3c
 1433 0227 19       		.uleb128 0x19
 1434 0228 6E       		.uleb128 0x6e
 1435 0229 0E       		.uleb128 0xe
 1436 022a 03       		.uleb128 0x3
 1437 022b 0E       		.uleb128 0xe
 1438 022c 3A       		.uleb128 0x3a
 1439 022d 0B       		.uleb128 0xb
 1440 022e 3B       		.uleb128 0x3b
 1441 022f 0B       		.uleb128 0xb
 1442 0230 00       		.byte	0
 1443 0231 00       		.byte	0
 1444 0232 00       		.byte	0
 1445              		.section	.debug_loc,"",%progbits
 1446              	.Ldebug_loc0:
 1447              	.LLST0:
 1448 0000 00000000 		.4byte	.LVL3
 1449 0004 07000000 		.4byte	.LVL4-1
 1450 0008 0100     		.2byte	0x1
 1451 000a 50       		.byte	0x50
 1452 000b 07000000 		.4byte	.LVL4-1
 1453 000f 20000000 		.4byte	.LFE6
 1454 0013 0400     		.2byte	0x4
 1455 0015 F3       		.byte	0xf3
 1456 0016 01       		.uleb128 0x1
 1457 0017 50       		.byte	0x50
 1458 0018 9F       		.byte	0x9f
 1459 0019 00000000 		.4byte	0
 1460 001d 00000000 		.4byte	0
 1461              	.LLST1:
 1462 0021 08000000 		.4byte	.LVL4
 1463 0025 19000000 		.4byte	.LVL5-1
 1464 0029 0100     		.2byte	0x1
 1465 002b 50       		.byte	0x50
 1466 002c 00000000 		.4byte	0
 1467 0030 00000000 		.4byte	0
 1468              	.LLST2:
 1469 0034 0A000000 		.4byte	.LVL6
 1470 0038 14000000 		.4byte	.LVL7
 1471 003c 0600     		.2byte	0x6
 1472 003e 03       		.byte	0x3
 1473 003f 00000000 		.4byte	isr_1_Interrupt
 1474 0043 9F       		.byte	0x9f
 1475 0044 00000000 		.4byte	0
 1476 0048 00000000 		.4byte	0
 1477              	.LLST3:
 1478 004c 00000000 		.4byte	.LVL9
 1479 0050 12000000 		.4byte	.LVL12
 1480 0054 0100     		.2byte	0x1
 1481 0056 50       		.byte	0x50
 1482 0057 12000000 		.4byte	.LVL12
 1483 005b 15000000 		.4byte	.LVL13-1
ARM GAS  C:\Users\jrdia\AppData\Local\Temp\ccjjVmhT.s 			page 35


 1484 005f 0500     		.2byte	0x5
 1485 0061 72       		.byte	0x72
 1486 0062 00       		.sleb128 0
 1487 0063 73       		.byte	0x73
 1488 0064 00       		.sleb128 0
 1489 0065 22       		.byte	0x22
 1490 0066 15000000 		.4byte	.LVL13-1
 1491 006a 28000000 		.4byte	.LFE1
 1492 006e 0400     		.2byte	0x4
 1493 0070 F3       		.byte	0xf3
 1494 0071 01       		.uleb128 0x1
 1495 0072 50       		.byte	0x50
 1496 0073 9F       		.byte	0x9f
 1497 0074 00000000 		.4byte	0
 1498 0078 00000000 		.4byte	0
 1499              	.LLST4:
 1500 007c 0A000000 		.4byte	.LVL10
 1501 0080 10000000 		.4byte	.LVL11
 1502 0084 0100     		.2byte	0x1
 1503 0086 50       		.byte	0x50
 1504 0087 00000000 		.4byte	0
 1505 008b 00000000 		.4byte	0
 1506              	.LLST5:
 1507 008f 04000000 		.4byte	.LVL15
 1508 0093 06000000 		.4byte	.LVL16
 1509 0097 0700     		.2byte	0x7
 1510 0099 70       		.byte	0x70
 1511 009a 00       		.sleb128 0
 1512 009b 36       		.byte	0x36
 1513 009c 25       		.byte	0x25
 1514 009d 33       		.byte	0x33
 1515 009e 1A       		.byte	0x1a
 1516 009f 9F       		.byte	0x9f
 1517 00a0 00000000 		.4byte	0
 1518 00a4 00000000 		.4byte	0
 1519              		.section	.debug_aranges,"",%progbits
 1520 0000 7C000000 		.4byte	0x7c
 1521 0004 0200     		.2byte	0x2
 1522 0006 00000000 		.4byte	.Ldebug_info0
 1523 000a 04       		.byte	0x4
 1524 000b 00       		.byte	0
 1525 000c 0000     		.2byte	0
 1526 000e 0000     		.2byte	0
 1527 0010 00000000 		.4byte	.LFB3
 1528 0014 02000000 		.4byte	.LFE3-.LFB3
 1529 0018 00000000 		.4byte	.LFB2
 1530 001c 20000000 		.4byte	.LFE2-.LFB2
 1531 0020 00000000 		.4byte	.LFB4
 1532 0024 0C000000 		.4byte	.LFE4-.LFB4
 1533 0028 00000000 		.4byte	.LFB5
 1534 002c 0C000000 		.4byte	.LFE5-.LFB5
 1535 0030 00000000 		.4byte	.LFB6
 1536 0034 20000000 		.4byte	.LFE6-.LFB6
 1537 0038 00000000 		.4byte	.LFB0
 1538 003c 30000000 		.4byte	.LFE0-.LFB0
 1539 0040 00000000 		.4byte	.LFB1
 1540 0044 28000000 		.4byte	.LFE1-.LFB1
ARM GAS  C:\Users\jrdia\AppData\Local\Temp\ccjjVmhT.s 			page 36


 1541 0048 00000000 		.4byte	.LFB7
 1542 004c 10000000 		.4byte	.LFE7-.LFB7
 1543 0050 00000000 		.4byte	.LFB8
 1544 0054 10000000 		.4byte	.LFE8-.LFB8
 1545 0058 00000000 		.4byte	.LFB9
 1546 005c 10000000 		.4byte	.LFE9-.LFB9
 1547 0060 00000000 		.4byte	.LFB10
 1548 0064 10000000 		.4byte	.LFE10-.LFB10
 1549 0068 00000000 		.4byte	.LFB11
 1550 006c 10000000 		.4byte	.LFE11-.LFB11
 1551 0070 00000000 		.4byte	.LFB12
 1552 0074 10000000 		.4byte	.LFE12-.LFB12
 1553 0078 00000000 		.4byte	0
 1554 007c 00000000 		.4byte	0
 1555              		.section	.debug_ranges,"",%progbits
 1556              	.Ldebug_ranges0:
 1557 0000 08000000 		.4byte	.LBB20
 1558 0004 0E000000 		.4byte	.LBE20
 1559 0008 0E000000 		.4byte	.LBB23
 1560 000c 10000000 		.4byte	.LBE23
 1561 0010 00000000 		.4byte	0
 1562 0014 00000000 		.4byte	0
 1563 0018 0A000000 		.4byte	.LBB26
 1564 001c 10000000 		.4byte	.LBE26
 1565 0020 12000000 		.4byte	.LBB29
 1566 0024 14000000 		.4byte	.LBE29
 1567 0028 00000000 		.4byte	0
 1568 002c 00000000 		.4byte	0
 1569 0030 18000000 		.4byte	.LBB30
 1570 0034 1A000000 		.4byte	.LBE30
 1571 0038 1A000000 		.4byte	.LBB33
 1572 003c 1C000000 		.4byte	.LBE33
 1573 0040 00000000 		.4byte	0
 1574 0044 00000000 		.4byte	0
 1575 0048 0A000000 		.4byte	.LBB36
 1576 004c 0E000000 		.4byte	.LBE36
 1577 0050 0E000000 		.4byte	.LBB39
 1578 0054 10000000 		.4byte	.LBE39
 1579 0058 00000000 		.4byte	0
 1580 005c 00000000 		.4byte	0
 1581 0060 00000000 		.4byte	.LFB3
 1582 0064 02000000 		.4byte	.LFE3
 1583 0068 00000000 		.4byte	.LFB2
 1584 006c 20000000 		.4byte	.LFE2
 1585 0070 00000000 		.4byte	.LFB4
 1586 0074 0C000000 		.4byte	.LFE4
 1587 0078 00000000 		.4byte	.LFB5
 1588 007c 0C000000 		.4byte	.LFE5
 1589 0080 00000000 		.4byte	.LFB6
 1590 0084 20000000 		.4byte	.LFE6
 1591 0088 00000000 		.4byte	.LFB0
 1592 008c 30000000 		.4byte	.LFE0
 1593 0090 00000000 		.4byte	.LFB1
 1594 0094 28000000 		.4byte	.LFE1
 1595 0098 00000000 		.4byte	.LFB7
 1596 009c 10000000 		.4byte	.LFE7
 1597 00a0 00000000 		.4byte	.LFB8
ARM GAS  C:\Users\jrdia\AppData\Local\Temp\ccjjVmhT.s 			page 37


 1598 00a4 10000000 		.4byte	.LFE8
 1599 00a8 00000000 		.4byte	.LFB9
 1600 00ac 10000000 		.4byte	.LFE9
 1601 00b0 00000000 		.4byte	.LFB10
 1602 00b4 10000000 		.4byte	.LFE10
 1603 00b8 00000000 		.4byte	.LFB11
 1604 00bc 10000000 		.4byte	.LFE11
 1605 00c0 00000000 		.4byte	.LFB12
 1606 00c4 10000000 		.4byte	.LFE12
 1607 00c8 00000000 		.4byte	0
 1608 00cc 00000000 		.4byte	0
 1609              		.section	.debug_line,"",%progbits
 1610              	.Ldebug_line0:
 1611 0000 99010000 		.section	.debug_str,"MS",%progbits,1
 1611      02004D00 
 1611      00000201 
 1611      FB0E0D00 
 1611      01010101 
 1612              	.LASF32:
 1613 0000 6973725F 		.ascii	"isr_1_ClearPending\000"
 1613      315F436C 
 1613      65617250 
 1613      656E6469 
 1613      6E6700
 1614              	.LASF14:
 1615 0013 72656733 		.ascii	"reg32\000"
 1615      3200
 1616              	.LASF31:
 1617 0019 6973725F 		.ascii	"isr_1_SetPending\000"
 1617      315F5365 
 1617      7450656E 
 1617      64696E67 
 1617      00
 1618              	.LASF29:
 1619 002a 6973725F 		.ascii	"isr_1_GetState\000"
 1619      315F4765 
 1619      74537461 
 1619      746500
 1620              	.LASF40:
 1621 0039 43795261 		.ascii	"CyRamVectors\000"
 1621      6D566563 
 1621      746F7273 
 1621      00
 1622              	.LASF19:
 1623 0046 6973725F 		.ascii	"isr_1_Disable\000"
 1623      315F4469 
 1623      7361626C 
 1623      6500
 1624              	.LASF20:
 1625 0054 6973725F 		.ascii	"isr_1_Stop\000"
 1625      315F5374 
 1625      6F7000
 1626              	.LASF24:
 1627 005f 6973725F 		.ascii	"isr_1_Start\000"
 1627      315F5374 
 1627      61727400 
 1628              	.LASF36:
ARM GAS  C:\Users\jrdia\AppData\Local\Temp\ccjjVmhT.s 			page 38


 1629 006b 47656E65 		.ascii	"Generated_Source\\PSoC4\\isr_1.c\000"
 1629      72617465 
 1629      645F536F 
 1629      75726365 
 1629      5C50536F 
 1630              	.LASF3:
 1631 008a 73686F72 		.ascii	"short unsigned int\000"
 1631      7420756E 
 1631      7369676E 
 1631      65642069 
 1631      6E7400
 1632              	.LASF39:
 1633 009d 6973725F 		.ascii	"isr_1_GetPriority\000"
 1633      315F4765 
 1633      74507269 
 1633      6F726974 
 1633      7900
 1634              	.LASF11:
 1635 00af 666C6F61 		.ascii	"float\000"
 1635      7400
 1636              	.LASF7:
 1637 00b5 6C6F6E67 		.ascii	"long long unsigned int\000"
 1637      206C6F6E 
 1637      6720756E 
 1637      7369676E 
 1637      65642069 
 1638              	.LASF1:
 1639 00cc 756E7369 		.ascii	"unsigned char\000"
 1639      676E6564 
 1639      20636861 
 1639      7200
 1640              	.LASF22:
 1641 00da 696E7465 		.ascii	"interruptState\000"
 1641      72727570 
 1641      74537461 
 1641      746500
 1642              	.LASF5:
 1643 00e9 6C6F6E67 		.ascii	"long unsigned int\000"
 1643      20756E73 
 1643      69676E65 
 1643      6420696E 
 1643      7400
 1644              	.LASF9:
 1645 00fb 75696E74 		.ascii	"uint8\000"
 1645      3800
 1646              	.LASF35:
 1647 0101 474E5520 		.ascii	"GNU C11 5.4.1 20160609 (release) [ARM/embedded-5-br"
 1647      43313120 
 1647      352E342E 
 1647      31203230 
 1647      31363036 
 1648 0134 616E6368 		.ascii	"anch revision 237715] -mcpu=cortex-m0 -mthumb -g -O"
 1648      20726576 
 1648      6973696F 
 1648      6E203233 
 1648      37373135 
 1649 0167 32202D66 		.ascii	"2 -ffunction-sections -ffat-lto-objects\000"
ARM GAS  C:\Users\jrdia\AppData\Local\Temp\ccjjVmhT.s 			page 39


 1649      66756E63 
 1649      74696F6E 
 1649      2D736563 
 1649      74696F6E 
 1650              	.LASF26:
 1651 018f 7072696F 		.ascii	"priority\000"
 1651      72697479 
 1651      00
 1652              	.LASF12:
 1653 0198 646F7562 		.ascii	"double\000"
 1653      6C6500
 1654              	.LASF21:
 1655 019f 6973725F 		.ascii	"isr_1_SetPriority\000"
 1655      315F5365 
 1655      74507269 
 1655      6F726974 
 1655      7900
 1656              	.LASF10:
 1657 01b1 75696E74 		.ascii	"uint32\000"
 1657      333200
 1658              	.LASF33:
 1659 01b8 4379456E 		.ascii	"CyEnterCriticalSection\000"
 1659      74657243 
 1659      72697469 
 1659      63616C53 
 1659      65637469 
 1660              	.LASF8:
 1661 01cf 756E7369 		.ascii	"unsigned int\000"
 1661      676E6564 
 1661      20696E74 
 1661      00
 1662              	.LASF27:
 1663 01dc 61646472 		.ascii	"address\000"
 1663      65737300 
 1664              	.LASF34:
 1665 01e4 43794578 		.ascii	"CyExitCriticalSection\000"
 1665      69744372 
 1665      69746963 
 1665      616C5365 
 1665      6374696F 
 1666              	.LASF15:
 1667 01fa 63796973 		.ascii	"cyisraddress\000"
 1667      72616464 
 1667      72657373 
 1667      00
 1668              	.LASF37:
 1669 0207 433A5C55 		.ascii	"C:\\Users\\jrdia\\OneDrive\\Sync\\Documents\\GitHub"
 1669      73657273 
 1669      5C6A7264 
 1669      69615C4F 
 1669      6E654472 
 1670 0234 5C50536F 		.ascii	"\\PSoC-Bluetooth-Dualshock\\Bluetooth_Dev.cydsn\000"
 1670      432D426C 
 1670      7565746F 
 1670      6F74682D 
 1670      4475616C 
 1671              	.LASF17:
ARM GAS  C:\Users\jrdia\AppData\Local\Temp\ccjjVmhT.s 			page 40


 1672 0262 73697A65 		.ascii	"sizetype\000"
 1672      74797065 
 1672      00
 1673              	.LASF6:
 1674 026b 6C6F6E67 		.ascii	"long long int\000"
 1674      206C6F6E 
 1674      6720696E 
 1674      7400
 1675              	.LASF18:
 1676 0279 6973725F 		.ascii	"isr_1_Enable\000"
 1676      315F456E 
 1676      61626C65 
 1676      00
 1677              	.LASF13:
 1678 0286 63686172 		.ascii	"char\000"
 1678      00
 1679              	.LASF2:
 1680 028b 73686F72 		.ascii	"short int\000"
 1680      7420696E 
 1680      7400
 1681              	.LASF28:
 1682 0295 6973725F 		.ascii	"isr_1_GetVector\000"
 1682      315F4765 
 1682      74566563 
 1682      746F7200 
 1683              	.LASF30:
 1684 02a5 6973725F 		.ascii	"isr_1_Interrupt\000"
 1684      315F496E 
 1684      74657272 
 1684      75707400 
 1685              	.LASF23:
 1686 02b5 7072696F 		.ascii	"priorityOffset\000"
 1686      72697479 
 1686      4F666673 
 1686      657400
 1687              	.LASF4:
 1688 02c4 6C6F6E67 		.ascii	"long int\000"
 1688      20696E74 
 1688      00
 1689              	.LASF16:
 1690 02cd 6C6F6E67 		.ascii	"long double\000"
 1690      20646F75 
 1690      626C6500 
 1691              	.LASF0:
 1692 02d9 7369676E 		.ascii	"signed char\000"
 1692      65642063 
 1692      68617200 
 1693              	.LASF25:
 1694 02e5 6973725F 		.ascii	"isr_1_StartEx\000"
 1694      315F5374 
 1694      61727445 
 1694      7800
 1695              	.LASF38:
 1696 02f3 6973725F 		.ascii	"isr_1_SetVector\000"
 1696      315F5365 
 1696      74566563 
 1696      746F7200 
ARM GAS  C:\Users\jrdia\AppData\Local\Temp\ccjjVmhT.s 			page 41


 1697              		.ident	"GCC: (GNU Tools for ARM Embedded Processors) 5.4.1 20160609 (release) [ARM/embedded-5-bran
